Configuration on demand is an incubating feature.
Type-safe project accessors is an incubating feature.
> Task :buildSrc:checkKotlinGradlePluginConfigurationErrors SKIPPED
> Task :buildSrc:generateExternalPluginSpecBuilders UP-TO-DATE
> Task :buildSrc:extractPrecompiledScriptPluginPlugins UP-TO-DATE
> Task :buildSrc:compilePluginsBlocks UP-TO-DATE
> Task :buildSrc:generatePrecompiledScriptPluginAccessors UP-TO-DATE
> Task :buildSrc:generateScriptPluginAdapters UP-TO-DATE
> Task :buildSrc:compileKotlin UP-TO-DATE
> Task :buildSrc:compileJava NO-SOURCE
> Task :buildSrc:compileGroovy NO-SOURCE
> Task :buildSrc:pluginDescriptors UP-TO-DATE
> Task :buildSrc:processResources UP-TO-DATE
> Task :buildSrc:classes UP-TO-DATE
> Task :buildSrc:jar UP-TO-DATE
> Task :core-metadata:preBuild UP-TO-DATE
> Task :presentation-core:preBuild UP-TO-DATE
> Task :data:preBuild UP-TO-DATE
> Task :presentation-widget:preBuild UP-TO-DATE
> Task :i18n:generateLocalesConfig UP-TO-DATE
> Task :domain:preBuild UP-TO-DATE
> Task :flagkit:preBuild UP-TO-DATE
> Task :source-api:preBuild UP-TO-DATE
> Task :core-metadata:preDebugBuild UP-TO-DATE
> Task :data:preDebugBuild UP-TO-DATE
> Task :flagkit:preDebugBuild UP-TO-DATE
> Task :domain:preDebugBuild UP-TO-DATE
> Task :presentation-widget:preDebugBuild UP-TO-DATE
> Task :flagkit:generateDebugResValues UP-TO-DATE
> Task :data:generateDebugResValues UP-TO-DATE
> Task :i18n-sy:generateMRcommonMain UP-TO-DATE
> Task :presentation-core:preDebugBuild UP-TO-DATE
> Task :i18n-ank:generateMRcommonMain UP-TO-DATE
> Task :domain:generateDebugResValues UP-TO-DATE
> Task :i18n-kmk:generateMRcommonMain UP-TO-DATE
> Task :i18n:generateMRcommonMain UP-TO-DATE
> Task :presentation-widget:generateDebugResValues UP-TO-DATE
> Task :core-metadata:generateDebugResValues UP-TO-DATE
> Task :presentation-core:generateDebugResValues UP-TO-DATE
> Task :flagkit:generateDebugResources UP-TO-DATE
> Task :domain:generateDebugResources UP-TO-DATE
> Task :data:generateDebugResources UP-TO-DATE
> Task :core-metadata:generateDebugResources UP-TO-DATE
> Task :presentation-core:generateDebugResources UP-TO-DATE
> Task :source-api:preDebugBuild UP-TO-DATE
> Task :i18n:generateMRandroidDebug SKIPPED
> Task :i18n-ank:generateMRandroidDebug SKIPPED
> Task :i18n-kmk:generateMRandroidDebug SKIPPED
> Task :presentation-widget:generateDebugResources UP-TO-DATE
> Task :i18n-sy:generateMRandroidDebug SKIPPED
> Task :app:preBuild UP-TO-DATE
> Task :app:preDebugBuild UP-TO-DATE
> Task :app:mergeDebugNativeDebugMetadata NO-SOURCE
> Task :app:checkKotlinGradlePluginConfigurationErrors SKIPPED
> Task :data:packageDebugResources UP-TO-DATE
> Task :i18n-sy:generateMRandroidInstrumentedTest UP-TO-DATE
> Task :presentation-core:packageDebugResources UP-TO-DATE
> Task :core-metadata:packageDebugResources UP-TO-DATE
> Task :source-api:generateDebugResValues UP-TO-DATE
> Task :flagkit:packageDebugResources UP-TO-DATE
> Task :telemetry:preBuild UP-TO-DATE
> Task :source-local:preBuild UP-TO-DATE
> Task :i18n-sy:generateMRandroidInstrumentedTestDebug SKIPPED
> Task :i18n-ank:generateMRandroidInstrumentedTest UP-TO-DATE
> Task :i18n-kmk:generateMRandroidInstrumentedTest UP-TO-DATE
> Task :domain:packageDebugResources UP-TO-DATE
> Task :source-local:preDebugBuild UP-TO-DATE
> Task :i18n-kmk:generateMRandroidInstrumentedTestDebug SKIPPED
> Task :i18n-ank:generateMRandroidInstrumentedTestDebug SKIPPED
> Task :core:archive:preBuild UP-TO-DATE
> Task :source-local:generateDebugResValues UP-TO-DATE
> Task :core:archive:preDebugBuild UP-TO-DATE
> Task :i18n:generateMRandroidInstrumentedTest UP-TO-DATE
> Task :telemetry:preDebugBuild UP-TO-DATE
> Task :source-api:generateDebugResources UP-TO-DATE
> Task :i18n-sy:generateMRandroidMain UP-TO-DATE
> Task :source-local:generateDebugResources UP-TO-DATE
> Task :core:common:preBuild UP-TO-DATE
> Task :i18n:generateMRandroidInstrumentedTestDebug SKIPPED
> Task :i18n-sy:generateMRandroidRelease SKIPPED
> Task :telemetry:generateDebugResValues UP-TO-DATE
> Task :core:archive:generateDebugResValues UP-TO-DATE
> Task :i18n-ank:generateMRandroidMain UP-TO-DATE
> Task :i18n-kmk:generateMRandroidMain UP-TO-DATE
> Task :presentation-widget:packageDebugResources UP-TO-DATE
> Task :i18n-ank:generateMRandroidRelease SKIPPED
> Task :i18n-kmk:generateMRandroidRelease SKIPPED
> Task :telemetry:generateDebugResources UP-TO-DATE
> Task :core:archive:generateDebugResources UP-TO-DATE
> Task :i18n:generateMRandroidMain UP-TO-DATE
> Task :core:common:preDebugBuild UP-TO-DATE
> Task :i18n:generateMRandroidRelease SKIPPED
> Task :i18n-ank:generateMRcommonTest UP-TO-DATE
> Task :i18n-kmk:generateMRcommonTest UP-TO-DATE
> Task :core:common:generateDebugResValues UP-TO-DATE
> Task :i18n-sy:generateMRcommonTest UP-TO-DATE
> Task :source-local:packageDebugResources UP-TO-DATE
> Task :telemetry:packageDebugResources UP-TO-DATE
> Task :core:archive:packageDebugResources UP-TO-DATE
> Task :source-api:packageDebugResources UP-TO-DATE
> Task :i18n-kmk:generateMRandroidUnitTest UP-TO-DATE
> Task :core:common:generateDebugResources UP-TO-DATE
> Task :i18n-kmk:generateMRandroidUnitTestDebug SKIPPED
> Task :i18n-kmk:generateMRandroidUnitTestRelease SKIPPED
> Task :i18n-kmk:preBuild UP-TO-DATE
> Task :i18n-kmk:preDebugBuild UP-TO-DATE
> Task :i18n-sy:generateMRandroidUnitTest UP-TO-DATE
> Task :i18n-sy:generateMRandroidUnitTestDebug SKIPPED
> Task :i18n-kmk:generateDebugResValues UP-TO-DATE
> Task :i18n:generateMRcommonTest UP-TO-DATE
> Task :i18n-ank:generateMRandroidUnitTest UP-TO-DATE
> Task :i18n-sy:generateMRandroidUnitTestRelease SKIPPED
> Task :i18n-ank:generateMRandroidUnitTestDebug SKIPPED
> Task :i18n-sy:preBuild UP-TO-DATE
> Task :i18n-ank:generateMRandroidUnitTestRelease SKIPPED
> Task :i18n-sy:preDebugBuild UP-TO-DATE
> Task :core:common:packageDebugResources UP-TO-DATE
> Task :i18n-ank:preBuild UP-TO-DATE
> Task :i18n-ank:preDebugBuild UP-TO-DATE
> Task :i18n-sy:generateDebugResValues UP-TO-DATE
> Task :i18n-ank:generateDebugResValues UP-TO-DATE
> Task :presentation-core:writeDebugAarMetadata UP-TO-DATE
> Task :i18n-kmk:generateDebugResources UP-TO-DATE
> Task :core-metadata:writeDebugAarMetadata UP-TO-DATE
> Task :i18n:generateMRandroidUnitTest UP-TO-DATE
> Task :i18n-sy:generateDebugResources UP-TO-DATE
> Task :i18n:generateMRandroidUnitTestDebug SKIPPED
> Task :i18n:generateMRandroidUnitTestRelease SKIPPED
> Task :i18n-ank:generateDebugResources UP-TO-DATE
> Task :i18n:preBuild UP-TO-DATE
> Task :i18n:preDebugBuild UP-TO-DATE
> Task :i18n:generateDebugResValues UP-TO-DATE
> Task :i18n-kmk:packageDebugResources UP-TO-DATE
> Task :domain:writeDebugAarMetadata UP-TO-DATE
> Task :i18n-sy:packageDebugResources UP-TO-DATE
> Task :i18n-ank:packageDebugResources UP-TO-DATE
> Task :i18n:generateDebugResources UP-TO-DATE
> Task :flagkit:writeDebugAarMetadata UP-TO-DATE
> Task :i18n:packageDebugResources UP-TO-DATE
> Task :data:writeDebugAarMetadata UP-TO-DATE
> Task :i18n-sy:writeDebugAarMetadata UP-TO-DATE
> Task :core-metadata:extractDeepLinksDebug UP-TO-DATE
> Task :source-api:writeDebugAarMetadata UP-TO-DATE
> Task :source-local:writeDebugAarMetadata UP-TO-DATE
> Task :data:extractDeepLinksDebug UP-TO-DATE
> Task :domain:extractDeepLinksDebug UP-TO-DATE
> Task :core-metadata:processDebugManifest UP-TO-DATE
> Task :telemetry:writeDebugAarMetadata UP-TO-DATE
> Task :i18n-kmk:writeDebugAarMetadata UP-TO-DATE
> Task :core:common:writeDebugAarMetadata UP-TO-DATE
> Task :flagkit:extractDeepLinksDebug UP-TO-DATE
> Task :i18n-kmk:extractDeepLinksDebug UP-TO-DATE
> Task :i18n-sy:extractDeepLinksDebug UP-TO-DATE
> Task :presentation-core:extractDeepLinksDebug UP-TO-DATE
> Task :data:processDebugManifest UP-TO-DATE
> Task :domain:processDebugManifest UP-TO-DATE
> Task :source-api:extractDeepLinksDebug UP-TO-DATE
> Task :source-local:extractDeepLinksDebug UP-TO-DATE
> Task :flagkit:processDebugManifest UP-TO-DATE
> Task :i18n-kmk:processDebugManifest UP-TO-DATE
> Task :i18n-sy:processDebugManifest UP-TO-DATE
> Task :presentation-core:processDebugManifest UP-TO-DATE
> Task :core:common:extractDeepLinksDebug UP-TO-DATE
> Task :telemetry:extractDeepLinksDebug UP-TO-DATE
> Task :core-metadata:compileDebugLibraryResources UP-TO-DATE
> Task :i18n:writeDebugAarMetadata UP-TO-DATE
> Task :source-api:processDebugManifest UP-TO-DATE
> Task :source-local:processDebugManifest UP-TO-DATE
> Task :core:common:processDebugManifest UP-TO-DATE
> Task :i18n:extractDeepLinksDebug UP-TO-DATE
> Task :telemetry:processDebugManifest UP-TO-DATE
> Task :data:compileDebugLibraryResources UP-TO-DATE
> Task :i18n-ank:writeDebugAarMetadata UP-TO-DATE
> Task :i18n:processDebugManifest UP-TO-DATE
> Task :i18n-ank:extractDeepLinksDebug UP-TO-DATE
> Task :source-api:parseDebugLocalResources UP-TO-DATE
> Task :core-metadata:parseDebugLocalResources UP-TO-DATE
> Task :i18n-sy:parseDebugLocalResources UP-TO-DATE
> Task :flagkit:compileDebugLibraryResources UP-TO-DATE
> Task :i18n-kmk:compileDebugLibraryResources UP-TO-DATE
> Task :presentation-widget:writeDebugAarMetadata UP-TO-DATE
> Task :i18n-ank:processDebugManifest UP-TO-DATE
> Task :presentation-widget:extractDeepLinksDebug UP-TO-DATE
> Task :data:parseDebugLocalResources UP-TO-DATE
> Task :core:archive:writeDebugAarMetadata UP-TO-DATE
> Task :presentation-core:compileDebugLibraryResources UP-TO-DATE
> Task :core:archive:extractDeepLinksDebug UP-TO-DATE
> Task :presentation-widget:processDebugManifest UP-TO-DATE
> Task :core:common:parseDebugLocalResources UP-TO-DATE
> Task :domain:parseDebugLocalResources UP-TO-DATE
> Task :source-api:compileDebugLibraryResources UP-TO-DATE
> Task :presentation-widget:compileDebugLibraryResources UP-TO-DATE
> Task :i18n-kmk:parseDebugLocalResources UP-TO-DATE
> Task :core:archive:processDebugManifest UP-TO-DATE
> Task :domain:compileDebugLibraryResources UP-TO-DATE
> Task :source-local:compileDebugLibraryResources UP-TO-DATE
> Task :i18n:parseDebugLocalResources UP-TO-DATE
> Task :telemetry:compileDebugLibraryResources UP-TO-DATE
> Task :flagkit:parseDebugLocalResources UP-TO-DATE
> Task :presentation-core:parseDebugLocalResources UP-TO-DATE
> Task :i18n-ank:parseDebugLocalResources UP-TO-DATE
> Task :core-metadata:checkKotlinGradlePluginConfigurationErrors SKIPPED
> Task :core:common:compileDebugLibraryResources UP-TO-DATE
> Task :source-api:kmpPartiallyResolvedDependenciesChecker
> Task :core:common:checkKotlinGradlePluginConfigurationErrors SKIPPED
> Task :source-api:checkKotlinGradlePluginConfigurationErrors SKIPPED
> Task :presentation-widget:parseDebugLocalResources UP-TO-DATE
> Task :source-local:parseDebugLocalResources UP-TO-DATE
> Task :data:checkKotlinGradlePluginConfigurationErrors SKIPPED
> Task :core:common:javaPreCompileDebug UP-TO-DATE
> Task :domain:checkKotlinGradlePluginConfigurationErrors SKIPPED
> Task :source-api:javaPreCompileDebug UP-TO-DATE
> Task :core-metadata:javaPreCompileDebug UP-TO-DATE
> Task :telemetry:parseDebugLocalResources UP-TO-DATE
> Task :presentation-core:checkKotlinGradlePluginConfigurationErrors SKIPPED
> Task :flagkit:checkKotlinGradlePluginConfigurationErrors SKIPPED
> Task :core:archive:parseDebugLocalResources UP-TO-DATE
> Task :domain:javaPreCompileDebug UP-TO-DATE
> Task :presentation-widget:checkKotlinGradlePluginConfigurationErrors SKIPPED
> Task :core:archive:compileDebugLibraryResources UP-TO-DATE
> Task :presentation-core:javaPreCompileDebug UP-TO-DATE
> Task :flagkit:javaPreCompileDebug UP-TO-DATE
> Task :core:archive:checkKotlinGradlePluginConfigurationErrors SKIPPED
> Task :presentation-widget:javaPreCompileDebug UP-TO-DATE
> Task :source-local:kmpPartiallyResolvedDependenciesChecker
> Task :source-local:checkKotlinGradlePluginConfigurationErrors SKIPPED
> Task :core-metadata:mergeDebugShaders UP-TO-DATE
> Task :core:archive:javaPreCompileDebug UP-TO-DATE
> Task :domain:mergeDebugShaders UP-TO-DATE
> Task :source-local:javaPreCompileDebug UP-TO-DATE
> Task :core-metadata:compileDebugShaders NO-SOURCE
> Task :domain:compileDebugShaders NO-SOURCE
> Task :core-metadata:generateDebugAssets UP-TO-DATE
> Task :flagkit:mergeDebugShaders UP-TO-DATE
> Task :domain:generateDebugAssets UP-TO-DATE
> Task :flagkit:compileDebugShaders NO-SOURCE
> Task :presentation-core:mergeDebugShaders UP-TO-DATE
> Task :core-metadata:mergeDebugAssets UP-TO-DATE
> Task :flagkit:generateDebugAssets UP-TO-DATE
> Task :domain:mergeDebugAssets UP-TO-DATE
> Task :presentation-core:compileDebugShaders NO-SOURCE
> Task :presentation-core:generateDebugAssets UP-TO-DATE
> Task :flagkit:mergeDebugAssets UP-TO-DATE
> Task :presentation-widget:mergeDebugShaders UP-TO-DATE
> Task :source-api:mergeDebugShaders UP-TO-DATE
> Task :presentation-core:mergeDebugAssets UP-TO-DATE
> Task :presentation-widget:compileDebugShaders NO-SOURCE
> Task :source-local:mergeDebugShaders UP-TO-DATE
> Task :presentation-widget:generateDebugAssets UP-TO-DATE
> Task :source-api:compileDebugShaders NO-SOURCE
> Task :source-local:compileDebugShaders NO-SOURCE
> Task :core:archive:mergeDebugShaders UP-TO-DATE
> Task :source-api:debugAssetsCopyForAGP NO-SOURCE
> Task :source-api:generateDebugAssets UP-TO-DATE
> Task :presentation-widget:mergeDebugAssets UP-TO-DATE
> Task :source-local:debugAssetsCopyForAGP NO-SOURCE
> Task :core:archive:compileDebugShaders NO-SOURCE
> Task :source-local:generateDebugAssets UP-TO-DATE
> Task :core:archive:generateDebugAssets UP-TO-DATE
> Task :source-api:mergeDebugAssets UP-TO-DATE
> Task :core:common:mergeDebugShaders UP-TO-DATE
> Task :source-local:mergeDebugAssets UP-TO-DATE
> Task :core:archive:mergeDebugAssets UP-TO-DATE
> Task :core:common:compileDebugShaders NO-SOURCE
> Task :core:common:generateDebugAssets UP-TO-DATE
> Task :core-metadata:mergeDebugJniLibFolders UP-TO-DATE
> Task :domain:mergeDebugJniLibFolders UP-TO-DATE
> Task :telemetry:generateDebugRFile UP-TO-DATE
> Task :flagkit:mergeDebugJniLibFolders UP-TO-DATE
> Task :core-metadata:mergeDebugNativeLibs NO-SOURCE
> Task :telemetry:checkKotlinGradlePluginConfigurationErrors SKIPPED
> Task :core:common:mergeDebugAssets UP-TO-DATE
> Task :domain:mergeDebugNativeLibs NO-SOURCE
> Task :flagkit:mergeDebugNativeLibs NO-SOURCE
> Task :core-metadata:copyDebugJniLibsProjectOnly UP-TO-DATE
> Task :domain:copyDebugJniLibsProjectOnly UP-TO-DATE
> Task :presentation-core:mergeDebugJniLibFolders UP-TO-DATE
> Task :flagkit:copyDebugJniLibsProjectOnly UP-TO-DATE
> Task :presentation-widget:mergeDebugJniLibFolders UP-TO-DATE
> Task :presentation-core:mergeDebugNativeLibs NO-SOURCE
> Task :source-api:mergeDebugJniLibFolders UP-TO-DATE
> Task :source-local:mergeDebugJniLibFolders UP-TO-DATE
> Task :presentation-widget:mergeDebugNativeLibs NO-SOURCE
> Task :presentation-core:copyDebugJniLibsProjectOnly UP-TO-DATE
> Task :source-api:mergeDebugNativeLibs NO-SOURCE
> Task :presentation-widget:copyDebugJniLibsProjectOnly UP-TO-DATE
> Task :source-local:mergeDebugNativeLibs NO-SOURCE
> Task :core:archive:mergeDebugJniLibFolders UP-TO-DATE
> Task :core:archive:mergeDebugNativeLibs NO-SOURCE
> Task :source-api:copyDebugJniLibsProjectOnly UP-TO-DATE
> Task :source-local:copyDebugJniLibsProjectOnly UP-TO-DATE
> Task :core:common:mergeDebugJniLibFolders UP-TO-DATE
> Task :core:archive:copyDebugJniLibsProjectOnly UP-TO-DATE
> Task :core:common:mergeDebugNativeLibs NO-SOURCE
> Task :core:common:copyDebugJniLibsProjectOnly UP-TO-DATE
> Task :i18n-sy:generateDebugRFile UP-TO-DATE
> Task :i18n-ank:generateDebugRFile UP-TO-DATE
> Task :i18n:generateDebugRFile UP-TO-DATE
> Task :i18n-kmk:generateDebugRFile UP-TO-DATE
> Task :i18n-ank:compileDebugLibraryResources UP-TO-DATE
> Task :i18n:compileDebugLibraryResources UP-TO-DATE
> Task :i18n-kmk:kmpPartiallyResolvedDependenciesChecker
> Task :i18n-kmk:checkKotlinGradlePluginConfigurationErrors SKIPPED
> Task :i18n-sy:compileDebugLibraryResources UP-TO-DATE
> Task :i18n-ank:kmpPartiallyResolvedDependenciesChecker
> Task :i18n:kmpPartiallyResolvedDependenciesChecker
> Task :i18n-ank:checkKotlinGradlePluginConfigurationErrors SKIPPED
> Task :i18n-sy:kmpPartiallyResolvedDependenciesChecker
> Task :i18n:checkKotlinGradlePluginConfigurationErrors SKIPPED
> Task :i18n-sy:checkKotlinGradlePluginConfigurationErrors SKIPPED
> Task :data:generateDebugDatabaseInterface UP-TO-DATE
> Task :data:javaPreCompileDebug UP-TO-DATE
> Task :data:mergeDebugShaders UP-TO-DATE
> Task :data:compileDebugShaders NO-SOURCE
> Task :data:generateDebugAssets UP-TO-DATE
> Task :data:mergeDebugAssets UP-TO-DATE
> Task :telemetry:compileDebugKotlin UP-TO-DATE
> Task :telemetry:javaPreCompileDebug UP-TO-DATE
> Task :i18n-sy:compileDebugKotlinAndroid UP-TO-DATE
> Task :telemetry:compileDebugJavaWithJavac NO-SOURCE
> Task :data:mergeDebugJniLibFolders UP-TO-DATE
> Task :i18n-sy:javaPreCompileDebug UP-TO-DATE
> Task :telemetry:bundleLibCompileToJarDebug UP-TO-DATE
> Task :data:mergeDebugNativeLibs NO-SOURCE
> Task :i18n:compileDebugKotlinAndroid UP-TO-DATE
> Task :i18n-sy:compileDebugJavaWithJavac NO-SOURCE
> Task :telemetry:mergeDebugShaders UP-TO-DATE
> Task :data:copyDebugJniLibsProjectOnly UP-TO-DATE
> Task :i18n-kmk:compileDebugKotlinAndroid UP-TO-DATE
> Task :telemetry:compileDebugShaders NO-SOURCE
> Task :i18n:javaPreCompileDebug UP-TO-DATE
> Task :i18n-sy:bundleLibCompileToJarDebug UP-TO-DATE
> Task :telemetry:generateDebugAssets UP-TO-DATE
> Task :i18n:compileDebugJavaWithJavac NO-SOURCE
> Task :i18n-sy:mergeDebugShaders UP-TO-DATE
> Task :i18n-sy:compileDebugShaders NO-SOURCE
> Task :telemetry:mergeDebugAssets UP-TO-DATE
> Task :i18n-sy:debugAssetsCopyForAGP NO-SOURCE
> Task :i18n-kmk:javaPreCompileDebug UP-TO-DATE
> Task :i18n-sy:generateDebugAssets UP-TO-DATE
> Task :i18n:bundleLibCompileToJarDebug UP-TO-DATE
> Task :telemetry:bundleLibRuntimeToJarDebug UP-TO-DATE
> Task :i18n-sy:mergeDebugAssets UP-TO-DATE
> Task :i18n:mergeDebugShaders UP-TO-DATE
> Task :i18n:compileDebugShaders NO-SOURCE
> Task :i18n-sy:bundleLibRuntimeToJarDebug UP-TO-DATE
> Task :i18n-kmk:compileDebugJavaWithJavac NO-SOURCE
> Task :i18n:debugAssetsCopyForAGP NO-SOURCE
> Task :i18n:generateDebugAssets UP-TO-DATE
> Task :i18n-kmk:bundleLibCompileToJarDebug UP-TO-DATE
> Task :i18n:mergeDebugAssets UP-TO-DATE
> Task :telemetry:processDebugJavaRes UP-TO-DATE
> Task :i18n-kmk:mergeDebugShaders UP-TO-DATE
> Task :i18n:bundleLibRuntimeToJarDebug UP-TO-DATE
> Task :telemetry:bundleLibRuntimeToDirDebug UP-TO-DATE
> Task :i18n-ank:compileDebugKotlinAndroid UP-TO-DATE
> Task :i18n-kmk:compileDebugShaders NO-SOURCE
> Task :i18n-sy:processDebugJavaRes UP-TO-DATE
> Task :telemetry:mergeDebugJniLibFolders UP-TO-DATE
> Task :i18n-ank:javaPreCompileDebug UP-TO-DATE
> Task :i18n-kmk:debugAssetsCopyForAGP NO-SOURCE
> Task :i18n-kmk:generateDebugAssets UP-TO-DATE
> Task :i18n-sy:bundleLibRuntimeToDirDebug UP-TO-DATE
> Task :telemetry:mergeDebugNativeLibs NO-SOURCE
> Task :i18n-ank:compileDebugJavaWithJavac NO-SOURCE
> Task :i18n:processDebugJavaRes UP-TO-DATE
> Task :telemetry:copyDebugJniLibsProjectOnly UP-TO-DATE
> Task :i18n-sy:mergeDebugJniLibFolders UP-TO-DATE
> Task :i18n-kmk:mergeDebugAssets UP-TO-DATE
> Task :i18n-ank:bundleLibCompileToJarDebug UP-TO-DATE
> Task :i18n:bundleLibRuntimeToDirDebug UP-TO-DATE
> Task :i18n-sy:mergeDebugNativeLibs NO-SOURCE
> Task :i18n-kmk:bundleLibRuntimeToJarDebug UP-TO-DATE
> Task :i18n-ank:mergeDebugShaders UP-TO-DATE
> Task :i18n-sy:copyDebugJniLibsProjectOnly UP-TO-DATE
> Task :i18n:mergeDebugJniLibFolders UP-TO-DATE
> Task :i18n-ank:compileDebugShaders NO-SOURCE
> Task :i18n-ank:debugAssetsCopyForAGP NO-SOURCE
> Task :i18n-ank:generateDebugAssets UP-TO-DATE
> Task :i18n:mergeDebugNativeLibs NO-SOURCE
> Task :i18n-ank:mergeDebugAssets UP-TO-DATE
> Task :i18n:copyDebugJniLibsProjectOnly UP-TO-DATE
> Task :i18n-kmk:processDebugJavaRes UP-TO-DATE
> Task :i18n-ank:bundleLibRuntimeToJarDebug UP-TO-DATE
> Task :i18n-kmk:bundleLibRuntimeToDirDebug UP-TO-DATE
> Task :i18n-kmk:mergeDebugJniLibFolders UP-TO-DATE
> Task :i18n-kmk:mergeDebugNativeLibs NO-SOURCE
> Task :i18n-ank:processDebugJavaRes UP-TO-DATE
> Task :i18n-kmk:copyDebugJniLibsProjectOnly UP-TO-DATE
> Task :i18n-ank:bundleLibRuntimeToDirDebug UP-TO-DATE
> Task :i18n-ank:mergeDebugJniLibFolders UP-TO-DATE
> Task :i18n-ank:mergeDebugNativeLibs NO-SOURCE
> Task :i18n-ank:copyDebugJniLibsProjectOnly UP-TO-DATE
> Task :core:common:generateDebugRFile UP-TO-DATE
> Task :flagkit:generateDebugRFile UP-TO-DATE
> Task :core:archive:generateDebugRFile UP-TO-DATE
> Task :core:common:compileDebugKotlin UP-TO-DATE
> Task :core:common:compileDebugJavaWithJavac NO-SOURCE
> Task :core:common:bundleLibCompileToJarDebug UP-TO-DATE
> Task :source-api:generateDebugRFile UP-TO-DATE
> Task :core:common:bundleLibRuntimeToJarDebug UP-TO-DATE
> Task :core:common:processDebugJavaRes UP-TO-DATE
> Task :core:common:bundleLibRuntimeToDirDebug UP-TO-DATE
> Task :core-metadata:generateDebugRFile UP-TO-DATE
> Task :core:archive:compileDebugKotlin UP-TO-DATE
> Task :flagkit:compileDebugKotlin UP-TO-DATE
> Task :source-api:compileDebugKotlinAndroid UP-TO-DATE
> Task :core:archive:compileDebugJavaWithJavac NO-SOURCE
> Task :flagkit:compileDebugJavaWithJavac NO-SOURCE
> Task :source-api:compileDebugJavaWithJavac NO-SOURCE
> Task :core:archive:bundleLibCompileToJarDebug UP-TO-DATE
> Task :flagkit:bundleLibCompileToJarDebug UP-TO-DATE
> Task :source-api:bundleLibCompileToJarDebug UP-TO-DATE
> Task :core:archive:bundleLibRuntimeToJarDebug UP-TO-DATE
> Task :flagkit:bundleLibRuntimeToJarDebug UP-TO-DATE
> Task :source-api:bundleLibRuntimeToJarDebug UP-TO-DATE
> Task :flagkit:processDebugJavaRes UP-TO-DATE
> Task :core:archive:processDebugJavaRes UP-TO-DATE
> Task :flagkit:bundleLibRuntimeToDirDebug UP-TO-DATE
> Task :source-api:processDebugJavaRes UP-TO-DATE
> Task :core:archive:bundleLibRuntimeToDirDebug UP-TO-DATE
> Task :source-api:bundleLibRuntimeToDirDebug UP-TO-DATE
> Task :domain:generateDebugRFile UP-TO-DATE
> Task :core-metadata:compileDebugKotlin UP-TO-DATE
> Task :core-metadata:compileDebugJavaWithJavac NO-SOURCE
> Task :core-metadata:bundleLibCompileToJarDebug UP-TO-DATE
> Task :core-metadata:bundleLibRuntimeToJarDebug UP-TO-DATE
> Task :core-metadata:processDebugJavaRes UP-TO-DATE
> Task :core-metadata:bundleLibRuntimeToDirDebug UP-TO-DATE
> Task :source-local:generateDebugRFile UP-TO-DATE
> Task :data:generateDebugRFile UP-TO-DATE
> Task :domain:compileDebugKotlin UP-TO-DATE
> Task :domain:compileDebugJavaWithJavac NO-SOURCE
> Task :domain:bundleLibCompileToJarDebug UP-TO-DATE
> Task :domain:bundleLibRuntimeToJarDebug UP-TO-DATE
> Task :domain:processDebugJavaRes UP-TO-DATE
> Task :domain:bundleLibRuntimeToDirDebug UP-TO-DATE
> Task :source-local:compileDebugKotlinAndroid UP-TO-DATE
> Task :data:compileDebugKotlin UP-TO-DATE
> Task :source-local:compileDebugJavaWithJavac NO-SOURCE
> Task :data:compileDebugJavaWithJavac NO-SOURCE
> Task :source-local:bundleLibCompileToJarDebug UP-TO-DATE
> Task :data:bundleLibCompileToJarDebug UP-TO-DATE
> Task :source-local:bundleLibRuntimeToJarDebug UP-TO-DATE
> Task :data:bundleLibRuntimeToJarDebug UP-TO-DATE
> Task :data:processDebugJavaRes UP-TO-DATE
> Task :source-local:processDebugJavaRes UP-TO-DATE
> Task :data:bundleLibRuntimeToDirDebug UP-TO-DATE
> Task :source-local:bundleLibRuntimeToDirDebug UP-TO-DATE
> Task :presentation-core:generateDebugRFile UP-TO-DATE
> Task :presentation-core:compileDebugKotlin UP-TO-DATE
> Task :presentation-core:compileDebugJavaWithJavac NO-SOURCE
> Task :presentation-core:bundleLibCompileToJarDebug UP-TO-DATE
> Task :presentation-core:bundleLibRuntimeToJarDebug UP-TO-DATE
> Task :presentation-core:processDebugJavaRes UP-TO-DATE
> Task :presentation-core:bundleLibRuntimeToDirDebug UP-TO-DATE
> Task :presentation-widget:generateDebugRFile UP-TO-DATE
> Task :app:dataBindingMergeDependencyArtifactsDebug UP-TO-DATE
> Task :app:generateDebugResValues UP-TO-DATE
> Task :app:generateDebugResources UP-TO-DATE
> Task :app:prepareDebugShortcutXML UP-TO-DATE
> Task :app:prepareLibraryDefinitionsDebug UP-TO-DATE
> Task :app:mergeDebugResources UP-TO-DATE
> Task :app:dataBindingGenBaseClassesDebug UP-TO-DATE
> Task :presentation-widget:compileDebugKotlin UP-TO-DATE
> Task :presentation-widget:compileDebugJavaWithJavac NO-SOURCE
> Task :presentation-widget:bundleLibCompileToJarDebug UP-TO-DATE
> Task :presentation-widget:bundleLibRuntimeToJarDebug UP-TO-DATE
> Task :presentation-widget:processDebugJavaRes UP-TO-DATE
> Task :presentation-widget:bundleLibRuntimeToDirDebug UP-TO-DATE
> Task :app:generateDebugBuildConfig
> Task :app:checkDebugAarMetadata UP-TO-DATE
> Task :app:mapDebugSourceSetPaths UP-TO-DATE
> Task :app:createDebugCompatibleScreenManifests UP-TO-DATE
> Task :app:extractDeepLinksDebug UP-TO-DATE
> Task :app:processDebugMainManifest UP-TO-DATE
> Task :app:processDebugManifest UP-TO-DATE
> Task :app:processDebugManifestForPackage UP-TO-DATE
> Task :app:processDebugResources UP-TO-DATE
> Task :app:javaPreCompileDebug UP-TO-DATE
> Task :app:generateDebugAssets UP-TO-DATE
> Task :app:mergeDebugAssets UP-TO-DATE
> Task :app:compressDebugAssets UP-TO-DATE
> Task :app:l8DexDesugarLibDebug UP-TO-DATE
> Task :app:desugarDebugFileDependencies UP-TO-DATE
> Task :app:checkDebugDuplicateClasses UP-TO-DATE
> Task :app:mergeExtDexDebug UP-TO-DATE
> Task :app:mergeLibDexDebug UP-TO-DATE
> Task :app:mergeDebugJniLibFolders UP-TO-DATE
> Task :app:mergeDebugNativeLibs UP-TO-DATE
> Task :app:stripDebugDebugSymbols UP-TO-DATE
> Task :app:validateSigningDebug UP-TO-DATE
> Task :app:writeDebugAppMetadata UP-TO-DATE
> Task :app:writeDebugSigningConfigVersions UP-TO-DATE

> Task :app:compileDebugKotlin FAILED
e: file:///C:/Users/Administrator/Desktop/Android%20Studio/Antigravity/Anikku/anikku/app/src/main/java/eu/kanade/tachiyomi/ui/player/controls/GestureHandler.kt:188:73 Return type mismatch: expected 'PlayerUpdates', actual 'Unit'.
e: file:///C:/Users/Administrator/Desktop/Android%20Studio/Antigravity/Anikku/anikku/app/src/main/java/eu/kanade/tachiyomi/ui/player/controls/GestureHandler.kt:188:87 Classifier 'data class DoubleSpeed : PlayerUpdates' does not have a companion object, so it cannot be used as an expression.
e: file:///C:/Users/Administrator/Desktop/Android%20Studio/Antigravity/Anikku/anikku/app/src/main/java/eu/kanade/tachiyomi/ui/player/controls/GestureHandler.kt:195:65 Return type mismatch: expected 'PlayerUpdates', actual 'Unit'.
e: file:///C:/Users/Administrator/Desktop/Android%20Studio/Antigravity/Anikku/anikku/app/src/main/java/eu/kanade/tachiyomi/ui/player/controls/GestureHandler.kt:195:79 Classifier 'data class DoubleSpeed : PlayerUpdates' does not have a companion object, so it cannot be used as an expression.
e: file:///C:/Users/Administrator/Desktop/Android%20Studio/Antigravity/Anikku/anikku/app/src/main/java/eu/kanade/tachiyomi/ui/player/controls/PlayerControls.kt:324:60 Unresolved reference 'dp'.


[Incubating] Problems report is available at: file:///C:/Users/Administrator/Desktop/Android%20Studio/Antigravity/Anikku/anikku/build/reports/problems/problems-report.html
FAILURE: Build failed with an exception.

* What went wrong:
Execution failed for task ':app:compileDebugKotlin'.
> A failure occurred while executing org.jetbrains.kotlin.compilerRunner.GradleCompilerRunnerWithWorkers$GradleKotlinCompilerWorkAction
   > Compilation error. See log for more details

* Try:
> Run with --stacktrace option to get the stack trace.
> Run with --info or --debug option to get more log output.
> Run with --scan to get full insights.
> Get more help at https://help.gradle.org.

Deprecated Gradle features were used in this build, making it incompatible with Gradle 9.0.

You can use '--warning-mode all' to show the individual deprecation warnings and determine if they come from your own scripts or plugins.

For more on this, please refer to https://docs.gradle.org/8.14.3/userguide/command_line_interface.html#sec:command_line_warnings in the Gradle documentation.

BUILD FAILED in 22s
352 actionable tasks: 8 executed, 344 up-to-date
