#
# There is insufficient memory for the Java Runtime Environment to continue.
# Native memory allocation (malloc) failed to allocate 1056816 bytes. Error detail: Chunk::new
# Possible reasons:
#   The system is out of physical RAM or swap space
# Possible solutions:
#   Reduce memory load on the system
#   Increase physical memory or swap space
#   Check if swap backing store is full
#   Decrease Java heap size (-Xmx/-Xms)
#   Decrease number of Java threads
#   Decrease Java thread stack sizes (-Xss)
#   Set larger code cache with -XX:ReservedCodeCacheSize=
# This output file may be truncated or incomplete.
#
#  Out of Memory Error (arena.cpp:168), pid=22764, tid=19756
#
# JRE version: OpenJDK Runtime Environment Zulu21.42+19-CA (21.0.7+6) (build 21.0.7+6-LTS)
# Java VM: OpenJDK 64-Bit Server VM Zulu21.42+19-CA (21.0.7+6-LTS, mixed mode, sharing, tiered, compressed class ptrs, g1 gc, windows-amd64)
# No core dump will be written. Minidumps are not enabled by default on client versions of Windows
#

---------------  S U M M A R Y ------------

Command Line: --add-opens=java.base/java.lang=ALL-UNNAMED --add-opens=java.base/java.lang.invoke=ALL-UNNAMED --add-opens=java.base/java.util=ALL-UNNAMED --add-opens=java.prefs/java.util.prefs=ALL-UNNAMED --add-exports=jdk.compiler/com.sun.tools.javac.api=ALL-UNNAMED --add-exports=jdk.compiler/com.sun.tools.javac.util=ALL-UNNAMED --add-opens=java.base/java.util=ALL-UNNAMED --add-opens=java.prefs/java.util.prefs=ALL-UNNAMED --add-opens=java.base/java.nio.charset=ALL-UNNAMED --add-opens=java.base/java.net=ALL-UNNAMED --add-opens=java.base/java.util.concurrent.atomic=ALL-UNNAMED --add-opens=java.xml/javax.xml.namespace=ALL-UNNAMED -XX:-UseCompressedOops -Xmx6g -Dfile.encoding=UTF-8 -Duser.country=GB -Duser.language=en -Duser.variant -javaagent:C:\Users\Administrator\.gradle\wrapper\dists\gradle-8.14.3-bin\cv11ve7ro1n3o1j4so8xd9n66\gradle-8.14.3\lib\agents\gradle-instrumentation-agent-8.14.3.jar org.gradle.launcher.daemon.bootstrap.GradleDaemon 8.14.3

Host: AMD Ryzen 5 7600X 6-Core Processor             , 12 cores, 31G,  Windows 11 , 64 bit Build 26100 (10.0.26100.5514)
Time: Wed Feb 25 20:42:57 2026 GMT Standard Time elapsed time: 25.590589 seconds (0d 0h 0m 25s)

---------------  T H R E A D  ---------------

Current thread (0x000001c60a4b93d0):  JavaThread "C2 CompilerThread0" daemon [_thread_in_native, id=19756, stack(0x000000579a100000,0x000000579a200000) (1024K)]


Current CompileTask:
C2:25590 22925       4       org.apache.commons.compress.archivers.tar.TarArchiveOutputStream::putArchiveEntry (392 bytes)

Stack: [0x000000579a100000,0x000000579a200000]
Native frames: (J=compiled Java code, j=interpreted, Vv=VM code, C=native code)
V  [jvm.dll+0x6fb989]
V  [jvm.dll+0x8defdf]
V  [jvm.dll+0x8e13d8]
V  [jvm.dll+0x8e1b43]
V  [jvm.dll+0x299c76]
V  [jvm.dll+0xd2b7d]
V  [jvm.dll+0xd30b3]
V  [jvm.dll+0x30e9ad]
V  [jvm.dll+0x620834]
V  [jvm.dll+0x266e62]
V  [jvm.dll+0x25f556]
V  [jvm.dll+0x25cf7c]
V  [jvm.dll+0x1db284]
V  [jvm.dll+0x26ccb0]
V  [jvm.dll+0x26b1e9]
V  [jvm.dll+0x4144e4]
V  [jvm.dll+0x886426]
V  [jvm.dll+0x6fa044]
C  [ucrtbase.dll+0x37b0]
C  [KERNEL32.DLL+0x2e8d7]
C  [ntdll.dll+0x9c5dc]


---------------  P R O C E S S  ---------------

Threads class SMR info:
_java_thread_list=0x000001c7f7edc570, length=94, elements={
0x000001c6599dfea0, 0x000001c60a25d3b0, 0x000001c60a25de10, 0x000001c60a264b90,
0x000001c60a267860, 0x000001c60a26a350, 0x000001c60a270560, 0x000001c60a4b93d0,
0x000001c60a4cabf0, 0x000001c60a59bdd0, 0x000001c60a776950, 0x000001c65182ab80,
0x000001c651972520, 0x000001c6518721c0, 0x000001c65197fb70, 0x000001c6519827c0,
0x000001c65176be20, 0x000001c6519b9320, 0x000001c6519b8c90, 0x000001c6519b7f70,
0x000001c6519b8600, 0x000001c651cdeac0, 0x000001c651cdf150, 0x000001c651cdfe70,
0x000001c651cdd080, 0x000001c651cddda0, 0x000001c651cde430, 0x000001c651ce0500,
0x000001c651ce0b90, 0x000001c651ce3980, 0x000001c651ce2c60, 0x000001c651ce46a0,
0x000001c651ce4010, 0x000001c65497c0a0, 0x000001c65497a660, 0x000001c65497fbb0,
0x000001c65497f520, 0x000001c6549815f0, 0x000001c654980240, 0x000001c65497e800,
0x000001c654980f60, 0x000001c65497ee90, 0x000001c6549808d0, 0x000001c65497e170,
0x000001c655c5b420, 0x000001c655c5e210, 0x000001c655c5fc50, 0x000001c655c61000,
0x000001c655c61690, 0x000001c655c5e8a0, 0x000001c655c602e0, 0x000001c655c5ef30,
0x000001c655c60970, 0x000001c656a50c80, 0x000001c656a4de90, 0x000001c656a4f240,
0x000001c656a4ebb0, 0x000001c656a4f8d0, 0x000001c656a4ff60, 0x000001c656a4d800,
0x000001c656a533e0, 0x000001c656a526c0, 0x000001c656a53a70, 0x000001c656a54790,
0x000001c656a52d50, 0x000001c656a51310, 0x000001c656a54e20, 0x000001c656a52030,
0x000001c656a519a0, 0x000001c653bf4b80, 0x000001c653bf1d90, 0x000001c653bf3e60,
0x000001c653bf3140, 0x000001c653bf58a0, 0x000001c653bf2420, 0x000001c653bf5f30,
0x000001c653bf2ab0, 0x000001c653bf65c0, 0x000001c653bf37d0, 0x000001c653bf6c50,
0x000001c653bf72e0, 0x000001c653bf8000, 0x000001c653bf8d20, 0x000001c7f7981880,
0x000001c7f7983fe0, 0x000001c7f7984d00, 0x000001c7f19f4520, 0x000001c6540ee400,
0x000001c6540ef7b0, 0x000001c6540efe40, 0x000001c6540f04d0, 0x000001c6540ed050,
0x000001c6540f0b60, 0x000001c6540f1880
}

Java Threads: ( => current thread )
  0x000001c6599dfea0 JavaThread "main"                              [_thread_blocked, id=21492, stack(0x0000005799300000,0x0000005799400000) (1024K)]
  0x000001c60a25d3b0 JavaThread "Reference Handler"          daemon [_thread_blocked, id=5360, stack(0x0000005799b00000,0x0000005799c00000) (1024K)]
  0x000001c60a25de10 JavaThread "Finalizer"                  daemon [_thread_blocked, id=12676, stack(0x0000005799c00000,0x0000005799d00000) (1024K)]
  0x000001c60a264b90 JavaThread "Signal Dispatcher"          daemon [_thread_blocked, id=9040, stack(0x0000005799d00000,0x0000005799e00000) (1024K)]
  0x000001c60a267860 JavaThread "Attach Listener"            daemon [_thread_blocked, id=11992, stack(0x0000005799e00000,0x0000005799f00000) (1024K)]
  0x000001c60a26a350 JavaThread "Service Thread"             daemon [_thread_blocked, id=24276, stack(0x0000005799f00000,0x000000579a000000) (1024K)]
  0x000001c60a270560 JavaThread "Monitor Deflation Thread"   daemon [_thread_blocked, id=22368, stack(0x000000579a000000,0x000000579a100000) (1024K)]
=>0x000001c60a4b93d0 JavaThread "C2 CompilerThread0"         daemon [_thread_in_native, id=19756, stack(0x000000579a100000,0x000000579a200000) (1024K)]
  0x000001c60a4cabf0 JavaThread "C1 CompilerThread0"         daemon [_thread_blocked, id=16228, stack(0x000000579a200000,0x000000579a300000) (1024K)]
  0x000001c60a59bdd0 JavaThread "Common-Cleaner"             daemon [_thread_blocked, id=8004, stack(0x000000579a300000,0x000000579a400000) (1024K)]
  0x000001c60a776950 JavaThread "Notification Thread"        daemon [_thread_blocked, id=25672, stack(0x000000579a500000,0x000000579a600000) (1024K)]
  0x000001c65182ab80 JavaThread "Daemon health stats"               [_thread_blocked, id=15956, stack(0x000000579b000000,0x000000579b100000) (1024K)]
  0x000001c651972520 JavaThread "Incoming local TCP Connector on port 57062"        [_thread_in_native, id=10868, stack(0x000000579b100000,0x000000579b200000) (1024K)]
  0x000001c6518721c0 JavaThread "Daemon periodic checks"            [_thread_blocked, id=13964, stack(0x000000579b200000,0x000000579b300000) (1024K)]
  0x000001c65197fb70 JavaThread "Daemon"                            [_thread_blocked, id=3796, stack(0x000000579b300000,0x000000579b400000) (1024K)]
  0x000001c6519827c0 JavaThread "Handler for socket connection from /127.0.0.1:57062 to /127.0.0.1:57063"        [_thread_in_native, id=3172, stack(0x000000579b400000,0x000000579b500000) (1024K)]
  0x000001c65176be20 JavaThread "Cancel handler"                    [_thread_blocked, id=21468, stack(0x000000579b500000,0x000000579b600000) (1024K)]
  0x000001c6519b9320 JavaThread "Daemon worker"                     [_thread_blocked, id=16656, stack(0x000000579b600000,0x000000579b700000) (1024K)]
  0x000001c6519b8c90 JavaThread "Asynchronous log dispatcher for DefaultDaemonConnection: socket connection from /127.0.0.1:57062 to /127.0.0.1:57063"        [_thread_blocked, id=23640, stack(0x000000579b700000,0x000000579b800000) (1024K)]
  0x000001c6519b7f70 JavaThread "Stdin handler"                     [_thread_blocked, id=22564, stack(0x000000579b800000,0x000000579b900000) (1024K)]
  0x000001c6519b8600 JavaThread "Daemon client event forwarder"        [_thread_blocked, id=5380, stack(0x000000579b900000,0x000000579ba00000) (1024K)]
  0x000001c651cdeac0 JavaThread "Cache worker for journal cache (C:\Users\Administrator\.gradle\caches\journal-1)"        [_thread_blocked, id=24004, stack(0x000000579ba00000,0x000000579bb00000) (1024K)]
  0x000001c651cdf150 JavaThread "File lock request listener"        [_thread_in_native, id=22388, stack(0x000000579bb00000,0x000000579bc00000) (1024K)]
  0x000001c651cdfe70 JavaThread "Cache worker for file hash cache (C:\Users\Administrator\.gradle\caches\8.14.3\fileHashes)"        [_thread_blocked, id=19144, stack(0x000000579bc00000,0x000000579bd00000) (1024K)]
  0x000001c651cdd080 JavaThread "Cache worker for file hash cache (C:\Users\Administrator\Desktop\Android Studio\Antigravity\Anikku\anikku\.gradle\8.14.3\fileHashes)"        [_thread_blocked, id=20476, stack(0x000000579bf00000,0x000000579c000000) (1024K)]
  0x000001c651cddda0 JavaThread "Cache worker for Build Output Cleanup Cache (C:\Users\Administrator\Desktop\Android Studio\Antigravity\Anikku\anikku\.gradle\buildOutputCleanup)"        [_thread_blocked, id=11504, stack(0x000000579c000000,0x000000579c100000) (1024K)]
  0x000001c651cde430 JavaThread "Cache worker for Build Output Cleanup Cache (C:\Users\Administrator\Desktop\Android Studio\Antigravity\Anikku\anikku\buildSrc\.gradle\buildOutputCleanup)"        [_thread_blocked, id=26464, stack(0x000000579c100000,0x000000579c200000) (1024K)]
  0x000001c651ce0500 JavaThread "File watcher server"        daemon [_thread_in_native, id=9904, stack(0x000000579c200000,0x000000579c300000) (1024K)]
  0x000001c651ce0b90 JavaThread "File watcher consumer"      daemon [_thread_blocked, id=15424, stack(0x000000579c300000,0x000000579c400000) (1024K)]
  0x000001c651ce3980 JavaThread "Cache worker for checksums cache (C:\Users\Administrator\Desktop\Android Studio\Antigravity\Anikku\anikku\.gradle\8.14.3\checksums)"        [_thread_blocked, id=15332, stack(0x000000579c400000,0x000000579c500000) (1024K)]
  0x000001c651ce2c60 JavaThread "Cache worker for file content cache (C:\Users\Administrator\.gradle\caches\8.14.3\fileContent)"        [_thread_blocked, id=20000, stack(0x000000579c500000,0x000000579c600000) (1024K)]
  0x000001c651ce46a0 JavaThread "Cache worker for cache directory md-supplier (C:\Users\Administrator\.gradle\caches\8.14.3\md-supplier)"        [_thread_blocked, id=25176, stack(0x000000579c600000,0x000000579c700000) (1024K)]
  0x000001c651ce4010 JavaThread "Cache worker for cache directory md-rule (C:\Users\Administrator\.gradle\caches\8.14.3\md-rule)"        [_thread_blocked, id=8016, stack(0x000000579c700000,0x000000579c800000) (1024K)]
  0x000001c65497c0a0 JavaThread "Problems report writer"            [_thread_blocked, id=5324, stack(0x000000579c800000,0x000000579c900000) (1024K)]
  0x000001c65497a660 JavaThread "Memory manager"                    [_thread_blocked, id=23272, stack(0x000000579c900000,0x000000579ca00000) (1024K)]
  0x000001c65497fbb0 JavaThread "Unconstrained build operations"        [_thread_blocked, id=26532, stack(0x000000579ca00000,0x000000579cb00000) (1024K)]
  0x000001c65497f520 JavaThread "Unconstrained build operations Thread 2"        [_thread_blocked, id=19800, stack(0x000000579cb00000,0x000000579cc00000) (1024K)]
  0x000001c6549815f0 JavaThread "Unconstrained build operations Thread 3"        [_thread_blocked, id=21840, stack(0x000000579cc00000,0x000000579cd00000) (1024K)]
  0x000001c654980240 JavaThread "Unconstrained build operations Thread 4"        [_thread_blocked, id=13876, stack(0x000000579cd00000,0x000000579ce00000) (1024K)]
  0x000001c65497e800 JavaThread "Unconstrained build operations Thread 5"        [_thread_blocked, id=16268, stack(0x000000579ce00000,0x000000579cf00000) (1024K)]
  0x000001c654980f60 JavaThread "Unconstrained build operations Thread 6"        [_thread_blocked, id=26556, stack(0x000000579cf00000,0x000000579d000000) (1024K)]
  0x000001c65497ee90 JavaThread "Unconstrained build operations Thread 7"        [_thread_blocked, id=21552, stack(0x000000579d000000,0x000000579d100000) (1024K)]
  0x000001c6549808d0 JavaThread "Unconstrained build operations Thread 8"        [_thread_blocked, id=7496, stack(0x000000579d100000,0x000000579d200000) (1024K)]
  0x000001c65497e170 JavaThread "Unconstrained build operations Thread 9"        [_thread_blocked, id=5308, stack(0x000000579d200000,0x000000579d300000) (1024K)]
  0x000001c655c5b420 JavaThread "build event listener"              [_thread_blocked, id=14356, stack(0x000000579d300000,0x000000579d400000) (1024K)]
  0x000001c655c5e210 JavaThread "included builds"                   [_thread_blocked, id=2204, stack(0x000000579d400000,0x000000579d500000) (1024K)]
  0x000001c655c5fc50 JavaThread "Execution worker"                  [_thread_in_native, id=2804, stack(0x000000579d500000,0x000000579d600000) (1024K)]
  0x000001c655c61000 JavaThread "Execution worker Thread 2"         [_thread_blocked, id=13448, stack(0x000000579d600000,0x000000579d700000) (1024K)]
  0x000001c655c61690 JavaThread "Execution worker Thread 3"         [_thread_blocked, id=25156, stack(0x000000579d700000,0x000000579d800000) (1024K)]
  0x000001c655c5e8a0 JavaThread "Cache worker for execution history cache (C:\Users\Administrator\Desktop\Android Studio\Antigravity\Anikku\anikku\buildSrc\.gradle\8.14.3\executionHistory)"        [_thread_blocked, id=18408, stack(0x000000579d800000,0x000000579d900000) (1024K)]
  0x000001c655c602e0 JavaThread "Unconstrained build operations Thread 10"        [_thread_blocked, id=13640, stack(0x000000579d900000,0x000000579da00000) (1024K)]
  0x000001c655c5ef30 JavaThread "Unconstrained build operations Thread 11"        [_thread_blocked, id=9468, stack(0x000000579da00000,0x000000579db00000) (1024K)]
  0x000001c655c60970 JavaThread "Unconstrained build operations Thread 12"        [_thread_blocked, id=8180, stack(0x000000579db00000,0x000000579dc00000) (1024K)]
  0x000001c656a50c80 JavaThread "Unconstrained build operations Thread 13"        [_thread_blocked, id=23160, stack(0x000000579dc00000,0x000000579dd00000) (1024K)]
  0x000001c656a4de90 JavaThread "Unconstrained build operations Thread 14"        [_thread_blocked, id=13712, stack(0x000000579dd00000,0x000000579de00000) (1024K)]
  0x000001c656a4f240 JavaThread "Unconstrained build operations Thread 15"        [_thread_blocked, id=12972, stack(0x000000579de00000,0x000000579df00000) (1024K)]
  0x000001c656a4ebb0 JavaThread "Unconstrained build operations Thread 16"        [_thread_blocked, id=15512, stack(0x000000579df00000,0x000000579e000000) (1024K)]
  0x000001c656a4f8d0 JavaThread "Unconstrained build operations Thread 17"        [_thread_blocked, id=10400, stack(0x000000579e000000,0x000000579e100000) (1024K)]
  0x000001c656a4ff60 JavaThread "Unconstrained build operations Thread 18"        [_thread_blocked, id=22260, stack(0x000000579e100000,0x000000579e200000) (1024K)]
  0x000001c656a4d800 JavaThread "Unconstrained build operations Thread 19"        [_thread_blocked, id=8908, stack(0x000000579e200000,0x000000579e300000) (1024K)]
  0x000001c656a533e0 JavaThread "Unconstrained build operations Thread 20"        [_thread_blocked, id=6920, stack(0x000000579e300000,0x000000579e400000) (1024K)]
  0x000001c656a526c0 JavaThread "Unconstrained build operations Thread 21"        [_thread_blocked, id=22532, stack(0x000000579e400000,0x000000579e500000) (1024K)]
  0x000001c656a53a70 JavaThread "Unconstrained build operations Thread 22"        [_thread_blocked, id=17068, stack(0x000000579e500000,0x000000579e600000) (1024K)]
  0x000001c656a54790 JavaThread "Unconstrained build operations Thread 23"        [_thread_blocked, id=14408, stack(0x000000579e600000,0x000000579e700000) (1024K)]
  0x000001c656a52d50 JavaThread "Unconstrained build operations Thread 24"        [_thread_blocked, id=25048, stack(0x000000579e700000,0x000000579e800000) (1024K)]
  0x000001c656a51310 JavaThread "Unconstrained build operations Thread 25"        [_thread_blocked, id=3192, stack(0x000000579e800000,0x000000579e900000) (1024K)]
  0x000001c656a54e20 JavaThread "Unconstrained build operations Thread 26"        [_thread_blocked, id=26252, stack(0x000000579e900000,0x000000579ea00000) (1024K)]
  0x000001c656a52030 JavaThread "Unconstrained build operations Thread 27"        [_thread_blocked, id=15908, stack(0x000000579ea00000,0x000000579eb00000) (1024K)]
  0x000001c656a519a0 JavaThread "Unconstrained build operations Thread 28"        [_thread_blocked, id=25036, stack(0x000000579eb00000,0x000000579ec00000) (1024K)]
  0x000001c653bf4b80 JavaThread "Unconstrained build operations Thread 29"        [_thread_blocked, id=26428, stack(0x000000579ec00000,0x000000579ed00000) (1024K)]
  0x000001c653bf1d90 JavaThread "Unconstrained build operations Thread 30"        [_thread_blocked, id=4536, stack(0x000000579ed00000,0x000000579ee00000) (1024K)]
  0x000001c653bf3e60 JavaThread "Unconstrained build operations Thread 31"        [_thread_blocked, id=13420, stack(0x000000579ee00000,0x000000579ef00000) (1024K)]
  0x000001c653bf3140 JavaThread "Unconstrained build operations Thread 32"        [_thread_blocked, id=20468, stack(0x000000579ef00000,0x000000579f000000) (1024K)]
  0x000001c653bf58a0 JavaThread "Unconstrained build operations Thread 33"        [_thread_blocked, id=24008, stack(0x000000579f000000,0x000000579f100000) (1024K)]
  0x000001c653bf2420 JavaThread "Unconstrained build operations Thread 34"        [_thread_blocked, id=7460, stack(0x000000579f100000,0x000000579f200000) (1024K)]
  0x000001c653bf5f30 JavaThread "Unconstrained build operations Thread 35"        [_thread_blocked, id=15172, stack(0x000000579f200000,0x000000579f300000) (1024K)]
  0x000001c653bf2ab0 JavaThread "Unconstrained build operations Thread 36"        [_thread_blocked, id=26272, stack(0x000000579f300000,0x000000579f400000) (1024K)]
  0x000001c653bf65c0 JavaThread "Unconstrained build operations Thread 37"        [_thread_blocked, id=22432, stack(0x000000579f400000,0x000000579f500000) (1024K)]
  0x000001c653bf37d0 JavaThread "Unconstrained build operations Thread 38"        [_thread_blocked, id=23792, stack(0x000000579f500000,0x000000579f600000) (1024K)]
  0x000001c653bf6c50 JavaThread "Unconstrained build operations Thread 39"        [_thread_blocked, id=17072, stack(0x000000579f600000,0x000000579f700000) (1024K)]
  0x000001c653bf72e0 JavaThread "Unconstrained build operations Thread 40"        [_thread_blocked, id=24496, stack(0x000000579f700000,0x000000579f800000) (1024K)]
  0x000001c653bf8000 JavaThread "build event listener"              [_thread_blocked, id=25228, stack(0x000000579f800000,0x000000579f900000) (1024K)]
  0x000001c653bf8d20 JavaThread "build event listener"              [_thread_blocked, id=23580, stack(0x000000579af00000,0x000000579b000000) (1024K)]
  0x000001c7f7981880 JavaThread "Exec process"                      [_thread_blocked, id=18028, stack(0x000000579f900000,0x000000579fa00000) (1024K)]
  0x000001c7f7983fe0 JavaThread "Exec process Thread 2"             [_thread_blocked, id=8352, stack(0x000000579fa00000,0x000000579fb00000) (1024K)]
  0x000001c7f7984d00 JavaThread "Exec process Thread 3"             [_thread_blocked, id=11192, stack(0x000000579fb00000,0x000000579fc00000) (1024K)]
  0x000001c7f19f4520 JavaThread "Cache worker for execution history cache (C:\Users\Administrator\Desktop\Android Studio\Antigravity\Anikku\anikku\.gradle\8.14.3\executionHistory)"        [_thread_blocked, id=26128, stack(0x000000579fd00000,0x000000579fe00000) (1024K)]
  0x000001c6540ee400 JavaThread "WorkerExecutor Queue"              [_thread_blocked, id=19488, stack(0x000000579fc00000,0x000000579fd00000) (1024K)]
  0x000001c6540ef7b0 JavaThread "RMI Scheduler(0)"           daemon [_thread_blocked, id=9176, stack(0x000000579ff00000,0x00000057a0000000) (1024K)]
  0x000001c6540efe40 JavaThread "RMI GC Daemon"              daemon [_thread_blocked, id=24892, stack(0x00000057a0100000,0x00000057a0200000) (1024K)]
  0x000001c6540f04d0 JavaThread "RMI RenewClean-[127.0.0.1:17838,org.jetbrains.kotlin.daemon.common.LoopbackNetworkInterface$ClientLoopbackSocketFactory@3c8bb049]" daemon [_thread_blocked, id=9744, stack(0x00000057a0300000,0x00000057a0400000) (1024K)]
  0x000001c6540ed050 JavaThread "RMI TCP Accept-0"           daemon [_thread_in_native, id=9044, stack(0x00000057a0400000,0x00000057a0500000) (1024K)]
  0x000001c6540f0b60 JavaThread "RMI Reaper"                        [_thread_blocked, id=14464, stack(0x00000057a0500000,0x00000057a0600000) (1024K)]
  0x000001c6540f1880 JavaThread "RMI TCP Connection(1)-127.0.0.1" daemon [_thread_in_native, id=21024, stack(0x00000057a0600000,0x00000057a0700000) (1024K)]
Total: 94

Other Threads:
  0x000001c60a23e090 VMThread "VM Thread"                           [id=4348, stack(0x0000005799a00000,0x0000005799b00000) (1024K)]
  0x000001c60a22dab0 WatcherThread "VM Periodic Task Thread"        [id=25732, stack(0x0000005799900000,0x0000005799a00000) (1024K)]
  0x000001c659a65440 WorkerThread "GC Thread#0"                     [id=26156, stack(0x0000005799400000,0x0000005799500000) (1024K)]
  0x000001c60a8839a0 WorkerThread "GC Thread#1"                     [id=25224, stack(0x000000579a600000,0x000000579a700000) (1024K)]
  0x000001c60a883d50 WorkerThread "GC Thread#2"                     [id=26152, stack(0x000000579a700000,0x000000579a800000) (1024K)]
  0x000001c60a7c3f90 WorkerThread "GC Thread#3"                     [id=15700, stack(0x000000579a800000,0x000000579a900000) (1024K)]
  0x000001c60a7c4340 WorkerThread "GC Thread#4"                     [id=9732, stack(0x000000579a900000,0x000000579aa00000) (1024K)]
  0x000001c60a87f390 WorkerThread "GC Thread#5"                     [id=16224, stack(0x000000579aa00000,0x000000579ab00000) (1024K)]
  0x000001c60a7c46f0 WorkerThread "GC Thread#6"                     [id=5080, stack(0x000000579ab00000,0x000000579ac00000) (1024K)]
  0x000001c60a7c4aa0 WorkerThread "GC Thread#7"                     [id=24840, stack(0x000000579ac00000,0x000000579ad00000) (1024K)]
  0x000001c60a7c4e50 WorkerThread "GC Thread#8"                     [id=3812, stack(0x000000579ad00000,0x000000579ae00000) (1024K)]
  0x000001c6500234d0 WorkerThread "GC Thread#9"                     [id=2616, stack(0x000000579ae00000,0x000000579af00000) (1024K)]
  0x000001c659a741d0 ConcurrentGCThread "G1 Main Marker"            [id=10164, stack(0x0000005799500000,0x0000005799600000) (1024K)]
  0x000001c659a75390 WorkerThread "G1 Conc#0"                       [id=19924, stack(0x0000005799600000,0x0000005799700000) (1024K)]
  0x000001c652b13410 WorkerThread "G1 Conc#1"                       [id=7892, stack(0x000000579bd00000,0x000000579be00000) (1024K)]
  0x000001c652b15540 WorkerThread "G1 Conc#2"                       [id=22912, stack(0x000000579be00000,0x000000579bf00000) (1024K)]
  0x000001c60a0feb80 ConcurrentGCThread "G1 Refine#0"               [id=23384, stack(0x0000005799700000,0x0000005799800000) (1024K)]
  0x000001c60a101620 ConcurrentGCThread "G1 Service"                [id=22216, stack(0x0000005799800000,0x0000005799900000) (1024K)]
Total: 18

Threads with active compile tasks:
C2 CompilerThread0  25607 22925       4       org.apache.commons.compress.archivers.tar.TarArchiveOutputStream::putArchiveEntry (392 bytes)
Total: 1

VM state: not at safepoint (normal execution)

VM Mutex/Monitor currently owned by a thread: None

CDS archive(s) mapped at: [0x000001c60b000000-0x000001c60bcd0000-0x000001c60bcd0000), size 13434880, SharedBaseAddress: 0x000001c60b000000, ArchiveRelocationMode: 1.
Compressed class space mapped at: 0x000001c60c000000-0x000001c64c000000, reserved size: 1073741824
Narrow klass base: 0x000001c60b000000, Narrow klass shift: 0, Narrow klass range: 0x100000000

GC Precious Log:
 CardTable entry size: 512
 Card Set container configuration: InlinePtr #cards 4 size 8 Array Of Cards #cards 32 size 80 Howl #buckets 8 coarsen threshold 7372 Howl Bitmap #cards 1024 size 144 coarsen threshold 921 Card regions per heap region 1 cards per card region 8192
 CPUs: 12 total, 12 available
 Memory: 31913M
 Large Page Support: Disabled
 NUMA Support: Disabled
 Compressed Oops: Disabled
 Heap Region Size: 4M
 Heap Min Capacity: 8M
 Heap Initial Capacity: 500M
 Heap Max Capacity: 6G
 Pre-touch: Disabled
 Parallel Workers: 10
 Concurrent Workers: 3
 Concurrent Refinement Workers: 10
 Periodic GC: Disabled

Heap:
 garbage-first heap   total 684032K, used 583550K [0x000001c671800000, 0x000001c7f1800000)
  region size 4096K, 54 young (221184K), 6 survivors (24576K)
 Metaspace       used 139537K, committed 142336K, reserved 1179648K
  class space    used 18965K, committed 20416K, reserved 1048576K

Heap Regions: E=young(eden), S=young(survivor), O=old, HS=humongous(starts), HC=humongous(continues), CS=collection set, F=free, TAMS=top-at-mark-start, PB=parsable bottom
|   0|0x000001c671800000, 0x000001c671c00000, 0x000001c671c00000|100%|HS|  |TAMS 0x000001c671800000| PB 0x000001c671800000| Complete 
|   1|0x000001c671c00000, 0x000001c672000000, 0x000001c672000000|100%| O|  |TAMS 0x000001c671c00000| PB 0x000001c671c00000| Untracked 
|   2|0x000001c672000000, 0x000001c672400000, 0x000001c672400000|100%| O|  |TAMS 0x000001c672000000| PB 0x000001c672000000| Untracked 
|   3|0x000001c672400000, 0x000001c672800000, 0x000001c672800000|100%| O|  |TAMS 0x000001c672400000| PB 0x000001c672400000| Untracked 
|   4|0x000001c672800000, 0x000001c672c00000, 0x000001c672c00000|100%| O|  |TAMS 0x000001c672800000| PB 0x000001c672800000| Untracked 
|   5|0x000001c672c00000, 0x000001c673000000, 0x000001c673000000|100%| O|  |TAMS 0x000001c672c00000| PB 0x000001c672c00000| Untracked 
|   6|0x000001c673000000, 0x000001c673400000, 0x000001c673400000|100%| O|  |TAMS 0x000001c673000000| PB 0x000001c673000000| Untracked 
|   7|0x000001c673400000, 0x000001c673800000, 0x000001c673800000|100%| O|  |TAMS 0x000001c673400000| PB 0x000001c673400000| Untracked 
|   8|0x000001c673800000, 0x000001c673c00000, 0x000001c673c00000|100%| O|  |TAMS 0x000001c673800000| PB 0x000001c673800000| Untracked 
|   9|0x000001c673c00000, 0x000001c674000000, 0x000001c674000000|100%| O|  |TAMS 0x000001c673c00000| PB 0x000001c673c00000| Untracked 
|  10|0x000001c674000000, 0x000001c674400000, 0x000001c674400000|100%| O|  |TAMS 0x000001c674000000| PB 0x000001c674000000| Untracked 
|  11|0x000001c674400000, 0x000001c674800000, 0x000001c674800000|100%|HS|  |TAMS 0x000001c674400000| PB 0x000001c674400000| Complete 
|  12|0x000001c674800000, 0x000001c674c00000, 0x000001c674c00000|100%| O|  |TAMS 0x000001c674800000| PB 0x000001c674800000| Untracked 
|  13|0x000001c674c00000, 0x000001c675000000, 0x000001c675000000|100%|HS|  |TAMS 0x000001c674c00000| PB 0x000001c674c00000| Complete 
|  14|0x000001c675000000, 0x000001c675400000, 0x000001c675400000|100%| O|  |TAMS 0x000001c675000000| PB 0x000001c675000000| Untracked 
|  15|0x000001c675400000, 0x000001c675800000, 0x000001c675800000|100%| O|  |TAMS 0x000001c675400000| PB 0x000001c675400000| Untracked 
|  16|0x000001c675800000, 0x000001c675c00000, 0x000001c675c00000|100%| O|  |TAMS 0x000001c675800000| PB 0x000001c675800000| Untracked 
|  17|0x000001c675c00000, 0x000001c676000000, 0x000001c676000000|100%| O|  |TAMS 0x000001c675c00000| PB 0x000001c675c00000| Untracked 
|  18|0x000001c676000000, 0x000001c676000000, 0x000001c676400000|  0%| F|  |TAMS 0x000001c676000000| PB 0x000001c676000000| Untracked 
|  19|0x000001c676400000, 0x000001c676800000, 0x000001c676800000|100%| O|  |TAMS 0x000001c676400000| PB 0x000001c676400000| Untracked 
|  20|0x000001c676800000, 0x000001c676c00000, 0x000001c676c00000|100%| O|  |TAMS 0x000001c676800000| PB 0x000001c676800000| Untracked 
|  21|0x000001c676c00000, 0x000001c677000000, 0x000001c677000000|100%| O|  |TAMS 0x000001c676c00000| PB 0x000001c676c00000| Untracked 
|  22|0x000001c677000000, 0x000001c677400000, 0x000001c677400000|100%| O|  |TAMS 0x000001c677000000| PB 0x000001c677000000| Untracked 
|  23|0x000001c677400000, 0x000001c677800000, 0x000001c677800000|100%| O|  |TAMS 0x000001c677400000| PB 0x000001c677400000| Untracked 
|  24|0x000001c677800000, 0x000001c677c00000, 0x000001c677c00000|100%| O|  |TAMS 0x000001c677800000| PB 0x000001c677800000| Untracked 
|  25|0x000001c677c00000, 0x000001c678000000, 0x000001c678000000|100%| O|  |TAMS 0x000001c677c00000| PB 0x000001c677c00000| Untracked 
|  26|0x000001c678000000, 0x000001c678400000, 0x000001c678400000|100%| O|  |TAMS 0x000001c678000000| PB 0x000001c678000000| Untracked 
|  27|0x000001c678400000, 0x000001c678800000, 0x000001c678800000|100%| O|  |TAMS 0x000001c678400000| PB 0x000001c678400000| Untracked 
|  28|0x000001c678800000, 0x000001c678c00000, 0x000001c678c00000|100%| O|  |TAMS 0x000001c678800000| PB 0x000001c678800000| Untracked 
|  29|0x000001c678c00000, 0x000001c679000000, 0x000001c679000000|100%| O|  |TAMS 0x000001c678c00000| PB 0x000001c678c00000| Untracked 
|  30|0x000001c679000000, 0x000001c679400000, 0x000001c679400000|100%| O|  |TAMS 0x000001c679000000| PB 0x000001c679000000| Untracked 
|  31|0x000001c679400000, 0x000001c679800000, 0x000001c679800000|100%| O|  |TAMS 0x000001c679400000| PB 0x000001c679400000| Untracked 
|  32|0x000001c679800000, 0x000001c679800000, 0x000001c679c00000|  0%| F|  |TAMS 0x000001c679800000| PB 0x000001c679800000| Untracked 
|  33|0x000001c679c00000, 0x000001c67a000000, 0x000001c67a000000|100%| O|  |TAMS 0x000001c679c00000| PB 0x000001c679c00000| Untracked 
|  34|0x000001c67a000000, 0x000001c67a400000, 0x000001c67a400000|100%| O|  |TAMS 0x000001c67a000000| PB 0x000001c67a000000| Untracked 
|  35|0x000001c67a400000, 0x000001c67a800000, 0x000001c67a800000|100%| O|  |TAMS 0x000001c67a400000| PB 0x000001c67a400000| Untracked 
|  36|0x000001c67a800000, 0x000001c67ac00000, 0x000001c67ac00000|100%| O|  |TAMS 0x000001c67a800000| PB 0x000001c67a800000| Untracked 
|  37|0x000001c67ac00000, 0x000001c67b000000, 0x000001c67b000000|100%| O|  |TAMS 0x000001c67ac00000| PB 0x000001c67ac00000| Untracked 
|  38|0x000001c67b000000, 0x000001c67b400000, 0x000001c67b400000|100%| O|  |TAMS 0x000001c67b000000| PB 0x000001c67b000000| Untracked 
|  39|0x000001c67b400000, 0x000001c67b800000, 0x000001c67b800000|100%| O|  |TAMS 0x000001c67b400000| PB 0x000001c67b400000| Untracked 
|  40|0x000001c67b800000, 0x000001c67bc00000, 0x000001c67bc00000|100%| O|  |TAMS 0x000001c67b800000| PB 0x000001c67b800000| Untracked 
|  41|0x000001c67bc00000, 0x000001c67c000000, 0x000001c67c000000|100%| O|  |TAMS 0x000001c67bc00000| PB 0x000001c67bc00000| Untracked 
|  42|0x000001c67c000000, 0x000001c67c400000, 0x000001c67c400000|100%| O|  |TAMS 0x000001c67c000000| PB 0x000001c67c000000| Untracked 
|  43|0x000001c67c400000, 0x000001c67c800000, 0x000001c67c800000|100%| O|  |TAMS 0x000001c67c400000| PB 0x000001c67c400000| Untracked 
|  44|0x000001c67c800000, 0x000001c67cc00000, 0x000001c67cc00000|100%| O|  |TAMS 0x000001c67c800000| PB 0x000001c67c800000| Untracked 
|  45|0x000001c67cc00000, 0x000001c67d000000, 0x000001c67d000000|100%| O|  |TAMS 0x000001c67cc00000| PB 0x000001c67cc00000| Untracked 
|  46|0x000001c67d000000, 0x000001c67d400000, 0x000001c67d400000|100%| O|  |TAMS 0x000001c67d000000| PB 0x000001c67d000000| Untracked 
|  47|0x000001c67d400000, 0x000001c67d800000, 0x000001c67d800000|100%| O|  |TAMS 0x000001c67d400000| PB 0x000001c67d400000| Untracked 
|  48|0x000001c67d800000, 0x000001c67dc00000, 0x000001c67dc00000|100%| O|  |TAMS 0x000001c67d800000| PB 0x000001c67d800000| Untracked 
|  49|0x000001c67dc00000, 0x000001c67e000000, 0x000001c67e000000|100%| O|  |TAMS 0x000001c67dc00000| PB 0x000001c67dc00000| Untracked 
|  50|0x000001c67e000000, 0x000001c67e400000, 0x000001c67e400000|100%| O|  |TAMS 0x000001c67e000000| PB 0x000001c67e000000| Untracked 
|  51|0x000001c67e400000, 0x000001c67e800000, 0x000001c67e800000|100%| O|  |TAMS 0x000001c67e400000| PB 0x000001c67e400000| Untracked 
|  52|0x000001c67e800000, 0x000001c67ec00000, 0x000001c67ec00000|100%| O|  |TAMS 0x000001c67e800000| PB 0x000001c67e800000| Untracked 
|  53|0x000001c67ec00000, 0x000001c67f000000, 0x000001c67f000000|100%| O|  |TAMS 0x000001c67ec00000| PB 0x000001c67ec00000| Untracked 
|  54|0x000001c67f000000, 0x000001c67f400000, 0x000001c67f400000|100%| O|  |TAMS 0x000001c67f000000| PB 0x000001c67f000000| Untracked 
|  55|0x000001c67f400000, 0x000001c67f800000, 0x000001c67f800000|100%| O|  |TAMS 0x000001c67f400000| PB 0x000001c67f400000| Untracked 
|  56|0x000001c67f800000, 0x000001c67f800000, 0x000001c67fc00000|  0%| F|  |TAMS 0x000001c67f800000| PB 0x000001c67f800000| Untracked 
|  57|0x000001c67fc00000, 0x000001c680000000, 0x000001c680000000|100%| O|  |TAMS 0x000001c67fc00000| PB 0x000001c67fc00000| Untracked 
|  58|0x000001c680000000, 0x000001c680400000, 0x000001c680400000|100%| O|  |TAMS 0x000001c680000000| PB 0x000001c680000000| Untracked 
|  59|0x000001c680400000, 0x000001c680800000, 0x000001c680800000|100%| O|  |TAMS 0x000001c680400000| PB 0x000001c680400000| Untracked 
|  60|0x000001c680800000, 0x000001c680c00000, 0x000001c680c00000|100%| O|  |TAMS 0x000001c680800000| PB 0x000001c680800000| Untracked 
|  61|0x000001c680c00000, 0x000001c681000000, 0x000001c681000000|100%| O|  |TAMS 0x000001c680c00000| PB 0x000001c680c00000| Untracked 
|  62|0x000001c681000000, 0x000001c681400000, 0x000001c681400000|100%| O|  |TAMS 0x000001c681000000| PB 0x000001c681000000| Untracked 
|  63|0x000001c681400000, 0x000001c681800000, 0x000001c681800000|100%| O|  |TAMS 0x000001c681400000| PB 0x000001c681400000| Untracked 
|  64|0x000001c681800000, 0x000001c681c00000, 0x000001c681c00000|100%| O|  |TAMS 0x000001c681800000| PB 0x000001c681800000| Untracked 
|  65|0x000001c681c00000, 0x000001c682000000, 0x000001c682000000|100%| O|  |TAMS 0x000001c681c00000| PB 0x000001c681c00000| Untracked 
|  66|0x000001c682000000, 0x000001c682400000, 0x000001c682400000|100%| O|  |TAMS 0x000001c682000000| PB 0x000001c682000000| Untracked 
|  67|0x000001c682400000, 0x000001c682800000, 0x000001c682800000|100%| O|  |TAMS 0x000001c682400000| PB 0x000001c682400000| Untracked 
|  68|0x000001c682800000, 0x000001c682c00000, 0x000001c682c00000|100%| O|  |TAMS 0x000001c682800000| PB 0x000001c682800000| Untracked 
|  69|0x000001c682c00000, 0x000001c683000000, 0x000001c683000000|100%| O|  |TAMS 0x000001c682c00000| PB 0x000001c682c00000| Untracked 
|  70|0x000001c683000000, 0x000001c683400000, 0x000001c683400000|100%| O|  |TAMS 0x000001c683000000| PB 0x000001c683000000| Untracked 
|  71|0x000001c683400000, 0x000001c683800000, 0x000001c683800000|100%| O|  |TAMS 0x000001c683400000| PB 0x000001c683400000| Untracked 
|  72|0x000001c683800000, 0x000001c683c00000, 0x000001c683c00000|100%| O|  |TAMS 0x000001c683800000| PB 0x000001c683800000| Untracked 
|  73|0x000001c683c00000, 0x000001c684000000, 0x000001c684000000|100%| O|  |TAMS 0x000001c683c00000| PB 0x000001c683c00000| Untracked 
|  74|0x000001c684000000, 0x000001c684400000, 0x000001c684400000|100%| O|  |TAMS 0x000001c684000000| PB 0x000001c684000000| Untracked 
|  75|0x000001c684400000, 0x000001c684800000, 0x000001c684800000|100%| O|  |TAMS 0x000001c684400000| PB 0x000001c684400000| Untracked 
|  76|0x000001c684800000, 0x000001c684c00000, 0x000001c684c00000|100%| O|  |TAMS 0x000001c684800000| PB 0x000001c684800000| Untracked 
|  77|0x000001c684c00000, 0x000001c684c00000, 0x000001c685000000|  0%| F|  |TAMS 0x000001c684c00000| PB 0x000001c684c00000| Untracked 
|  78|0x000001c685000000, 0x000001c685400000, 0x000001c685400000|100%| O|  |TAMS 0x000001c685000000| PB 0x000001c685000000| Untracked 
|  79|0x000001c685400000, 0x000001c685800000, 0x000001c685800000|100%| O|  |TAMS 0x000001c685400000| PB 0x000001c685400000| Untracked 
|  80|0x000001c685800000, 0x000001c685c00000, 0x000001c685c00000|100%| O|  |TAMS 0x000001c685800000| PB 0x000001c685800000| Untracked 
|  81|0x000001c685c00000, 0x000001c686000000, 0x000001c686000000|100%| O|  |TAMS 0x000001c685c00000| PB 0x000001c685c00000| Untracked 
|  82|0x000001c686000000, 0x000001c686400000, 0x000001c686400000|100%| O|  |TAMS 0x000001c686000000| PB 0x000001c686000000| Untracked 
|  83|0x000001c686400000, 0x000001c686800000, 0x000001c686800000|100%| O|  |TAMS 0x000001c686400000| PB 0x000001c686400000| Untracked 
|  84|0x000001c686800000, 0x000001c686c00000, 0x000001c686c00000|100%| O|  |TAMS 0x000001c686800000| PB 0x000001c686800000| Untracked 
|  85|0x000001c686c00000, 0x000001c687000000, 0x000001c687000000|100%| O|  |TAMS 0x000001c686c00000| PB 0x000001c686c00000| Untracked 
|  86|0x000001c687000000, 0x000001c687400000, 0x000001c687400000|100%| O|  |TAMS 0x000001c687000000| PB 0x000001c687000000| Untracked 
|  87|0x000001c687400000, 0x000001c687800000, 0x000001c687800000|100%| O|  |TAMS 0x000001c687400000| PB 0x000001c687400000| Untracked 
|  88|0x000001c687800000, 0x000001c687c00000, 0x000001c687c00000|100%| O|  |TAMS 0x000001c687800000| PB 0x000001c687800000| Untracked 
|  89|0x000001c687c00000, 0x000001c688000000, 0x000001c688000000|100%| O|  |TAMS 0x000001c687c00000| PB 0x000001c687c00000| Untracked 
|  90|0x000001c688000000, 0x000001c688400000, 0x000001c688400000|100%| O|  |TAMS 0x000001c688000000| PB 0x000001c688000000| Untracked 
|  91|0x000001c688400000, 0x000001c688800000, 0x000001c688800000|100%| O|  |TAMS 0x000001c688400000| PB 0x000001c688400000| Untracked 
|  92|0x000001c688800000, 0x000001c688a69888, 0x000001c688c00000| 60%| O|  |TAMS 0x000001c688800000| PB 0x000001c688800000| Untracked 
|  93|0x000001c688c00000, 0x000001c688c00000, 0x000001c689000000|  0%| F|  |TAMS 0x000001c688c00000| PB 0x000001c688c00000| Untracked 
|  94|0x000001c689000000, 0x000001c689000000, 0x000001c689400000|  0%| F|  |TAMS 0x000001c689000000| PB 0x000001c689000000| Untracked 
|  95|0x000001c689400000, 0x000001c689400000, 0x000001c689800000|  0%| F|  |TAMS 0x000001c689400000| PB 0x000001c689400000| Untracked 
|  96|0x000001c689800000, 0x000001c689800000, 0x000001c689c00000|  0%| F|  |TAMS 0x000001c689800000| PB 0x000001c689800000| Untracked 
|  97|0x000001c689c00000, 0x000001c689f76080, 0x000001c68a000000| 86%| S|CS|TAMS 0x000001c689c00000| PB 0x000001c689c00000| Complete 
|  98|0x000001c68a000000, 0x000001c68a400000, 0x000001c68a400000|100%| S|CS|TAMS 0x000001c68a000000| PB 0x000001c68a000000| Complete 
|  99|0x000001c68a400000, 0x000001c68a800000, 0x000001c68a800000|100%| S|CS|TAMS 0x000001c68a400000| PB 0x000001c68a400000| Complete 
| 100|0x000001c68a800000, 0x000001c68ac00000, 0x000001c68ac00000|100%| S|CS|TAMS 0x000001c68a800000| PB 0x000001c68a800000| Complete 
| 101|0x000001c68ac00000, 0x000001c68b000000, 0x000001c68b000000|100%| S|CS|TAMS 0x000001c68ac00000| PB 0x000001c68ac00000| Complete 
| 102|0x000001c68b000000, 0x000001c68b000000, 0x000001c68b400000|  0%| F|  |TAMS 0x000001c68b000000| PB 0x000001c68b000000| Untracked 
| 103|0x000001c68b400000, 0x000001c68b400000, 0x000001c68b800000|  0%| F|  |TAMS 0x000001c68b400000| PB 0x000001c68b400000| Untracked 
| 104|0x000001c68b800000, 0x000001c68b800000, 0x000001c68bc00000|  0%| F|  |TAMS 0x000001c68b800000| PB 0x000001c68b800000| Untracked 
| 105|0x000001c68bc00000, 0x000001c68bc00000, 0x000001c68c000000|  0%| F|  |TAMS 0x000001c68bc00000| PB 0x000001c68bc00000| Untracked 
| 106|0x000001c68c000000, 0x000001c68c000000, 0x000001c68c400000|  0%| F|  |TAMS 0x000001c68c000000| PB 0x000001c68c000000| Untracked 
| 107|0x000001c68c400000, 0x000001c68c400000, 0x000001c68c800000|  0%| F|  |TAMS 0x000001c68c400000| PB 0x000001c68c400000| Untracked 
| 108|0x000001c68c800000, 0x000001c68c800000, 0x000001c68cc00000|  0%| F|  |TAMS 0x000001c68c800000| PB 0x000001c68c800000| Untracked 
| 109|0x000001c68cc00000, 0x000001c68d000000, 0x000001c68d000000|100%| S|CS|TAMS 0x000001c68cc00000| PB 0x000001c68cc00000| Complete 
| 110|0x000001c68d000000, 0x000001c68d000000, 0x000001c68d400000|  0%| F|  |TAMS 0x000001c68d000000| PB 0x000001c68d000000| Untracked 
| 111|0x000001c68d400000, 0x000001c68d400000, 0x000001c68d800000|  0%| F|  |TAMS 0x000001c68d400000| PB 0x000001c68d400000| Untracked 
| 112|0x000001c68d800000, 0x000001c68d800000, 0x000001c68dc00000|  0%| F|  |TAMS 0x000001c68d800000| PB 0x000001c68d800000| Untracked 
| 113|0x000001c68dc00000, 0x000001c68dc00000, 0x000001c68e000000|  0%| F|  |TAMS 0x000001c68dc00000| PB 0x000001c68dc00000| Untracked 
| 114|0x000001c68e000000, 0x000001c68e000000, 0x000001c68e400000|  0%| F|  |TAMS 0x000001c68e000000| PB 0x000001c68e000000| Untracked 
| 115|0x000001c68e400000, 0x000001c68e400000, 0x000001c68e800000|  0%| F|  |TAMS 0x000001c68e400000| PB 0x000001c68e400000| Untracked 
| 116|0x000001c68e800000, 0x000001c68e800000, 0x000001c68ec00000|  0%| F|  |TAMS 0x000001c68e800000| PB 0x000001c68e800000| Untracked 
| 117|0x000001c68ec00000, 0x000001c68ecdf258, 0x000001c68f000000| 21%| E|  |TAMS 0x000001c68ec00000| PB 0x000001c68ec00000| Complete 
| 118|0x000001c68f000000, 0x000001c68f400000, 0x000001c68f400000|100%| E|CS|TAMS 0x000001c68f000000| PB 0x000001c68f000000| Complete 
| 119|0x000001c68f400000, 0x000001c68f800000, 0x000001c68f800000|100%| E|CS|TAMS 0x000001c68f400000| PB 0x000001c68f400000| Complete 
| 120|0x000001c68f800000, 0x000001c68fc00000, 0x000001c68fc00000|100%| E|CS|TAMS 0x000001c68f800000| PB 0x000001c68f800000| Complete 
| 121|0x000001c68fc00000, 0x000001c690000000, 0x000001c690000000|100%| E|CS|TAMS 0x000001c68fc00000| PB 0x000001c68fc00000| Complete 
| 122|0x000001c690000000, 0x000001c690400000, 0x000001c690400000|100%| E|CS|TAMS 0x000001c690000000| PB 0x000001c690000000| Complete 
| 123|0x000001c690400000, 0x000001c690800000, 0x000001c690800000|100%| E|CS|TAMS 0x000001c690400000| PB 0x000001c690400000| Complete 
| 124|0x000001c690800000, 0x000001c690c00000, 0x000001c690c00000|100%| E|CS|TAMS 0x000001c690800000| PB 0x000001c690800000| Complete 
| 125|0x000001c690c00000, 0x000001c691000000, 0x000001c691000000|100%| E|CS|TAMS 0x000001c690c00000| PB 0x000001c690c00000| Complete 
| 126|0x000001c691000000, 0x000001c691400000, 0x000001c691400000|100%| E|CS|TAMS 0x000001c691000000| PB 0x000001c691000000| Complete 
| 127|0x000001c691400000, 0x000001c691800000, 0x000001c691800000|100%| E|CS|TAMS 0x000001c691400000| PB 0x000001c691400000| Complete 
| 128|0x000001c691800000, 0x000001c691c00000, 0x000001c691c00000|100%| E|CS|TAMS 0x000001c691800000| PB 0x000001c691800000| Complete 
| 129|0x000001c691c00000, 0x000001c692000000, 0x000001c692000000|100%| E|CS|TAMS 0x000001c691c00000| PB 0x000001c691c00000| Complete 
| 130|0x000001c692000000, 0x000001c692400000, 0x000001c692400000|100%| E|CS|TAMS 0x000001c692000000| PB 0x000001c692000000| Complete 
| 131|0x000001c692400000, 0x000001c692800000, 0x000001c692800000|100%| E|CS|TAMS 0x000001c692400000| PB 0x000001c692400000| Complete 
| 132|0x000001c692800000, 0x000001c692c00000, 0x000001c692c00000|100%| E|CS|TAMS 0x000001c692800000| PB 0x000001c692800000| Complete 
| 133|0x000001c692c00000, 0x000001c693000000, 0x000001c693000000|100%| E|CS|TAMS 0x000001c692c00000| PB 0x000001c692c00000| Complete 
| 134|0x000001c693000000, 0x000001c693400000, 0x000001c693400000|100%| E|CS|TAMS 0x000001c693000000| PB 0x000001c693000000| Complete 
| 135|0x000001c693400000, 0x000001c693800000, 0x000001c693800000|100%| E|CS|TAMS 0x000001c693400000| PB 0x000001c693400000| Complete 
| 136|0x000001c693800000, 0x000001c693c00000, 0x000001c693c00000|100%| E|CS|TAMS 0x000001c693800000| PB 0x000001c693800000| Complete 
| 137|0x000001c693c00000, 0x000001c694000000, 0x000001c694000000|100%| E|CS|TAMS 0x000001c693c00000| PB 0x000001c693c00000| Complete 
| 138|0x000001c694000000, 0x000001c694400000, 0x000001c694400000|100%| E|CS|TAMS 0x000001c694000000| PB 0x000001c694000000| Complete 
| 139|0x000001c694400000, 0x000001c694800000, 0x000001c694800000|100%| E|CS|TAMS 0x000001c694400000| PB 0x000001c694400000| Complete 
| 140|0x000001c694800000, 0x000001c694c00000, 0x000001c694c00000|100%| E|  |TAMS 0x000001c694800000| PB 0x000001c694800000| Complete 
| 141|0x000001c694c00000, 0x000001c695000000, 0x000001c695000000|100%| E|CS|TAMS 0x000001c694c00000| PB 0x000001c694c00000| Complete 
| 142|0x000001c695000000, 0x000001c695400000, 0x000001c695400000|100%| E|CS|TAMS 0x000001c695000000| PB 0x000001c695000000| Complete 
| 143|0x000001c695400000, 0x000001c695800000, 0x000001c695800000|100%| E|CS|TAMS 0x000001c695400000| PB 0x000001c695400000| Complete 
| 144|0x000001c695800000, 0x000001c695c00000, 0x000001c695c00000|100%| E|CS|TAMS 0x000001c695800000| PB 0x000001c695800000| Complete 
| 145|0x000001c695c00000, 0x000001c696000000, 0x000001c696000000|100%| E|CS|TAMS 0x000001c695c00000| PB 0x000001c695c00000| Complete 
| 146|0x000001c696000000, 0x000001c696400000, 0x000001c696400000|100%| E|CS|TAMS 0x000001c696000000| PB 0x000001c696000000| Complete 
| 147|0x000001c696400000, 0x000001c696800000, 0x000001c696800000|100%| E|CS|TAMS 0x000001c696400000| PB 0x000001c696400000| Complete 
| 148|0x000001c696800000, 0x000001c696c00000, 0x000001c696c00000|100%| E|CS|TAMS 0x000001c696800000| PB 0x000001c696800000| Complete 
| 149|0x000001c696c00000, 0x000001c697000000, 0x000001c697000000|100%| E|CS|TAMS 0x000001c696c00000| PB 0x000001c696c00000| Complete 
| 150|0x000001c697000000, 0x000001c697400000, 0x000001c697400000|100%| E|CS|TAMS 0x000001c697000000| PB 0x000001c697000000| Complete 
| 151|0x000001c697400000, 0x000001c697800000, 0x000001c697800000|100%| E|CS|TAMS 0x000001c697400000| PB 0x000001c697400000| Complete 
| 152|0x000001c697800000, 0x000001c697c00000, 0x000001c697c00000|100%| E|CS|TAMS 0x000001c697800000| PB 0x000001c697800000| Complete 
| 153|0x000001c697c00000, 0x000001c698000000, 0x000001c698000000|100%| E|CS|TAMS 0x000001c697c00000| PB 0x000001c697c00000| Complete 
| 154|0x000001c698000000, 0x000001c698400000, 0x000001c698400000|100%| E|CS|TAMS 0x000001c698000000| PB 0x000001c698000000| Complete 
| 155|0x000001c698400000, 0x000001c698800000, 0x000001c698800000|100%| E|CS|TAMS 0x000001c698400000| PB 0x000001c698400000| Complete 
| 156|0x000001c698800000, 0x000001c698c00000, 0x000001c698c00000|100%| E|CS|TAMS 0x000001c698800000| PB 0x000001c698800000| Complete 
| 157|0x000001c698c00000, 0x000001c699000000, 0x000001c699000000|100%| E|CS|TAMS 0x000001c698c00000| PB 0x000001c698c00000| Complete 
| 158|0x000001c699000000, 0x000001c699400000, 0x000001c699400000|100%| E|CS|TAMS 0x000001c699000000| PB 0x000001c699000000| Complete 
| 159|0x000001c699400000, 0x000001c699800000, 0x000001c699800000|100%| E|CS|TAMS 0x000001c699400000| PB 0x000001c699400000| Complete 
| 160|0x000001c699800000, 0x000001c699c00000, 0x000001c699c00000|100%| E|CS|TAMS 0x000001c699800000| PB 0x000001c699800000| Complete 
| 161|0x000001c699c00000, 0x000001c69a000000, 0x000001c69a000000|100%| E|CS|TAMS 0x000001c699c00000| PB 0x000001c699c00000| Complete 
| 162|0x000001c69a000000, 0x000001c69a400000, 0x000001c69a400000|100%| E|CS|TAMS 0x000001c69a000000| PB 0x000001c69a000000| Complete 
| 163|0x000001c69a400000, 0x000001c69a800000, 0x000001c69a800000|100%| E|CS|TAMS 0x000001c69a400000| PB 0x000001c69a400000| Complete 
| 164|0x000001c69a800000, 0x000001c69ac00000, 0x000001c69ac00000|100%| E|CS|TAMS 0x000001c69a800000| PB 0x000001c69a800000| Complete 
|1534|0x000001c7f1000000, 0x000001c7f1400000, 0x000001c7f1400000|100%| O|  |TAMS 0x000001c7f1000000| PB 0x000001c7f1000000| Untracked 
|1535|0x000001c7f1400000, 0x000001c7f1800000, 0x000001c7f1800000|100%| O|  |TAMS 0x000001c7f1400000| PB 0x000001c7f1400000| Untracked 

Card table byte_map: [0x000001c600c00000,0x000001c601800000] _byte_map_base: 0x000001c51d874000

Marking Bits: (CMBitMap*) 0x000001c659a65a60
 Bits: [0x000001c601800000, 0x000001c607800000)

Polling page: 0x000001c6575c0000

Metaspace:

Usage:
  Non-class:    117.75 MB used.
      Class:     18.52 MB used.
       Both:    136.27 MB used.

Virtual space:
  Non-class space:      128.00 MB reserved,     119.06 MB ( 93%) committed,  2 nodes.
      Class space:        1.00 GB reserved,      19.94 MB (  2%) committed,  1 nodes.
             Both:        1.12 GB reserved,     139.00 MB ( 12%) committed. 

Chunk freelists:
   Non-Class:  8.00 MB
       Class:  12.06 MB
        Both:  20.06 MB

MaxMetaspaceSize: unlimited
CompressedClassSpaceSize: 1.00 GB
Initial GC threshold: 21.00 MB
Current GC threshold: 225.31 MB
CDS: on
 - commit_granule_bytes: 65536.
 - commit_granule_words: 8192.
 - virtual_space_node_default_size: 8388608.
 - enlarge_chunks_in_place: 1.
 - use_allocation_guard: 0.


Internal statistics:

num_allocs_failed_limit: 12.
num_arena_births: 4986.
num_arena_deaths: 2.
num_vsnodes_births: 3.
num_vsnodes_deaths: 0.
num_space_committed: 2223.
num_space_uncommitted: 0.
num_chunks_returned_to_freelist: 15.
num_chunks_taken_from_freelist: 11641.
num_chunk_merges: 12.
num_chunk_splits: 7562.
num_chunks_enlarged: 4757.
num_inconsistent_stats: 0.

CodeHeap 'non-profiled nmethods': size=120000Kb used=15752Kb max_used=15752Kb free=104247Kb
 bounds [0x000001c669cc0000, 0x000001c66ac30000, 0x000001c6711f0000]
CodeHeap 'profiled nmethods': size=120000Kb used=34677Kb max_used=35007Kb free=85322Kb
 bounds [0x000001c6621f0000, 0x000001c664430000, 0x000001c669720000]
CodeHeap 'non-nmethods': size=5760Kb used=3329Kb max_used=3396Kb free=2430Kb
 bounds [0x000001c669720000, 0x000001c669a90000, 0x000001c669cc0000]
 total_blobs=19688 nmethods=18603 adapters=988
 compilation: enabled
              stopped_count=0, restarted_count=0
 full_count=0

Compilation events (20 events):
Event: 24.463 Thread 0x000001c60a4b93d0 nmethod 22916 0x000001c66ac1ea10 code [0x000001c66ac1ebc0, 0x000001c66ac1ef90]
Event: 24.520 Thread 0x000001c60a4b93d0 22917       4       java.util.Collections$UnmodifiableMap::size (10 bytes)
Event: 24.521 Thread 0x000001c60a4b93d0 nmethod 22917 0x000001c66ac1f190 code [0x000001c66ac1f320, 0x000001c66ac1f3e8]
Event: 24.522 Thread 0x000001c60a4b93d0 22918       4       java.math.BigDecimal::valueOf (57 bytes)
Event: 24.523 Thread 0x000001c60a4b93d0 nmethod 22918 0x000001c66ac1f490 code [0x000001c66ac1f620, 0x000001c66ac1f7b8]
Event: 24.523 Thread 0x000001c60a4b93d0 22919       4       java.math.BigDecimal::valueOf (46 bytes)
Event: 24.523 Thread 0x000001c60a4b93d0 nmethod 22919 0x000001c66ac1f890 code [0x000001c66ac1fa20, 0x000001c66ac1fba8]
Event: 24.523 Thread 0x000001c60a4b93d0 22920       4       org.apache.commons.compress.archivers.tar.TarArchiveOutputStream::writeRecord (74 bytes)
Event: 24.524 Thread 0x000001c60a4b93d0 nmethod 22920 0x000001c66ac1fc90 code [0x000001c66ac1fe20, 0x000001c66ac1ff30]
Event: 24.524 Thread 0x000001c60a4b93d0 22921       4       java.math.BigDecimal::checkScale (78 bytes)
Event: 24.524 Thread 0x000001c60a4b93d0 nmethod 22921 0x000001c66ac20090 code [0x000001c66ac20220, 0x000001c66ac202e0]
Event: 24.524 Thread 0x000001c60a4b93d0 22922       4       org.apache.commons.compress.archivers.tar.TarArchiveOutputStream::closeArchiveEntry (162 bytes)
Event: 24.531 Thread 0x000001c60a4b93d0 nmethod 22922 0x000001c66ac20390 code [0x000001c66ac205e0, 0x000001c66ac21230]
Event: 24.539 Thread 0x000001c60a4b93d0 22923       4       org.apache.commons.compress.archivers.tar.TarArchiveOutputStream::write (115 bytes)
Event: 24.540 Thread 0x000001c60a4b93d0 nmethod 22923 0x000001c66ac21b10 code [0x000001c66ac21ca0, 0x000001c66ac21df8]
Event: 24.550 Thread 0x000001c60a4b93d0 22924       4       org.apache.commons.compress.archivers.tar.TarArchiveEntry::setSize (40 bytes)
Event: 24.550 Thread 0x000001c60a4b93d0 nmethod 22924 0x000001c66ac21f10 code [0x000001c66ac220a0, 0x000001c66ac22160]
Event: 24.550 Thread 0x000001c60a4b93d0 22925       4       org.apache.commons.compress.archivers.tar.TarArchiveOutputStream::putArchiveEntry (392 bytes)
Event: 24.858 Thread 0x000001c60a4cabf0 22927       3       javax.management.ObjectName::getInstance (9 bytes)
Event: 24.858 Thread 0x000001c60a4cabf0 nmethod 22927 0x000001c663efd610 code [0x000001c663efd7c0, 0x000001c663efda10]

GC Heap History (20 events):
Event: 13.786 GC heap before
{Heap before GC invocations=53 (full 0):
 garbage-first heap   total 528384K, used 452762K [0x000001c671800000, 0x000001c7f1800000)
  region size 4096K, 45 young (184320K), 4 survivors (16384K)
 Metaspace       used 132938K, committed 135744K, reserved 1179648K
  class space    used 18315K, committed 19712K, reserved 1048576K
}
Event: 13.795 GC heap after
{Heap after GC invocations=54 (full 0):
 garbage-first heap   total 528384K, used 314955K [0x000001c671800000, 0x000001c7f1800000)
  region size 4096K, 6 young (24576K), 6 survivors (24576K)
 Metaspace       used 132938K, committed 135744K, reserved 1179648K
  class space    used 18315K, committed 19712K, reserved 1048576K
}
Event: 14.027 GC heap before
{Heap before GC invocations=54 (full 0):
 garbage-first heap   total 528384K, used 462411K [0x000001c671800000, 0x000001c7f1800000)
  region size 4096K, 42 young (172032K), 6 survivors (24576K)
 Metaspace       used 133267K, committed 136064K, reserved 1179648K
  class space    used 18330K, committed 19712K, reserved 1048576K
}
Event: 14.033 GC heap after
{Heap after GC invocations=55 (full 0):
 garbage-first heap   total 528384K, used 331756K [0x000001c671800000, 0x000001c7f1800000)
  region size 4096K, 5 young (20480K), 5 survivors (20480K)
 Metaspace       used 133267K, committed 136064K, reserved 1179648K
  class space    used 18330K, committed 19712K, reserved 1048576K
}
Event: 14.191 GC heap before
{Heap before GC invocations=55 (full 0):
 garbage-first heap   total 528384K, used 466924K [0x000001c671800000, 0x000001c7f1800000)
  region size 4096K, 39 young (159744K), 5 survivors (20480K)
 Metaspace       used 133331K, committed 136128K, reserved 1179648K
  class space    used 18331K, committed 19712K, reserved 1048576K
}
Event: 14.196 GC heap after
{Heap after GC invocations=56 (full 0):
 garbage-first heap   total 528384K, used 338595K [0x000001c671800000, 0x000001c7f1800000)
  region size 4096K, 3 young (12288K), 3 survivors (12288K)
 Metaspace       used 133331K, committed 136128K, reserved 1179648K
  class space    used 18331K, committed 19712K, reserved 1048576K
}
Event: 14.411 GC heap before
{Heap before GC invocations=57 (full 0):
 garbage-first heap   total 569344K, used 473763K [0x000001c671800000, 0x000001c7f1800000)
  region size 4096K, 37 young (151552K), 3 survivors (12288K)
 Metaspace       used 133351K, committed 136128K, reserved 1179648K
  class space    used 18331K, committed 19712K, reserved 1048576K
}
Event: 14.414 GC heap after
{Heap after GC invocations=58 (full 0):
 garbage-first heap   total 569344K, used 341773K [0x000001c671800000, 0x000001c7f1800000)
  region size 4096K, 4 young (16384K), 4 survivors (16384K)
 Metaspace       used 133351K, committed 136128K, reserved 1179648K
  class space    used 18331K, committed 19712K, reserved 1048576K
}
Event: 14.579 GC heap before
{Heap before GC invocations=58 (full 0):
 garbage-first heap   total 569344K, used 513805K [0x000001c671800000, 0x000001c7f1800000)
  region size 4096K, 47 young (192512K), 4 survivors (16384K)
 Metaspace       used 133632K, committed 136448K, reserved 1179648K
  class space    used 18363K, committed 19776K, reserved 1048576K
}
Event: 14.586 GC heap after
{Heap after GC invocations=59 (full 0):
 garbage-first heap   total 684032K, used 344359K [0x000001c671800000, 0x000001c7f1800000)
  region size 4096K, 5 young (20480K), 5 survivors (20480K)
 Metaspace       used 133632K, committed 136448K, reserved 1179648K
  class space    used 18363K, committed 19776K, reserved 1048576K
}
Event: 14.973 GC heap before
{Heap before GC invocations=59 (full 0):
 garbage-first heap   total 684032K, used 614695K [0x000001c671800000, 0x000001c7f1800000)
  region size 4096K, 72 young (294912K), 5 survivors (20480K)
 Metaspace       used 135411K, committed 138176K, reserved 1179648K
  class space    used 18471K, committed 19904K, reserved 1048576K
}
Event: 14.980 GC heap after
{Heap after GC invocations=60 (full 0):
 garbage-first heap   total 684032K, used 358701K [0x000001c671800000, 0x000001c7f1800000)
  region size 4096K, 9 young (36864K), 9 survivors (36864K)
 Metaspace       used 135411K, committed 138176K, reserved 1179648K
  class space    used 18471K, committed 19904K, reserved 1048576K
}
Event: 15.272 GC heap before
{Heap before GC invocations=60 (full 0):
 garbage-first heap   total 684032K, used 600365K [0x000001c671800000, 0x000001c7f1800000)
  region size 4096K, 69 young (282624K), 9 survivors (36864K)
 Metaspace       used 135505K, committed 138304K, reserved 1179648K
  class space    used 18479K, committed 19904K, reserved 1048576K
}
Event: 15.279 GC heap after
{Heap after GC invocations=61 (full 0):
 garbage-first heap   total 684032K, used 372430K [0x000001c671800000, 0x000001c7f1800000)
  region size 4096K, 5 young (20480K), 5 survivors (20480K)
 Metaspace       used 135505K, committed 138304K, reserved 1179648K
  class space    used 18479K, committed 19904K, reserved 1048576K
}
Event: 15.665 GC heap before
{Heap before GC invocations=61 (full 0):
 garbage-first heap   total 684032K, used 618190K [0x000001c671800000, 0x000001c7f1800000)
  region size 4096K, 66 young (270336K), 5 survivors (20480K)
 Metaspace       used 135518K, committed 138304K, reserved 1179648K
  class space    used 18479K, committed 19904K, reserved 1048576K
}
Event: 15.672 GC heap after
{Heap after GC invocations=62 (full 0):
 garbage-first heap   total 684032K, used 382758K [0x000001c671800000, 0x000001c7f1800000)
  region size 4096K, 8 young (32768K), 8 survivors (32768K)
 Metaspace       used 135518K, committed 138304K, reserved 1179648K
  class space    used 18479K, committed 19904K, reserved 1048576K
}
Event: 16.966 GC heap before
{Heap before GC invocations=63 (full 0):
 garbage-first heap   total 684032K, used 608038K [0x000001c671800000, 0x000001c7f1800000)
  region size 4096K, 64 young (262144K), 8 survivors (32768K)
 Metaspace       used 139210K, committed 142080K, reserved 1179648K
  class space    used 18938K, committed 20416K, reserved 1048576K
}
Event: 16.973 GC heap after
{Heap after GC invocations=64 (full 0):
 garbage-first heap   total 684032K, used 392328K [0x000001c671800000, 0x000001c7f1800000)
  region size 4096K, 7 young (28672K), 7 survivors (28672K)
 Metaspace       used 139210K, committed 142080K, reserved 1179648K
  class space    used 18938K, committed 20416K, reserved 1048576K
}
Event: 17.260 GC heap before
{Heap before GC invocations=64 (full 0):
 garbage-first heap   total 684032K, used 613512K [0x000001c671800000, 0x000001c7f1800000)
  region size 4096K, 62 young (253952K), 7 survivors (28672K)
 Metaspace       used 139219K, committed 142080K, reserved 1179648K
  class space    used 18940K, committed 20416K, reserved 1048576K
}
Event: 17.268 GC heap after
{Heap after GC invocations=65 (full 0):
 garbage-first heap   total 684032K, used 395134K [0x000001c671800000, 0x000001c7f1800000)
  region size 4096K, 6 young (24576K), 6 survivors (24576K)
 Metaspace       used 139219K, committed 142080K, reserved 1179648K
  class space    used 18940K, committed 20416K, reserved 1048576K
}

Dll operation events (16 events):
Event: 0.005 Loaded shared library C:\Program Files\Zulu\zulu-21\bin\java.dll
Event: 0.024 Loaded shared library C:\Program Files\Zulu\zulu-21\bin\jsvml.dll
Event: 0.042 Loaded shared library C:\Program Files\Zulu\zulu-21\bin\zip.dll
Event: 0.043 Loaded shared library C:\Program Files\Zulu\zulu-21\bin\instrument.dll
Event: 0.045 Loaded shared library C:\Program Files\Zulu\zulu-21\bin\net.dll
Event: 0.046 Loaded shared library C:\Program Files\Zulu\zulu-21\bin\nio.dll
Event: 0.048 Loaded shared library C:\Program Files\Zulu\zulu-21\bin\zip.dll
Event: 0.205 Loaded shared library C:\Program Files\Zulu\zulu-21\bin\jimage.dll
Event: 0.280 Loaded shared library C:\Program Files\Zulu\zulu-21\bin\verify.dll
Event: 0.318 Loaded shared library C:\Users\Administrator\.gradle\native\1def1411415f61bf3af743bc5b6707747c0891f09f0c88961ee8f79bc544acac\windows-amd64\native-platform.dll
Event: 0.323 Loaded shared library C:\Users\Administrator\.gradle\native\0.2.7\x86_64-windows-gnu\gradle-fileevents.dll
Event: 0.844 Loaded shared library C:\Program Files\Zulu\zulu-21\bin\management.dll
Event: 0.845 Loaded shared library C:\Program Files\Zulu\zulu-21\bin\management_ext.dll
Event: 0.893 Loaded shared library C:\Program Files\Zulu\zulu-21\bin\extnet.dll
Event: 0.980 Loaded shared library C:\Program Files\Zulu\zulu-21\bin\sunmscapi.dll
Event: 16.843 Loaded shared library C:\Program Files\Zulu\zulu-21\bin\rmi.dll

Deoptimization events (20 events):
Event: 21.944 Thread 0x000001c655c5fc50 Uncommon trap: trap_request=0xffffff45 fr.pc=0x000001c66a9b883c relative=0x00000000000002fc
Event: 21.944 Thread 0x000001c655c5fc50 Uncommon trap: reason=unstable_if action=reinterpret pc=0x000001c66a9b883c method=org.gradle.api.internal.changedetection.state.CachingFileHasher.snapshot(Ljava/io/File;JJ)Lorg/gradle/api/internal/changedetection/state/CachingFileHasher$FileInfo; @ 48 c2
Event: 21.944 Thread 0x000001c655c5fc50 DEOPT PACKING pc=0x000001c66a9b883c sp=0x000000579d5fb080
Event: 21.944 Thread 0x000001c655c5fc50 DEOPT UNPACKING pc=0x000001c669777da2 sp=0x000000579d5fafc0 mode 2
Event: 22.055 Thread 0x000001c655c5fc50 DEOPT PACKING pc=0x000001c662e49af8 sp=0x000000579d5fa6f0
Event: 22.055 Thread 0x000001c655c5fc50 DEOPT UNPACKING pc=0x000001c6697788e2 sp=0x000000579d5f9b68 mode 0
Event: 22.087 Thread 0x000001c655c5fc50 Uncommon trap: trap_request=0xffffff6e fr.pc=0x000001c66abf10d8 relative=0x00000000000002f8
Event: 22.087 Thread 0x000001c655c5fc50 Uncommon trap: reason=loop_limit_check action=maybe_recompile pc=0x000001c66abf10d8 method=org.apache.commons.compress.archivers.tar.TarUtils.formatUnsignedOctalString(J[BII)V @ 125 c2
Event: 22.087 Thread 0x000001c655c5fc50 DEOPT PACKING pc=0x000001c66abf10d8 sp=0x000000579d5fa470
Event: 22.087 Thread 0x000001c655c5fc50 DEOPT UNPACKING pc=0x000001c669777da2 sp=0x000000579d5fa3e0 mode 2
Event: 22.093 Thread 0x000001c655c5fc50 DEOPT PACKING pc=0x000001c663739328 sp=0x000000579d5fa530
Event: 22.093 Thread 0x000001c655c5fc50 DEOPT UNPACKING pc=0x000001c6697788e2 sp=0x000000579d5f99d0 mode 0
Event: 22.264 Thread 0x000001c655c5fc50 Uncommon trap: trap_request=0xffffff6e fr.pc=0x000001c66abfe3b4 relative=0x0000000000000674
Event: 22.264 Thread 0x000001c655c5fc50 Uncommon trap: reason=loop_limit_check action=maybe_recompile pc=0x000001c66abfe3b4 method=org.apache.commons.compress.utils.FixedLengthBlockOutputStream.padBlock()V @ 76 c2
Event: 22.264 Thread 0x000001c655c5fc50 DEOPT PACKING pc=0x000001c66abfe3b4 sp=0x000000579d5fa570
Event: 22.264 Thread 0x000001c655c5fc50 DEOPT UNPACKING pc=0x000001c669777da2 sp=0x000000579d5fa500 mode 2
Event: 22.271 Thread 0x000001c655c5fc50 DEOPT PACKING pc=0x000001c662de1e6f sp=0x000000579d5fa1b0
Event: 22.271 Thread 0x000001c655c5fc50 DEOPT UNPACKING pc=0x000001c6697788e2 sp=0x000000579d5f9670 mode 0
Event: 22.339 Thread 0x000001c655c5fc50 DEOPT PACKING pc=0x000001c662651b50 sp=0x000000579d5fa400
Event: 22.339 Thread 0x000001c655c5fc50 DEOPT UNPACKING pc=0x000001c6697788e2 sp=0x000000579d5f9908 mode 0

Classes loaded (20 events):
Event: 16.881 Loading class sun/rmi/server/LoaderHandler$Loader
Event: 16.881 Loading class sun/rmi/server/LoaderHandler$Loader done
Event: 16.883 Loading class java/rmi/server/ServerNotActiveException
Event: 16.883 Loading class java/rmi/server/ServerNotActiveException done
Event: 16.884 Loading class sun/rmi/transport/DGCAckHandler
Event: 16.884 Loading class sun/rmi/transport/DGCAckHandler done
Event: 16.885 Loading class sun/rmi/transport/DGCAckHandler$1
Event: 16.885 Loading class sun/rmi/transport/DGCAckHandler$1 done
Event: 16.886 Loading class sun/rmi/transport/tcp/TCPTransport$ConnectionHandler
Event: 16.886 Loading class sun/rmi/transport/tcp/TCPTransport$ConnectionHandler done
Event: 16.887 Loading class sun/rmi/transport/Transport$1
Event: 16.887 Loading class sun/rmi/transport/Transport$1 done
Event: 16.887 Loading class sun/rmi/transport/DGCImpl$LeaseInfo
Event: 16.887 Loading class sun/rmi/transport/DGCImpl$LeaseInfo done
Event: 16.887 Loading class sun/rmi/transport/DGCImpl$1
Event: 16.887 Loading class sun/rmi/transport/DGCImpl$1 done
Event: 16.887 Loading class sun/rmi/transport/SequenceEntry
Event: 16.887 Loading class sun/rmi/transport/SequenceEntry done
Event: 16.973 Loading class sun/rmi/transport/DGCClient$EndpointEntry$CleanRequest
Event: 16.973 Loading class sun/rmi/transport/DGCClient$EndpointEntry$CleanRequest done

Classes unloaded (1 events):
Event: 15.772 Thread 0x000001c60a23e090 Unloading class 0x000001c60d35c400 'jdk/internal/reflect/GeneratedSerializationConstructorAccessor97'

Classes redefined (0 events):
No events

Internal exceptions (20 events):
Event: 16.838 Thread 0x000001c6540ee400 Exception <a 'java/lang/NoSuchMethodError'{0x000001c693385d68}: static Lorg/jetbrains/kotlin/daemon/common/LoopbackNetworkInterface$AbstractClientLoopbackSocketFactory;.<clinit>()V> (0x000001c693385d68) 
thrown [s\src\hotspot\share\prims\jni.cpp, line 1111]
Event: 16.838 Thread 0x000001c6540ee400 Exception <a 'java/lang/NoSuchMethodError'{0x000001c693393f00}: static Lorg/jetbrains/kotlin/daemon/common/LoopbackNetworkInterface$ClientLoopbackSocketFactory;.<clinit>()V> (0x000001c693393f00) 
thrown [s\src\hotspot\share\prims\jni.cpp, line 1111]
Event: 16.845 Thread 0x000001c6540ee400 Exception <a 'java/lang/NoSuchMethodError'{0x000001c692f9db58}: static [Ljava/rmi/server/ObjID;.<clinit>()V> (0x000001c692f9db58) 
thrown [s\src\hotspot\share\prims\jni.cpp, line 1111]
Event: 16.845 Thread 0x000001c655c61690 Exception <a 'sun/nio/fs/WindowsException'{0x000001c692835e40}> (0x000001c692835e40) 
thrown [s\src\hotspot\share\prims\jni.cpp, line 520]
Event: 16.846 Thread 0x000001c6540ee400 Exception <a 'java/lang/NoSuchMethodError'{0x000001c6928e3070}: static [B.<clinit>()V> (0x000001c6928e3070) 
thrown [s\src\hotspot\share\prims\jni.cpp, line 1111]
Event: 16.847 Thread 0x000001c6540ec330 Exception <a 'java/lang/NoSuchMethodError'{0x000001c692fdb150}: 'java.lang.Object java.lang.invoke.DirectMethodHandle$Holder.invokeSpecial(java.lang.Object, java.lang.Object, int, java.lang.Object, long)'> (0x000001c692fdb150) 
thrown [s\src\hotspot\share\interpreter\linkResolver.cpp, line 773]
Event: 16.848 Thread 0x000001c6540ec330 Exception <a 'java/lang/NoSuchMethodError'{0x000001c692fe37a0}: 'java.lang.Object java.lang.invoke.DirectMethodHandle$Holder.newInvokeSpecial(java.lang.Object, java.lang.Object, int, java.lang.Object, long)'> (0x000001c692fe37a0) 
thrown [s\src\hotspot\share\interpreter\linkResolver.cpp, line 773]
Event: 16.852 Thread 0x000001c6540ee400 Exception <a 'java/lang/NoSuchMethodError'{0x000001c692a66528}: static Lorg/jetbrains/kotlin/daemon/common/CompileService$CallResult;.<clinit>()V> (0x000001c692a66528) 
thrown [s\src\hotspot\share\prims\jni.cpp, line 1111]
Event: 16.852 Thread 0x000001c6540ee400 Exception <a 'java/lang/NoSuchMethodError'{0x000001c692a74aa8}: static Lorg/jetbrains/kotlin/daemon/common/CompileService$CallResult$Good;.<clinit>()V> (0x000001c692a74aa8) 
thrown [s\src\hotspot\share\prims\jni.cpp, line 1111]
Event: 16.853 Thread 0x000001c6540ee400 Exception <a 'java/lang/NoSuchMethodError'{0x000001c692a84958}: static Lorg/jetbrains/kotlin/daemon/common/DaemonJVMOptions;.<clinit>()V> (0x000001c692a84958) 
thrown [s\src\hotspot\share\prims\jni.cpp, line 1111]
Event: 16.864 Thread 0x000001c6540ee400 Exception <a 'java/lang/NoSuchMethodError'{0x000001c691cabd40}: static Lorg/jetbrains/kotlin/daemon/common/CompileService$CallResult$Ok;.<clinit>()V> (0x000001c691cabd40) 
thrown [s\src\hotspot\share\prims\jni.cpp, line 1111]
Event: 16.881 Thread 0x000001c6540ee400 Exception <a 'java/lang/NoSuchMethodError'{0x000001c6912f9cb0}: static [Ljava/lang/Integer;.<clinit>()V> (0x000001c6912f9cb0) 
thrown [s\src\hotspot\share\prims\jni.cpp, line 1111]
Event: 16.974 Thread 0x000001c6540ec9c0 Implicit null exception at 0x000001c66a0cf50c to 0x000001c66a0cf5c4
Event: 16.974 Thread 0x000001c6540ec330 Implicit null exception at 0x000001c66a0cf50c to 0x000001c66a0cf5c4
Event: 16.974 Thread 0x000001c6540ec9c0 Implicit null exception at 0x000001c66a326165 to 0x000001c66a3267c0
Event: 16.974 Thread 0x000001c6540ec330 Implicit null exception at 0x000001c66a326165 to 0x000001c66a3267c0
Event: 17.433 Thread 0x000001c655c61690 Exception <a 'java/lang/NoSuchMethodError'{0x000001c692c91ff8}: static Ljava/lang/Object;.<clinit>()V> (0x000001c692c91ff8) 
thrown [s\src\hotspot\share\prims\jni.cpp, line 1111]
Event: 21.654 Thread 0x000001c6540f1880 Exception <a 'java/lang/NoSuchMethodError'{0x000001c6929a4498}: 'void java.lang.invoke.DirectMethodHandle$Holder.invokeInterface(java.lang.Object, java.lang.Object, int, java.lang.Object)'> (0x000001c6929a4498) 
thrown [s\src\hotspot\share\interpreter\linkResolver.cpp, line 773]
Event: 21.654 Thread 0x000001c6540f1880 Exception <a 'java/lang/NoSuchMethodError'{0x000001c6929a9060}: 'void java.lang.invoke.DelegatingMethodHandle$Holder.reinvoke_L(java.lang.Object, java.lang.Object, int, java.lang.Object)'> (0x000001c6929a9060) 
thrown [s\src\hotspot\share\interpreter\linkResolver.cpp, line 773]
Event: 21.656 Thread 0x000001c6540f1880 Exception <a 'java/lang/NoSuchMethodError'{0x000001c6929d0340}: 'void java.lang.invoke.DelegatingMethodHandle$Holder.reinvoke_L(java.lang.Object, java.lang.Object, int, int, java.lang.Object, java.lang.Object)'> (0x000001c6929d0340) 
thrown [s\src\hotspot\share\interpreter\linkResolver.cpp, line 773]

ZGC Phase Switch (0 events):
No events

VM Operations (20 events):
Event: 16.830 Executing VM operation: HandshakeAllThreads (Deoptimize)
Event: 16.830 Executing VM operation: HandshakeAllThreads (Deoptimize) done
Event: 16.830 Executing VM operation: Cleanup
Event: 16.830 Executing VM operation: Cleanup done
Event: 16.851 Executing VM operation: HandshakeAllThreads (Deoptimize)
Event: 16.851 Executing VM operation: HandshakeAllThreads (Deoptimize) done
Event: 16.966 Executing VM operation: G1CollectForAllocation (G1 Evacuation Pause)
Event: 16.973 Executing VM operation: G1CollectForAllocation (G1 Evacuation Pause) done
Event: 17.260 Executing VM operation: G1CollectForAllocation (G1 Evacuation Pause)
Event: 17.268 Executing VM operation: G1CollectForAllocation (G1 Evacuation Pause) done
Event: 19.268 Executing VM operation: Cleanup
Event: 19.269 Executing VM operation: Cleanup done
Event: 21.270 Executing VM operation: Cleanup
Event: 21.271 Executing VM operation: Cleanup done
Event: 22.271 Executing VM operation: Cleanup
Event: 22.271 Executing VM operation: Cleanup done
Event: 23.271 Executing VM operation: Cleanup
Event: 23.271 Executing VM operation: Cleanup done
Event: 25.272 Executing VM operation: Cleanup
Event: 25.272 Executing VM operation: Cleanup done

Memory protections (0 events):
No events

Nmethod flushes (20 events):
Event: 15.781 Thread 0x000001c60a23e090 flushing  nmethod 0x000001c662a3e190
Event: 15.781 Thread 0x000001c60a23e090 flushing  nmethod 0x000001c662b0be10
Event: 15.781 Thread 0x000001c60a23e090 flushing  nmethod 0x000001c662b68510
Event: 15.781 Thread 0x000001c60a23e090 flushing  nmethod 0x000001c662b6a690
Event: 15.781 Thread 0x000001c60a23e090 flushing  nmethod 0x000001c662b6d090
Event: 15.781 Thread 0x000001c60a23e090 flushing  nmethod 0x000001c662b71510
Event: 15.781 Thread 0x000001c60a23e090 flushing  nmethod 0x000001c662be3e10
Event: 15.781 Thread 0x000001c60a23e090 flushing  nmethod 0x000001c662cc1710
Event: 15.781 Thread 0x000001c60a23e090 flushing  nmethod 0x000001c662cc5e90
Event: 15.781 Thread 0x000001c60a23e090 flushing  nmethod 0x000001c662d23590
Event: 15.781 Thread 0x000001c60a23e090 flushing  nmethod 0x000001c662d5a410
Event: 15.781 Thread 0x000001c60a23e090 flushing  nmethod 0x000001c662d9ff10
Event: 15.781 Thread 0x000001c60a23e090 flushing  nmethod 0x000001c66314c910
Event: 15.781 Thread 0x000001c60a23e090 flushing  nmethod 0x000001c6631e6310
Event: 15.781 Thread 0x000001c60a23e090 flushing  nmethod 0x000001c663230f90
Event: 15.781 Thread 0x000001c60a23e090 flushing  nmethod 0x000001c663304f90
Event: 15.781 Thread 0x000001c60a23e090 flushing  nmethod 0x000001c663616f90
Event: 15.781 Thread 0x000001c60a23e090 flushing  nmethod 0x000001c66368b290
Event: 15.781 Thread 0x000001c60a23e090 flushing  nmethod 0x000001c663a4bf90
Event: 15.781 Thread 0x000001c60a23e090 flushing  nmethod 0x000001c664127010

Events (20 events):
Event: 13.518 Thread 0x000001c655c61690 Thread added: 0x000001c7f19f4520
Event: 16.282 Thread 0x000001c7f7563250 Thread exited: 0x000001c7f7563250
Event: 16.658 Thread 0x000001c60a5d07d0 Thread exited: 0x000001c60a5d07d0
Event: 16.713 Thread 0x000001c60a4b93d0 Thread added: 0x000001c7f7b4ffe0
Event: 16.777 Thread 0x000001c655c5fc50 Thread added: 0x000001c6540ee400
Event: 16.785 Thread 0x000001c60a4cabf0 Thread added: 0x000001c7f7b51b20
Event: 16.839 Thread 0x000001c6540ee400 Thread added: 0x000001c6540ef7b0
Event: 16.842 Thread 0x000001c6540ee400 Thread added: 0x000001c6540ec330
Event: 16.844 Thread 0x000001c6540ee400 Thread added: 0x000001c6540efe40
Event: 16.854 Thread 0x000001c6540ee400 Thread added: 0x000001c6540ec9c0
Event: 16.857 Thread 0x000001c6540ee400 Thread added: 0x000001c6540f04d0
Event: 16.878 Thread 0x000001c6540ee400 Thread added: 0x000001c6540ed050
Event: 16.878 Thread 0x000001c6540ee400 Thread added: 0x000001c6540f0b60
Event: 16.886 Thread 0x000001c6540ed050 Thread added: 0x000001c6540f1880
Event: 16.975 Thread 0x000001c6540ec9c0 Thread exited: 0x000001c6540ec9c0
Event: 16.975 Thread 0x000001c6540ec330 Thread exited: 0x000001c6540ec330
Event: 18.346 Thread 0x000001c7f7b51b20 Thread exited: 0x000001c7f7b51b20
Event: 18.858 Thread 0x000001c7f7b4ffe0 Thread exited: 0x000001c7f7b4ffe0
Event: 21.847 Thread 0x000001c60a4cabf0 Thread added: 0x000001c7f7b51b20
Event: 22.398 Thread 0x000001c7f7b51b20 Thread exited: 0x000001c7f7b51b20


Dynamic libraries:
0x00007ff645b60000 - 0x00007ff645b6e000 	C:\Program Files\Zulu\zulu-21\bin\java.exe
0x00007ff9c6f20000 - 0x00007ff9c7186000 	C:\WINDOWS\SYSTEM32\ntdll.dll
0x00007ff9c5d80000 - 0x00007ff9c5e47000 	C:\WINDOWS\System32\KERNEL32.DLL
0x00007ff9c44f0000 - 0x00007ff9c48bb000 	C:\WINDOWS\System32\KERNELBASE.dll
0x00007ff9c4220000 - 0x00007ff9c436b000 	C:\WINDOWS\System32\ucrtbase.dll
0x00007ff9b5710000 - 0x00007ff9b5729000 	C:\Program Files\Zulu\zulu-21\bin\jli.dll
0x00007ff9b56f0000 - 0x00007ff9b570e000 	C:\Program Files\Zulu\zulu-21\bin\VCRUNTIME140.dll
0x00007ff9c4d00000 - 0x00007ff9c4ecc000 	C:\WINDOWS\System32\USER32.dll
0x00007ff9c4c10000 - 0x00007ff9c4c37000 	C:\WINDOWS\System32\win32u.dll
0x00007ff9ac360000 - 0x00007ff9ac5f7000 	C:\WINDOWS\WinSxS\amd64_microsoft.windows.common-controls_6595b64144ccf1df_6.0.26100.5516_none_3e073f78e335730c\COMCTL32.dll
0x00007ff9c60f0000 - 0x00007ff9c611b000 	C:\WINDOWS\System32\GDI32.dll
0x00007ff9c52d0000 - 0x00007ff9c5379000 	C:\WINDOWS\System32\msvcrt.dll
0x00007ff9c48c0000 - 0x00007ff9c49f1000 	C:\WINDOWS\System32\gdi32full.dll
0x00007ff9c4170000 - 0x00007ff9c4213000 	C:\WINDOWS\System32\msvcp_win.dll
0x00007ff9c5e50000 - 0x00007ff9c5e7f000 	C:\WINDOWS\System32\IMM32.DLL
0x00007ff9b5bc0000 - 0x00007ff9b5bcc000 	C:\Program Files\Zulu\zulu-21\bin\vcruntime140_1.dll
0x00007ff999150000 - 0x00007ff9991dd000 	C:\Program Files\Zulu\zulu-21\bin\msvcp140.dll
0x00007ff929340000 - 0x00007ff92a11d000 	C:\Program Files\Zulu\zulu-21\bin\server\jvm.dll
0x00007ff9c54a0000 - 0x00007ff9c5552000 	C:\WINDOWS\System32\ADVAPI32.dll
0x00007ff9c56e0000 - 0x00007ff9c5786000 	C:\WINDOWS\System32\sechost.dll
0x00007ff9c5380000 - 0x00007ff9c5495000 	C:\WINDOWS\System32\RPCRT4.dll
0x00007ff9c6070000 - 0x00007ff9c60e4000 	C:\WINDOWS\System32\WS2_32.dll
0x00007ff9c3db0000 - 0x00007ff9c3e0e000 	C:\WINDOWS\SYSTEM32\POWRPROF.dll
0x00007ff9b96f0000 - 0x00007ff9b9726000 	C:\WINDOWS\SYSTEM32\WINMM.dll
0x00007ff9b70c0000 - 0x00007ff9b70cb000 	C:\WINDOWS\SYSTEM32\VERSION.dll
0x00007ff9c3d90000 - 0x00007ff9c3da4000 	C:\WINDOWS\SYSTEM32\UMPDC.dll
0x00007ff9c2ed0000 - 0x00007ff9c2eea000 	C:\WINDOWS\SYSTEM32\kernel.appcore.dll
0x00007ff9b57c0000 - 0x00007ff9b57ca000 	C:\Program Files\Zulu\zulu-21\bin\jimage.dll
0x00007ff9b7270000 - 0x00007ff9b74b1000 	C:\WINDOWS\SYSTEM32\DBGHELP.DLL
0x00007ff9c6250000 - 0x00007ff9c65d3000 	C:\WINDOWS\System32\combase.dll
0x00007ff9c5170000 - 0x00007ff9c5246000 	C:\WINDOWS\System32\OLEAUT32.dll
0x00007ff9ab5f0000 - 0x00007ff9ab629000 	C:\WINDOWS\SYSTEM32\dbgcore.DLL
0x00007ff9c40d0000 - 0x00007ff9c4169000 	C:\WINDOWS\System32\bcryptPrimitives.dll
0x00007ff9be1f0000 - 0x00007ff9be200000 	C:\Program Files\Zulu\zulu-21\bin\instrument.dll
0x00007ff99ba50000 - 0x00007ff99ba72000 	C:\Program Files\Zulu\zulu-21\bin\java.dll
0x00007ff9c6670000 - 0x00007ff9c6d9a000 	C:\WINDOWS\System32\SHELL32.dll
0x00007ff9c4a90000 - 0x00007ff9c4c04000 	C:\WINDOWS\System32\wintypes.dll
0x00007ff9c1d90000 - 0x00007ff9c25e2000 	C:\WINDOWS\SYSTEM32\windows.storage.dll
0x00007ff9c5c80000 - 0x00007ff9c5d6e000 	C:\WINDOWS\System32\SHCORE.dll
0x00007ff9c6da0000 - 0x00007ff9c6e06000 	C:\WINDOWS\System32\shlwapi.dll
0x00007ff9c3fe0000 - 0x00007ff9c400f000 	C:\WINDOWS\SYSTEM32\profapi.dll
0x00007ff944f80000 - 0x00007ff945057000 	C:\Program Files\Zulu\zulu-21\bin\jsvml.dll
0x00007ff9ab300000 - 0x00007ff9ab318000 	C:\Program Files\Zulu\zulu-21\bin\zip.dll
0x00007ff9b0df0000 - 0x00007ff9b0e02000 	C:\Program Files\Zulu\zulu-21\bin\net.dll
0x00007ff9bcf50000 - 0x00007ff9bd06e000 	C:\WINDOWS\SYSTEM32\WINHTTP.dll
0x00007ff9c33d0000 - 0x00007ff9c343a000 	C:\WINDOWS\system32\mswsock.dll
0x00007ff9b0590000 - 0x00007ff9b05a6000 	C:\Program Files\Zulu\zulu-21\bin\nio.dll
0x00007ff9b5740000 - 0x00007ff9b5750000 	C:\Program Files\Zulu\zulu-21\bin\verify.dll
0x00007ff9abd00000 - 0x00007ff9abd27000 	C:\Users\Administrator\.gradle\native\1def1411415f61bf3af743bc5b6707747c0891f09f0c88961ee8f79bc544acac\windows-amd64\native-platform.dll
0x00007ff9a3d40000 - 0x00007ff9a3db8000 	C:\Users\Administrator\.gradle\native\0.2.7\x86_64-windows-gnu\gradle-fileevents.dll
0x00007ff9b56e0000 - 0x00007ff9b56ea000 	C:\Program Files\Zulu\zulu-21\bin\management.dll
0x00007ff9b56b0000 - 0x00007ff9b56bc000 	C:\Program Files\Zulu\zulu-21\bin\management_ext.dll
0x00007ff9c56d0000 - 0x00007ff9c56d8000 	C:\WINDOWS\System32\PSAPI.DLL
0x00007ff9c28e0000 - 0x00007ff9c2913000 	C:\WINDOWS\SYSTEM32\IPHLPAPI.DLL
0x00007ff9c6e70000 - 0x00007ff9c6e7a000 	C:\WINDOWS\System32\NSI.dll
0x00007ff9b5360000 - 0x00007ff9b5369000 	C:\Program Files\Zulu\zulu-21\bin\extnet.dll
0x00007ff9c3780000 - 0x00007ff9c379a000 	C:\WINDOWS\SYSTEM32\CRYPTSP.dll
0x00007ff9c2e30000 - 0x00007ff9c2e6a000 	C:\WINDOWS\system32\rsaenh.dll
0x00007ff9c3470000 - 0x00007ff9c349b000 	C:\WINDOWS\SYSTEM32\USERENV.dll
0x00007ff9c3910000 - 0x00007ff9c3936000 	C:\WINDOWS\SYSTEM32\bcrypt.dll
0x00007ff9c3600000 - 0x00007ff9c360c000 	C:\WINDOWS\SYSTEM32\CRYPTBASE.dll
0x00007ff9b8c90000 - 0x00007ff9b8c9e000 	C:\Program Files\Zulu\zulu-21\bin\sunmscapi.dll
0x00007ff9c4370000 - 0x00007ff9c44e7000 	C:\WINDOWS\System32\CRYPT32.dll
0x00007ff9c38d0000 - 0x00007ff9c3900000 	C:\WINDOWS\SYSTEM32\ncrypt.dll
0x00007ff9c3880000 - 0x00007ff9c38bf000 	C:\WINDOWS\SYSTEM32\NTASN1.dll
0x00007ff99fc70000 - 0x00007ff99fc78000 	C:\WINDOWS\system32\wshunix.dll
0x00007ff9a5be0000 - 0x00007ff9a5bf8000 	C:\WINDOWS\system32\napinsp.dll
0x00007ff9c2920000 - 0x00007ff9c2a45000 	C:\WINDOWS\SYSTEM32\DNSAPI.dll
0x00007ff9a3c40000 - 0x00007ff9a3c52000 	C:\WINDOWS\System32\winrnr.dll
0x00007ff9a35c0000 - 0x00007ff9a35f0000 	C:\WINDOWS\system32\nlansp_c.dll
0x00007ff9bcf30000 - 0x00007ff9bcf46000 	C:\WINDOWS\system32\wshbth.dll
0x00007ff9bd130000 - 0x00007ff9bd13b000 	C:\Windows\System32\rasadhlp.dll
0x00007ff9b9660000 - 0x00007ff9b96e6000 	C:\WINDOWS\System32\fwpuclnt.dll
0x00007ff9a9710000 - 0x00007ff9a9717000 	C:\Program Files\Zulu\zulu-21\bin\rmi.dll

dbghelp: loaded successfully - version: 4.0.5 - missing functions: none
symbol engine: initialized successfully - sym options: 0x614 - pdb path: .;C:\Program Files\Zulu\zulu-21\bin;C:\WINDOWS\SYSTEM32;C:\WINDOWS\WinSxS\amd64_microsoft.windows.common-controls_6595b64144ccf1df_6.0.26100.5516_none_3e073f78e335730c;C:\Program Files\Zulu\zulu-21\bin\server;C:\Users\Administrator\.gradle\native\1def1411415f61bf3af743bc5b6707747c0891f09f0c88961ee8f79bc544acac\windows-amd64;C:\Users\Administrator\.gradle\native\0.2.7\x86_64-windows-gnu

VM Arguments:
jvm_args: --add-opens=java.base/java.lang=ALL-UNNAMED --add-opens=java.base/java.lang.invoke=ALL-UNNAMED --add-opens=java.base/java.util=ALL-UNNAMED --add-opens=java.prefs/java.util.prefs=ALL-UNNAMED --add-exports=jdk.compiler/com.sun.tools.javac.api=ALL-UNNAMED --add-exports=jdk.compiler/com.sun.tools.javac.util=ALL-UNNAMED --add-opens=java.base/java.util=ALL-UNNAMED --add-opens=java.prefs/java.util.prefs=ALL-UNNAMED --add-opens=java.base/java.nio.charset=ALL-UNNAMED --add-opens=java.base/java.net=ALL-UNNAMED --add-opens=java.base/java.util.concurrent.atomic=ALL-UNNAMED --add-opens=java.xml/javax.xml.namespace=ALL-UNNAMED -XX:-UseCompressedOops -Xmx6g -Dfile.encoding=UTF-8 -Duser.country=GB -Duser.language=en -Duser.variant -javaagent:C:\Users\Administrator\.gradle\wrapper\dists\gradle-8.14.3-bin\cv11ve7ro1n3o1j4so8xd9n66\gradle-8.14.3\lib\agents\gradle-instrumentation-agent-8.14.3.jar 
java_command: org.gradle.launcher.daemon.bootstrap.GradleDaemon 8.14.3
java_class_path (initial): C:\Users\Administrator\.gradle\wrapper\dists\gradle-8.14.3-bin\cv11ve7ro1n3o1j4so8xd9n66\gradle-8.14.3\lib\gradle-daemon-main-8.14.3.jar
Launcher Type: SUN_STANDARD

[Global flags]
     intx CICompilerCount                          = 4                                         {product} {ergonomic}
     uint ConcGCThreads                            = 3                                         {product} {ergonomic}
     uint G1ConcRefinementThreads                  = 10                                        {product} {ergonomic}
   size_t G1HeapRegionSize                         = 4194304                                   {product} {ergonomic}
    uintx GCDrainStackTargetSize                   = 64                                        {product} {ergonomic}
   size_t InitialHeapSize                          = 524288000                                 {product} {ergonomic}
   size_t MarkStackSize                            = 4194304                                   {product} {ergonomic}
   size_t MaxHeapSize                              = 6442450944                                {product} {command line}
   size_t MaxNewSize                               = 3862953984                                {product} {ergonomic}
   size_t MinHeapDeltaBytes                        = 4194304                                   {product} {ergonomic}
   size_t MinHeapSize                              = 8388608                                   {product} {ergonomic}
    uintx NonNMethodCodeHeapSize                   = 5839372                                {pd product} {ergonomic}
    uintx NonProfiledCodeHeapSize                  = 122909434                              {pd product} {ergonomic}
    uintx ProfiledCodeHeapSize                     = 122909434                              {pd product} {ergonomic}
    uintx ReservedCodeCacheSize                    = 251658240                              {pd product} {ergonomic}
     bool SegmentedCodeCache                       = true                                      {product} {ergonomic}
   size_t SoftMaxHeapSize                          = 6442450944                             {manageable} {ergonomic}
     bool UseCompressedOops                        = false                          {product lp64_product} {command line}
     bool UseG1GC                                  = true                                      {product} {ergonomic}
     bool UseLargePagesIndividualAllocation        = false                                  {pd product} {ergonomic}

Logging:
Log output configuration:
 #0: stdout all=warning uptime,level,tags foldmultilines=false
 #1: stderr all=off uptime,level,tags foldmultilines=false

Environment Variables:
PATH=C:\Program Files\PowerShell\7;C:\Program Files\Zulu\zulu-21\bin\;C:\Program Files (x86)\Common Files\Oracle\Java\java8path;C:\Program Files (x86)\Common Files\Oracle\Java\javapath;C:\Program Files (x86)\Razer Chroma SDK\bin;C:\Program Files\Razer Chroma SDK\bin;C:\Program Files (x86)\Razer\ChromaBroadcast\bin;C:\Program Files\Razer\ChromaBroadcast\bin;C:\Program Files (x86)\Common Files\Intel\Shared Libraries\redist\intel64\compiler;C:\WINDOWS\system32;C:\WINDOWS;C:\WINDOWS\System32\Wbem;C:\WINDOWS\System32\WindowsPowerShell\v1.0\;C:\WINDOWS\System32\OpenSSH\;C:\Program Files\dotnet\;C:\WINDOWS\system32\config\systemprofile\AppData\Local\Microsoft\WindowsApps;C:\Users\Administrator\AppData\Local\Programs\Python\Launcher\;C:\Users\Administrator\AppData\Local\Microsoft\WindowsApps;C:\Users\Administrator\AppData\Roaming\npm;C:\Users\Administrator\AppData\Local\Programs\Microsoft VS Code\bin;C:\WINDOWS\system32;C:\WINDOWS;C:\WINDOWS\System32\Wbem;C:\WINDOWS\System32\WindowsPowerShell\v1.0\;C:\WINDOWS\System32\OpenSSH\;C:\Program Files\Calibre2\;C:\Program Files\Git\cmd;C:\Program Files\PowerShell\7\;C:\Program Files\ffmpeg-8.0.1-essentials_build\ffmpeg-8.0.1-essentials_build\bin;C:\Program Files\nodejs\;C:\ProgramData\chocolatey\bin;C:\Users\Administrator\.local\bin;C:\Users\Administrator\AppData\Local\Programs\Python\Python313\Scripts\;C:\Users\Administrator\AppData\Local\Programs\Python\Python313\;C:\Users\Administrator\AppData\Local\Microsoft\WindowsApps;C:\Users\Administrator\AppData\Local\Programs\Microsoft VS Code\bin;C:\Users\Administrator\AppData\Local\Muse Hub\lib;C:\Users\Administrator\.lmstudio\bin;C:\Users\Administrator\AppData\Local\spicetify;C:\Users\Administrator\AppData\Roaming\npm;C:\Users\Administrator\AppData\Local\Programs\Antigravity\bin;C:\Users\Administrator\AppData\Local\GitHubDesktop\bin
USERNAME=Administrator
LANG=en_US.UTF-8
OS=Windows_NT
PROCESSOR_IDENTIFIER=AMD64 Family 25 Model 97 Stepping 2, AuthenticAMD
TMP=C:\Users\ADMINI~1\AppData\Local\Temp
TEMP=C:\Users\ADMINI~1\AppData\Local\Temp




Periodic native trim disabled

---------------  S Y S T E M  ---------------

OS:
 Windows 11 , 64 bit Build 26100 (10.0.26100.5514)
OS uptime: 0 days 2:43 hours
Hyper-V role detected

CPU: total 12 (initial active 12) (12 cores per cpu, 2 threads per core) family 25 model 97 stepping 2 microcode 0xa60120c, cx8, cmov, fxsr, ht, mmx, 3dnowpref, sse, sse2, sse3, ssse3, sse4a, sse4.1, sse4.2, popcnt, lzcnt, tsc, tscinvbit, avx, avx2, aes, erms, clmul, bmi1, bmi2, adx, avx512f, avx512dq, avx512cd, avx512bw, avx512vl, sha, fma, vzeroupper, avx512_vpopcntdq, avx512_vpclmulqdq, avx512_vaes, avx512_vnni, clflush, clflushopt, avx512_vbmi2, avx512_vbmi, hv, rdtscp, rdpid, fsrm, gfni, avx512_bitalg, f16c, cet_ss, avx512_ifma
Processor Information for the first 12 processors :
  Max Mhz: 4701, Current Mhz: 4701, Mhz Limit: 4701

Memory: 4k page, system-wide physical 31913M (4562M free)
TotalPageFile size 31913M (AvailPageFile size 2M)
current process WorkingSet (physical memory assigned to process): 1058M, peak: 1089M
current process commit charge ("private bytes"): 1108M, peak: 1134M

vm_info: OpenJDK 64-Bit Server VM (21.0.7+6-LTS) for windows-amd64 JRE (21.0.7+6-LTS) (Zulu21.42+19-CA), built on 2025-04-07T10:58:52Z by "zulu_re" with MS VC++ 17.1 (VS2022)

END.
