#
# There is insufficient memory for the Java Runtime Environment to continue.
# Native memory allocation (mmap) failed to map 83886080 bytes. Error detail: G1 virtual space
# Possible reasons:
#   The system is out of physical RAM or swap space
#   This process is running with CompressedOops enabled, and the Java Heap may be blocking the growth of the native heap
# Possible solutions:
#   Reduce memory load on the system
#   Increase physical memory or swap space
#   Check if swap backing store is full
#   Decrease Java heap size (-Xmx/-Xms)
#   Decrease number of Java threads
#   Decrease Java thread stack sizes (-Xss)
#   Set larger code cache with -XX:ReservedCodeCacheSize=
# This output file may be truncated or incomplete.
#
#  Out of Memory Error (os_windows.cpp:3686), pid=6432, tid=22144
#
# JRE version: OpenJDK Runtime Environment Zulu21.42+19-CA (21.0.7+6) (build 21.0.7+6-LTS)
# Java VM: OpenJDK 64-Bit Server VM Zulu21.42+19-CA (21.0.7+6-LTS, mixed mode, sharing, tiered, compressed oops, compressed class ptrs, g1 gc, windows-amd64)
# No core dump will be written. Minidumps are not enabled by default on client versions of Windows
#

---------------  S U M M A R Y ------------

Command Line: --add-opens=java.base/java.lang=ALL-UNNAMED --add-opens=java.base/java.lang.invoke=ALL-UNNAMED --add-opens=java.base/java.util=ALL-UNNAMED --add-opens=java.prefs/java.util.prefs=ALL-UNNAMED --add-exports=jdk.compiler/com.sun.tools.javac.api=ALL-UNNAMED --add-exports=jdk.compiler/com.sun.tools.javac.util=ALL-UNNAMED --add-opens=java.base/java.util=ALL-UNNAMED --add-opens=java.prefs/java.util.prefs=ALL-UNNAMED --add-opens=java.base/java.nio.charset=ALL-UNNAMED --add-opens=java.base/java.net=ALL-UNNAMED --add-opens=java.base/java.util.concurrent.atomic=ALL-UNNAMED --add-opens=java.xml/javax.xml.namespace=ALL-UNNAMED -XX:HeapBaseMinAddress=0x800000000 -XX:+UseG1GC -Xmx6g -Dfile.encoding=UTF-8 -Duser.country=GB -Duser.language=en -Duser.variant -javaagent:C:\Users\Administrator\.gradle\wrapper\dists\gradle-8.14.3-bin\cv11ve7ro1n3o1j4so8xd9n66\gradle-8.14.3\lib\agents\gradle-instrumentation-agent-8.14.3.jar org.gradle.launcher.daemon.bootstrap.GradleDaemon 8.14.3

Host: AMD Ryzen 5 7600X 6-Core Processor             , 12 cores, 31G,  Windows 11 , 64 bit Build 26100 (10.0.26100.5514)
Time: Wed Feb 25 20:42:01 2026 GMT Standard Time elapsed time: 28.844318 seconds (0d 0h 0m 28s)

---------------  T H R E A D  ---------------

Current thread (0x0000029a8f721040):  VMThread "VM Thread"          [id=22144, stack(0x000000a934300000,0x000000a934400000) (1024K)]

Stack: [0x000000a934300000,0x000000a934400000]
Native frames: (J=compiled Java code, j=interpreted, Vv=VM code, C=native code)
V  [jvm.dll+0x6fb989]
V  [jvm.dll+0x8defdf]
V  [jvm.dll+0x8e13d8]
V  [jvm.dll+0x8e1b43]
V  [jvm.dll+0x299c76]
V  [jvm.dll+0x6f80d5]
V  [jvm.dll+0x6ebfda]
V  [jvm.dll+0x374eca]
V  [jvm.dll+0x37cbd6]
V  [jvm.dll+0x3d1625]
V  [jvm.dll+0x3d18e8]
V  [jvm.dll+0x346c43]
V  [jvm.dll+0x349516]
V  [jvm.dll+0x353f7a]
V  [jvm.dll+0x38b68a]
V  [jvm.dll+0x8e7ac6]
V  [jvm.dll+0x8e8ee4]
V  [jvm.dll+0x8e9430]
V  [jvm.dll+0x8e96d3]
V  [jvm.dll+0x886426]
V  [jvm.dll+0x6fa044]
C  [ucrtbase.dll+0x37b0]
C  [KERNEL32.DLL+0x2e8d7]
C  [ntdll.dll+0x9c5dc]

VM_Operation (0x000000a933eff710): G1PauseRemark, mode: safepoint, requested by thread 0x0000029aed6d44a0


---------------  P R O C E S S  ---------------

Threads class SMR info:
_java_thread_list=0x0000029ae3d46170, length=103, elements={
0x0000029aed640170, 0x0000029a8f73e820, 0x0000029a8f73f280, 0x0000029a8f748a80,
0x0000029a8f74baf0, 0x0000029a8f74c550, 0x0000029a8f74f740, 0x0000029a8f754670,
0x0000029a8f758010, 0x0000029a8f969450, 0x0000029a8f9680a0, 0x0000029a8f967380,
0x0000029a8f969ae0, 0x0000029a8f96a170, 0x0000029a8f968dc0, 0x0000029a8f967a10,
0x0000029a8f968730, 0x0000029ad6f81820, 0x0000029ad6f80b00, 0x0000029ad6f80470,
0x0000029ad6f81190, 0x0000029ad6f7f750, 0x0000029ad6f81eb0, 0x0000029ad6f82540,
0x0000029ad6f82bd0, 0x0000029ad6f83260, 0x0000029ad6f7fde0, 0x0000029ad6f859c0,
0x0000029ad6f86050, 0x0000029ad6f866e0, 0x0000029ad6f84610, 0x0000029ad6f84ca0,
0x0000029ad75bfdb0, 0x0000029ad75c0440, 0x0000029ad75bea00, 0x0000029ad75c1160,
0x0000029ad75be370, 0x0000029ad75bdce0, 0x0000029ad75c3f50, 0x0000029ad75c17f0,
0x0000029ad75c38c0, 0x0000029ad75c2ba0, 0x0000029ad75c45e0, 0x0000029ad75c4c70,
0x0000029ad75c5300, 0x0000029ad8906500, 0x0000029ad8906b90, 0x0000029ad8903710,
0x0000029ad89057e0, 0x0000029ad8907220, 0x0000029ad89078b0, 0x0000029ad8907f40,
0x0000029ad8904ac0, 0x0000029ad89085d0, 0x0000029ad890a010, 0x0000029ad8908c60,
0x0000029ad89092f0, 0x0000029ad890a6a0, 0x0000029ad899c1b0, 0x0000029ad8998d30,
0x0000029ad899c840, 0x0000029ad89993c0, 0x0000029ad899d560, 0x0000029ad899a0e0,
0x0000029ad899a770, 0x0000029ad899e910, 0x0000029ad899ced0, 0x0000029ad899e280,
0x0000029ad899dbf0, 0x0000029ad899efa0, 0x0000029ad8999a50, 0x0000029ad899f630,
0x0000029ad899fcc0, 0x0000029ad89a0350, 0x0000029ad62a89c0, 0x0000029ad62a9d70,
0x0000029ad62aa400, 0x0000029ad62a8330, 0x0000029ad62a7ca0, 0x0000029ad62a9050,
0x0000029ad62a96e0, 0x0000029ad62ab120, 0x0000029ad62ad1f0, 0x0000029ad8321c10,
0x0000029ad831f4b0, 0x0000029ad8320860, 0x0000029ad7c3a230, 0x0000029ae1abe7e0,
0x0000029ae1abe150, 0x0000029ae1abb360, 0x0000029ae1abf500, 0x0000029ae1abc080,
0x0000029ae1ac0f40, 0x0000029ad7c3f0f0, 0x0000029ad7c3ea60, 0x0000029ad8909980,
0x0000029ae115f650, 0x0000029ae115fce0, 0x0000029ae115efc0, 0x0000029ae115e930,
0x0000029ae1160370, 0x0000029ae240d070, 0x0000029ae240ae60
}

Java Threads: ( => current thread )
  0x0000029aed640170 JavaThread "main"                              [_thread_blocked, id=21564, stack(0x000000a933c00000,0x000000a933d00000) (1024K)]
  0x0000029a8f73e820 JavaThread "Reference Handler"          daemon [_thread_blocked, id=18388, stack(0x000000a934400000,0x000000a934500000) (1024K)]
  0x0000029a8f73f280 JavaThread "Finalizer"                  daemon [_thread_blocked, id=2004, stack(0x000000a934500000,0x000000a934600000) (1024K)]
  0x0000029a8f748a80 JavaThread "Signal Dispatcher"          daemon [_thread_blocked, id=13648, stack(0x000000a934600000,0x000000a934700000) (1024K)]
  0x0000029a8f74baf0 JavaThread "Attach Listener"            daemon [_thread_blocked, id=13524, stack(0x000000a934700000,0x000000a934800000) (1024K)]
  0x0000029a8f74c550 JavaThread "Service Thread"             daemon [_thread_blocked, id=9356, stack(0x000000a934800000,0x000000a934900000) (1024K)]
  0x0000029a8f74f740 JavaThread "Monitor Deflation Thread"   daemon [_thread_blocked, id=8748, stack(0x000000a934900000,0x000000a934a00000) (1024K)]
  0x0000029a8f754670 JavaThread "C2 CompilerThread0"         daemon [_thread_blocked, id=25160, stack(0x000000a934a00000,0x000000a934b00000) (1024K)]
  0x0000029a8f758010 JavaThread "C1 CompilerThread0"         daemon [_thread_blocked, id=13840, stack(0x000000a934b00000,0x000000a934c00000) (1024K)]
  0x0000029a8f969450 JavaThread "Common-Cleaner"             daemon [_thread_blocked, id=10480, stack(0x000000a934c00000,0x000000a934d00000) (1024K)]
  0x0000029a8f9680a0 JavaThread "Notification Thread"        daemon [_thread_blocked, id=22908, stack(0x000000a934e00000,0x000000a934f00000) (1024K)]
  0x0000029a8f967380 JavaThread "Daemon health stats"               [_thread_blocked, id=18136, stack(0x000000a935900000,0x000000a935a00000) (1024K)]
  0x0000029a8f969ae0 JavaThread "Incoming local TCP Connector on port 50755"        [_thread_in_native, id=19240, stack(0x000000a935a00000,0x000000a935b00000) (1024K)]
  0x0000029a8f96a170 JavaThread "Daemon periodic checks"            [_thread_blocked, id=22028, stack(0x000000a935b00000,0x000000a935c00000) (1024K)]
  0x0000029a8f968dc0 JavaThread "Daemon"                            [_thread_blocked, id=664, stack(0x000000a935c00000,0x000000a935d00000) (1024K)]
  0x0000029a8f967a10 JavaThread "Handler for socket connection from /127.0.0.1:50755 to /127.0.0.1:50756"        [_thread_in_native, id=25192, stack(0x000000a935d00000,0x000000a935e00000) (1024K)]
  0x0000029a8f968730 JavaThread "Cancel handler"                    [_thread_blocked, id=24884, stack(0x000000a935e00000,0x000000a935f00000) (1024K)]
  0x0000029ad6f81820 JavaThread "Daemon worker"                     [_thread_blocked, id=16128, stack(0x000000a935f00000,0x000000a936000000) (1024K)]
  0x0000029ad6f80b00 JavaThread "Asynchronous log dispatcher for DefaultDaemonConnection: socket connection from /127.0.0.1:50755 to /127.0.0.1:50756"        [_thread_blocked, id=26380, stack(0x000000a936000000,0x000000a936100000) (1024K)]
  0x0000029ad6f80470 JavaThread "Stdin handler"                     [_thread_blocked, id=21152, stack(0x000000a936100000,0x000000a936200000) (1024K)]
  0x0000029ad6f81190 JavaThread "Daemon client event forwarder"        [_thread_blocked, id=21524, stack(0x000000a936200000,0x000000a936300000) (1024K)]
  0x0000029ad6f7f750 JavaThread "Cache worker for journal cache (C:\Users\Administrator\.gradle\caches\journal-1)"        [_thread_blocked, id=4148, stack(0x000000a936300000,0x000000a936400000) (1024K)]
  0x0000029ad6f81eb0 JavaThread "File lock request listener"        [_thread_in_native, id=6480, stack(0x000000a936400000,0x000000a936500000) (1024K)]
  0x0000029ad6f82540 JavaThread "Cache worker for file hash cache (C:\Users\Administrator\.gradle\caches\8.14.3\fileHashes)"        [_thread_blocked, id=7356, stack(0x000000a936500000,0x000000a936600000) (1024K)]
  0x0000029ad6f82bd0 JavaThread "Cache worker for file hash cache (C:\Users\Administrator\Desktop\Android Studio\Antigravity\Anikku\anikku\.gradle\8.14.3\fileHashes)"        [_thread_blocked, id=14004, stack(0x000000a936800000,0x000000a936900000) (1024K)]
  0x0000029ad6f83260 JavaThread "Cache worker for Build Output Cleanup Cache (C:\Users\Administrator\Desktop\Android Studio\Antigravity\Anikku\anikku\.gradle\buildOutputCleanup)"        [_thread_blocked, id=20676, stack(0x000000a936900000,0x000000a936a00000) (1024K)]
  0x0000029ad6f7fde0 JavaThread "Cache worker for Build Output Cleanup Cache (C:\Users\Administrator\Desktop\Android Studio\Antigravity\Anikku\anikku\buildSrc\.gradle\buildOutputCleanup)"        [_thread_blocked, id=11376, stack(0x000000a936a00000,0x000000a936b00000) (1024K)]
  0x0000029ad6f859c0 JavaThread "File watcher server"        daemon [_thread_blocked, id=10596, stack(0x000000a936b00000,0x000000a936c00000) (1024K)]
  0x0000029ad6f86050 JavaThread "File watcher consumer"      daemon [_thread_blocked, id=25148, stack(0x000000a936c00000,0x000000a936d00000) (1024K)]
  0x0000029ad6f866e0 JavaThread "Cache worker for checksums cache (C:\Users\Administrator\Desktop\Android Studio\Antigravity\Anikku\anikku\.gradle\8.14.3\checksums)"        [_thread_blocked, id=21244, stack(0x000000a936d00000,0x000000a936e00000) (1024K)]
  0x0000029ad6f84610 JavaThread "Cache worker for file content cache (C:\Users\Administrator\.gradle\caches\8.14.3\fileContent)"        [_thread_blocked, id=18536, stack(0x000000a936e00000,0x000000a936f00000) (1024K)]
  0x0000029ad6f84ca0 JavaThread "Cache worker for cache directory md-supplier (C:\Users\Administrator\.gradle\caches\8.14.3\md-supplier)"        [_thread_blocked, id=20344, stack(0x000000a936f00000,0x000000a937000000) (1024K)]
  0x0000029ad75bfdb0 JavaThread "Cache worker for cache directory md-rule (C:\Users\Administrator\.gradle\caches\8.14.3\md-rule)"        [_thread_blocked, id=12640, stack(0x000000a937000000,0x000000a937100000) (1024K)]
  0x0000029ad75c0440 JavaThread "Problems report writer"            [_thread_blocked, id=22508, stack(0x000000a937100000,0x000000a937200000) (1024K)]
  0x0000029ad75bea00 JavaThread "Memory manager"                    [_thread_blocked, id=17976, stack(0x000000a937200000,0x000000a937300000) (1024K)]
  0x0000029ad75c1160 JavaThread "Unconstrained build operations"        [_thread_blocked, id=1468, stack(0x000000a937300000,0x000000a937400000) (1024K)]
  0x0000029ad75be370 JavaThread "Unconstrained build operations Thread 2"        [_thread_blocked, id=9520, stack(0x000000a937400000,0x000000a937500000) (1024K)]
  0x0000029ad75bdce0 JavaThread "Unconstrained build operations Thread 3"        [_thread_blocked, id=10028, stack(0x000000a937500000,0x000000a937600000) (1024K)]
  0x0000029ad75c3f50 JavaThread "Unconstrained build operations Thread 4"        [_thread_blocked, id=23348, stack(0x000000a937600000,0x000000a937700000) (1024K)]
  0x0000029ad75c17f0 JavaThread "Unconstrained build operations Thread 5"        [_thread_blocked, id=13060, stack(0x000000a937700000,0x000000a937800000) (1024K)]
  0x0000029ad75c38c0 JavaThread "Unconstrained build operations Thread 6"        [_thread_blocked, id=19876, stack(0x000000a937800000,0x000000a937900000) (1024K)]
  0x0000029ad75c2ba0 JavaThread "Unconstrained build operations Thread 7"        [_thread_blocked, id=2308, stack(0x000000a937900000,0x000000a937a00000) (1024K)]
  0x0000029ad75c45e0 JavaThread "Unconstrained build operations Thread 8"        [_thread_blocked, id=16504, stack(0x000000a937a00000,0x000000a937b00000) (1024K)]
  0x0000029ad75c4c70 JavaThread "Unconstrained build operations Thread 9"        [_thread_blocked, id=14696, stack(0x000000a937b00000,0x000000a937c00000) (1024K)]
  0x0000029ad75c5300 JavaThread "build event listener"              [_thread_blocked, id=25632, stack(0x000000a937c00000,0x000000a937d00000) (1024K)]
  0x0000029ad8906500 JavaThread "included builds"                   [_thread_blocked, id=23496, stack(0x000000a937d00000,0x000000a937e00000) (1024K)]
  0x0000029ad8906b90 JavaThread "Execution worker"                  [_thread_blocked, id=2912, stack(0x000000a937e00000,0x000000a937f00000) (1024K)]
  0x0000029ad8903710 JavaThread "Execution worker Thread 2"         [_thread_blocked, id=17688, stack(0x000000a937f00000,0x000000a938000000) (1024K)]
  0x0000029ad89057e0 JavaThread "Execution worker Thread 3"         [_thread_blocked, id=11144, stack(0x000000a938000000,0x000000a938100000) (1024K)]
  0x0000029ad8907220 JavaThread "Cache worker for execution history cache (C:\Users\Administrator\Desktop\Android Studio\Antigravity\Anikku\anikku\buildSrc\.gradle\8.14.3\executionHistory)"        [_thread_blocked, id=10360, stack(0x000000a938100000,0x000000a938200000) (1024K)]
  0x0000029ad89078b0 JavaThread "Unconstrained build operations Thread 10"        [_thread_blocked, id=7792, stack(0x000000a938200000,0x000000a938300000) (1024K)]
  0x0000029ad8907f40 JavaThread "Unconstrained build operations Thread 11"        [_thread_blocked, id=8932, stack(0x000000a938300000,0x000000a938400000) (1024K)]
  0x0000029ad8904ac0 JavaThread "Unconstrained build operations Thread 12"        [_thread_blocked, id=7856, stack(0x000000a938400000,0x000000a938500000) (1024K)]
  0x0000029ad89085d0 JavaThread "Unconstrained build operations Thread 13"        [_thread_blocked, id=18456, stack(0x000000a938500000,0x000000a938600000) (1024K)]
  0x0000029ad890a010 JavaThread "Unconstrained build operations Thread 14"        [_thread_blocked, id=20556, stack(0x000000a938600000,0x000000a938700000) (1024K)]
  0x0000029ad8908c60 JavaThread "Unconstrained build operations Thread 15"        [_thread_blocked, id=8068, stack(0x000000a938700000,0x000000a938800000) (1024K)]
  0x0000029ad89092f0 JavaThread "Unconstrained build operations Thread 16"        [_thread_blocked, id=24000, stack(0x000000a938800000,0x000000a938900000) (1024K)]
  0x0000029ad890a6a0 JavaThread "Unconstrained build operations Thread 17"        [_thread_blocked, id=25328, stack(0x000000a938900000,0x000000a938a00000) (1024K)]
  0x0000029ad899c1b0 JavaThread "Unconstrained build operations Thread 18"        [_thread_blocked, id=388, stack(0x000000a938a00000,0x000000a938b00000) (1024K)]
  0x0000029ad8998d30 JavaThread "Unconstrained build operations Thread 19"        [_thread_blocked, id=20148, stack(0x000000a938b00000,0x000000a938c00000) (1024K)]
  0x0000029ad899c840 JavaThread "Unconstrained build operations Thread 20"        [_thread_blocked, id=16544, stack(0x000000a938c00000,0x000000a938d00000) (1024K)]
  0x0000029ad89993c0 JavaThread "Unconstrained build operations Thread 21"        [_thread_blocked, id=15088, stack(0x000000a938d00000,0x000000a938e00000) (1024K)]
  0x0000029ad899d560 JavaThread "Unconstrained build operations Thread 22"        [_thread_blocked, id=2484, stack(0x000000a938e00000,0x000000a938f00000) (1024K)]
  0x0000029ad899a0e0 JavaThread "Unconstrained build operations Thread 23"        [_thread_blocked, id=13812, stack(0x000000a938f00000,0x000000a939000000) (1024K)]
  0x0000029ad899a770 JavaThread "Unconstrained build operations Thread 24"        [_thread_blocked, id=25104, stack(0x000000a939000000,0x000000a939100000) (1024K)]
  0x0000029ad899e910 JavaThread "Unconstrained build operations Thread 25"        [_thread_blocked, id=22152, stack(0x000000a939100000,0x000000a939200000) (1024K)]
  0x0000029ad899ced0 JavaThread "Unconstrained build operations Thread 26"        [_thread_blocked, id=8184, stack(0x000000a939200000,0x000000a939300000) (1024K)]
  0x0000029ad899e280 JavaThread "Unconstrained build operations Thread 27"        [_thread_blocked, id=22076, stack(0x000000a939300000,0x000000a939400000) (1024K)]
  0x0000029ad899dbf0 JavaThread "Unconstrained build operations Thread 28"        [_thread_blocked, id=3248, stack(0x000000a939400000,0x000000a939500000) (1024K)]
  0x0000029ad899efa0 JavaThread "Unconstrained build operations Thread 29"        [_thread_blocked, id=4032, stack(0x000000a939500000,0x000000a939600000) (1024K)]
  0x0000029ad8999a50 JavaThread "Unconstrained build operations Thread 30"        [_thread_blocked, id=22924, stack(0x000000a939600000,0x000000a939700000) (1024K)]
  0x0000029ad899f630 JavaThread "Unconstrained build operations Thread 31"        [_thread_blocked, id=20268, stack(0x000000a939700000,0x000000a939800000) (1024K)]
  0x0000029ad899fcc0 JavaThread "Unconstrained build operations Thread 32"        [_thread_blocked, id=20256, stack(0x000000a939800000,0x000000a939900000) (1024K)]
  0x0000029ad89a0350 JavaThread "Unconstrained build operations Thread 33"        [_thread_blocked, id=16420, stack(0x000000a939900000,0x000000a939a00000) (1024K)]
  0x0000029ad62a89c0 JavaThread "Unconstrained build operations Thread 34"        [_thread_blocked, id=4100, stack(0x000000a939a00000,0x000000a939b00000) (1024K)]
  0x0000029ad62a9d70 JavaThread "Unconstrained build operations Thread 35"        [_thread_blocked, id=26020, stack(0x000000a939b00000,0x000000a939c00000) (1024K)]
  0x0000029ad62aa400 JavaThread "Unconstrained build operations Thread 36"        [_thread_blocked, id=22700, stack(0x000000a939c00000,0x000000a939d00000) (1024K)]
  0x0000029ad62a8330 JavaThread "Unconstrained build operations Thread 37"        [_thread_blocked, id=15096, stack(0x000000a939d00000,0x000000a939e00000) (1024K)]
  0x0000029ad62a7ca0 JavaThread "Unconstrained build operations Thread 38"        [_thread_blocked, id=2760, stack(0x000000a939e00000,0x000000a939f00000) (1024K)]
  0x0000029ad62a9050 JavaThread "Unconstrained build operations Thread 39"        [_thread_blocked, id=16792, stack(0x000000a939f00000,0x000000a93a000000) (1024K)]
  0x0000029ad62a96e0 JavaThread "Unconstrained build operations Thread 40"        [_thread_blocked, id=23696, stack(0x000000a93a000000,0x000000a93a100000) (1024K)]
  0x0000029ad62ab120 JavaThread "build event listener"              [_thread_blocked, id=16136, stack(0x000000a93a100000,0x000000a93a200000) (1024K)]
  0x0000029ad62ad1f0 JavaThread "build event listener"              [_thread_blocked, id=3588, stack(0x000000a93a200000,0x000000a93a300000) (1024K)]
  0x0000029ad8321c10 JavaThread "Exec process"                      [_thread_blocked, id=14508, stack(0x000000a93a300000,0x000000a93a400000) (1024K)]
  0x0000029ad831f4b0 JavaThread "Exec process Thread 2"             [_thread_blocked, id=23628, stack(0x000000a93a400000,0x000000a93a500000) (1024K)]
  0x0000029ad8320860 JavaThread "Exec process Thread 3"             [_thread_blocked, id=21812, stack(0x000000a93a500000,0x000000a93a600000) (1024K)]
  0x0000029ad7c3a230 JavaThread "Cache worker for execution history cache (C:\Users\Administrator\Desktop\Android Studio\Antigravity\Anikku\anikku\.gradle\8.14.3\executionHistory)"        [_thread_blocked, id=13072, stack(0x000000a93a600000,0x000000a93a700000) (1024K)]
  0x0000029ae1abe7e0 JavaThread "WorkerExecutor Queue"              [_thread_blocked, id=24272, stack(0x000000a934f00000,0x000000a935000000) (1024K)]
  0x0000029ae1abe150 JavaThread "RMI Scheduler(0)"           daemon [_thread_blocked, id=26580, stack(0x000000a93a800000,0x000000a93a900000) (1024K)]
  0x0000029ae1abb360 JavaThread "RMI GC Daemon"              daemon [_thread_blocked, id=25864, stack(0x000000a93aa00000,0x000000a93ab00000) (1024K)]
  0x0000029ae1abf500 JavaThread "RMI TCP Accept-0"           daemon [_thread_in_native, id=10448, stack(0x000000a93ad00000,0x000000a93ae00000) (1024K)]
  0x0000029ae1abc080 JavaThread "RMI Reaper"                        [_thread_blocked, id=17860, stack(0x000000a93ae00000,0x000000a93af00000) (1024K)]
  0x0000029ae1ac0f40 JavaThread "RMI TCP Connection(1)-127.0.0.1" daemon [_thread_in_native, id=16952, stack(0x000000a93af00000,0x000000a93b000000) (1024K)]
  0x0000029ad7c3f0f0 JavaThread "Cache worker for Java compile cache (C:\Users\Administrator\.gradle\caches\8.14.3\javaCompile)"        [_thread_blocked, id=20576, stack(0x000000a93a700000,0x000000a93a800000) (1024K)]
  0x0000029ad7c3ea60 JavaThread "Build operations"                  [_thread_blocked, id=7992, stack(0x000000a93a900000,0x000000a93aa00000) (1024K)]
  0x0000029ad8909980 JavaThread "Build operations Thread 2"         [_thread_blocked, id=15528, stack(0x000000a93ab00000,0x000000a93ac00000) (1024K)]
  0x0000029ae115f650 JavaThread "Build operations Thread 3"         [_thread_blocked, id=16184, stack(0x000000a93b000000,0x000000a93b100000) (1024K)]
  0x0000029ae115fce0 JavaThread "WorkerExecutor Queue Thread 2"        [_thread_blocked, id=7708, stack(0x000000a93b100000,0x000000a93b200000) (1024K)]
  0x0000029ae115efc0 JavaThread "WorkerExecutor Queue Thread 3"        [_thread_blocked, id=13836, stack(0x000000a93b200000,0x000000a93b300000) (1024K)]
  0x0000029ae115e930 JavaThread "WorkerExecutor Queue Thread 4"        [_thread_blocked, id=272, stack(0x000000a93b300000,0x000000a93b400000) (1024K)]
  0x0000029ae1160370 JavaThread "WorkerExecutor Queue Thread 5"        [_thread_blocked, id=1068, stack(0x000000a93b400000,0x000000a93b500000) (1024K)]
  0x0000029ae240d070 JavaThread "C2 CompilerThread1"         daemon [_thread_blocked, id=23184, stack(0x000000a934d00000,0x000000a934e00000) (1024K)]
  0x0000029ae240ae60 JavaThread "C2 CompilerThread2"         daemon [_thread_blocked, id=16696, stack(0x000000a93ac00000,0x000000a93ad00000) (1024K)]
Total: 103

Other Threads:
=>0x0000029a8f721040 VMThread "VM Thread"                           [id=22144, stack(0x000000a934300000,0x000000a934400000) (1024K)]
  0x0000029a8f70f440 WatcherThread "VM Periodic Task Thread"        [id=26552, stack(0x000000a934200000,0x000000a934300000) (1024K)]
  0x0000029aed6c5710 WorkerThread "GC Thread#0"                     [id=16232, stack(0x000000a933d00000,0x000000a933e00000) (1024K)]
  0x0000029a8f71fdd0 WorkerThread "GC Thread#1"                     [id=10616, stack(0x000000a935000000,0x000000a935100000) (1024K)]
  0x0000029a8f720530 WorkerThread "GC Thread#2"                     [id=20036, stack(0x000000a935100000,0x000000a935200000) (1024K)]
  0x0000029a8f71f670 WorkerThread "GC Thread#3"                     [id=12712, stack(0x000000a935200000,0x000000a935300000) (1024K)]
  0x0000029a8f720180 WorkerThread "GC Thread#4"                     [id=13988, stack(0x000000a935300000,0x000000a935400000) (1024K)]
  0x0000029a8f720c90 WorkerThread "GC Thread#5"                     [id=22176, stack(0x000000a935400000,0x000000a935500000) (1024K)]
  0x0000029a8f7208e0 WorkerThread "GC Thread#6"                     [id=14776, stack(0x000000a935500000,0x000000a935600000) (1024K)]
  0x0000029a8fc3d3a0 WorkerThread "GC Thread#7"                     [id=20844, stack(0x000000a935600000,0x000000a935700000) (1024K)]
  0x0000029a8fc3bd80 WorkerThread "GC Thread#8"                     [id=26296, stack(0x000000a935700000,0x000000a935800000) (1024K)]
  0x0000029a8fc3ab10 WorkerThread "GC Thread#9"                     [id=13204, stack(0x000000a935800000,0x000000a935900000) (1024K)]
  0x0000029aed6d44a0 ConcurrentGCThread "G1 Main Marker"            [id=25284, stack(0x000000a933e00000,0x000000a933f00000) (1024K)]
  0x0000029aed6d5660 WorkerThread "G1 Conc#0"                       [id=21460, stack(0x000000a933f00000,0x000000a934000000) (1024K)]
  0x0000029ad85d1390 WorkerThread "G1 Conc#1"                       [id=9780, stack(0x000000a936600000,0x000000a936700000) (1024K)]
  0x0000029ad85d1ea0 WorkerThread "G1 Conc#2"                       [id=16780, stack(0x000000a936700000,0x000000a936800000) (1024K)]
  0x0000029a8f5dbe00 ConcurrentGCThread "G1 Refine#0"               [id=18688, stack(0x000000a934000000,0x000000a934100000) (1024K)]
  0x0000029a8f5df750 ConcurrentGCThread "G1 Service"                [id=26256, stack(0x000000a934100000,0x000000a934200000) (1024K)]
Total: 18

Threads with active compile tasks:
C2 CompilerThread0  28862 25203   !   4       java.lang.invoke.MethodHandles$Lookup$ClassDefiner::defineClass (213 bytes)
C2 CompilerThread1  28862 25208   !   4       com.android.tools.r8.graph.B2::<init> (70 bytes)
C2 CompilerThread2  28862 25207       4       java.util.HashSet::toArray (16 bytes)
Total: 3

VM state: at safepoint (normal execution)

VM Mutex/Monitor currently owned by a thread:  ([mutex/lock_event])
[0x00007ff92a039b28] Threads_lock - owner thread: 0x0000029a8f721040
[0x00007ff92a039c28] Heap_lock - owner thread: 0x0000029aed6d44a0

Heap address: 0x0000000800400000, size: 6144 MB, Compressed Oops mode: Non-zero disjoint base: 0x0000000800000000, Oop shift amount: 3

CDS archive(s) mapped at: [0x0000029a90000000-0x0000029a90cd0000-0x0000029a90cd0000), size 13434880, SharedBaseAddress: 0x0000029a90000000, ArchiveRelocationMode: 1.
Compressed class space mapped at: 0x0000029a91000000-0x0000029ad1000000, reserved size: 1073741824
Narrow klass base: 0x0000029a90000000, Narrow klass shift: 0, Narrow klass range: 0x100000000

GC Precious Log:
 CardTable entry size: 512
 Card Set container configuration: InlinePtr #cards 4 size 8 Array Of Cards #cards 32 size 80 Howl #buckets 8 coarsen threshold 7372 Howl Bitmap #cards 1024 size 144 coarsen threshold 921 Card regions per heap region 1 cards per card region 8192
 CPUs: 12 total, 12 available
 Memory: 31913M
 Large Page Support: Disabled
 NUMA Support: Disabled
 Compressed Oops: Enabled (Non-zero disjoint base)
 Heap Region Size: 4M
 Heap Min Capacity: 8M
 Heap Initial Capacity: 500M
 Heap Max Capacity: 6G
 Pre-touch: Disabled
 Parallel Workers: 10
 Concurrent Workers: 3
 Concurrent Refinement Workers: 10
 Periodic GC: Disabled

Heap:
 garbage-first heap   total 630784K, used 471541K [0x0000000800400000, 0x0000000980400000)
  region size 4096K, 20 young (81920K), 7 survivors (28672K)
 Metaspace       used 158947K, committed 161984K, reserved 1245184K
  class space    used 21564K, committed 23040K, reserved 1048576K

Heap Regions: E=young(eden), S=young(survivor), O=old, HS=humongous(starts), HC=humongous(continues), CS=collection set, F=free, TAMS=top-at-mark-start, PB=parsable bottom
|   0|0x0000000800400000, 0x0000000800800000, 0x0000000800800000|100%|HS|  |TAMS 0x0000000800800000| PB 0x0000000800400000| Complete 
|   1|0x0000000800800000, 0x0000000800c00000, 0x0000000800c00000|100%| O|  |TAMS 0x0000000800c00000| PB 0x0000000800c00000| Untracked 
|   2|0x0000000800c00000, 0x0000000800f98000, 0x0000000801000000| 89%| O|  |TAMS 0x0000000800f98000| PB 0x0000000800f98000| Updating 
|   3|0x0000000801000000, 0x0000000801400000, 0x0000000801400000|100%| O|  |TAMS 0x0000000801400000| PB 0x0000000801400000| Untracked 
|   4|0x0000000801400000, 0x0000000801800000, 0x0000000801800000|100%| O|  |TAMS 0x0000000801800000| PB 0x0000000801800000| Untracked 
|   5|0x0000000801800000, 0x0000000801c00000, 0x0000000801c00000|100%| O|  |TAMS 0x0000000801c00000| PB 0x0000000801c00000| Untracked 
|   6|0x0000000801c00000, 0x0000000802000000, 0x0000000802000000|100%| O|  |TAMS 0x0000000802000000| PB 0x0000000802000000| Updating 
|   7|0x0000000802000000, 0x0000000802400000, 0x0000000802400000|100%| O|  |TAMS 0x0000000802400000| PB 0x0000000802400000| Untracked 
|   8|0x0000000802400000, 0x0000000802800000, 0x0000000802800000|100%| O|  |TAMS 0x0000000802800000| PB 0x0000000802800000| Untracked 
|   9|0x0000000802800000, 0x0000000802c00000, 0x0000000802c00000|100%|HS|  |TAMS 0x0000000802c00000| PB 0x0000000802800000| Complete 
|  10|0x0000000802c00000, 0x0000000803000000, 0x0000000803000000|100%| O|  |TAMS 0x0000000803000000| PB 0x0000000803000000| Untracked 
|  11|0x0000000803000000, 0x0000000803400000, 0x0000000803400000|100%| O|  |TAMS 0x0000000803400000| PB 0x0000000803400000| Untracked 
|  12|0x0000000803400000, 0x0000000803800000, 0x0000000803800000|100%| O|  |TAMS 0x0000000803800000| PB 0x0000000803800000| Untracked 
|  13|0x0000000803800000, 0x0000000803c00000, 0x0000000803c00000|100%| O|  |TAMS 0x0000000803c00000| PB 0x0000000803c00000| Updating 
|  14|0x0000000803c00000, 0x0000000804000000, 0x0000000804000000|100%| O|  |TAMS 0x0000000804000000| PB 0x0000000804000000| Untracked 
|  15|0x0000000804000000, 0x0000000804400000, 0x0000000804400000|100%| O|  |TAMS 0x0000000804400000| PB 0x0000000804400000| Untracked 
|  16|0x0000000804400000, 0x0000000804800000, 0x0000000804800000|100%|HS|  |TAMS 0x0000000804800000| PB 0x0000000804400000| Complete 
|  17|0x0000000804800000, 0x0000000804c00000, 0x0000000804c00000|100%| O|  |TAMS 0x0000000804c00000| PB 0x0000000804c00000| Untracked 
|  18|0x0000000804c00000, 0x0000000805000000, 0x0000000805000000|100%| O|  |TAMS 0x0000000805000000| PB 0x0000000805000000| Untracked 
|  19|0x0000000805000000, 0x0000000805400000, 0x0000000805400000|100%| O|  |TAMS 0x0000000805400000| PB 0x0000000805400000| Untracked 
|  20|0x0000000805400000, 0x0000000805800000, 0x0000000805800000|100%| O|  |TAMS 0x0000000805800000| PB 0x0000000805800000| Updating 
|  21|0x0000000805800000, 0x0000000805c00000, 0x0000000805c00000|100%| O|  |TAMS 0x0000000805c00000| PB 0x0000000805c00000| Untracked 
|  22|0x0000000805c00000, 0x0000000806000000, 0x0000000806000000|100%| O|  |TAMS 0x0000000806000000| PB 0x0000000806000000| Untracked 
|  23|0x0000000806000000, 0x0000000806400000, 0x0000000806400000|100%| O|  |TAMS 0x0000000806400000| PB 0x0000000806400000| Updating 
|  24|0x0000000806400000, 0x0000000806800000, 0x0000000806800000|100%| O|  |TAMS 0x0000000806800000| PB 0x0000000806800000| Updating 
|  25|0x0000000806800000, 0x0000000806c00000, 0x0000000806c00000|100%| O|  |TAMS 0x0000000806c00000| PB 0x0000000806c00000| Untracked 
|  26|0x0000000806c00000, 0x0000000807000000, 0x0000000807000000|100%| O|  |TAMS 0x0000000807000000| PB 0x0000000807000000| Untracked 
|  27|0x0000000807000000, 0x0000000807400000, 0x0000000807400000|100%| O|  |TAMS 0x0000000807400000| PB 0x0000000807400000| Untracked 
|  28|0x0000000807400000, 0x0000000807800000, 0x0000000807800000|100%| O|  |TAMS 0x0000000807800000| PB 0x0000000807800000| Untracked 
|  29|0x0000000807800000, 0x0000000807c00000, 0x0000000807c00000|100%| O|  |TAMS 0x0000000807c00000| PB 0x0000000807c00000| Updating 
|  30|0x0000000807c00000, 0x0000000808000000, 0x0000000808000000|100%| O|  |TAMS 0x0000000808000000| PB 0x0000000808000000| Untracked 
|  31|0x0000000808000000, 0x0000000808400000, 0x0000000808400000|100%| O|  |TAMS 0x0000000808400000| PB 0x0000000808400000| Untracked 
|  32|0x0000000808400000, 0x0000000808800000, 0x0000000808800000|100%| O|  |TAMS 0x0000000808800000| PB 0x0000000808800000| Untracked 
|  33|0x0000000808800000, 0x0000000808c00000, 0x0000000808c00000|100%| O|  |TAMS 0x0000000808c00000| PB 0x0000000808c00000| Updating 
|  34|0x0000000808c00000, 0x0000000809000000, 0x0000000809000000|100%| O|  |TAMS 0x0000000809000000| PB 0x0000000809000000| Untracked 
|  35|0x0000000809000000, 0x0000000809400000, 0x0000000809400000|100%| O|  |TAMS 0x0000000809400000| PB 0x0000000809400000| Updating 
|  36|0x0000000809400000, 0x0000000809800000, 0x0000000809800000|100%| O|  |TAMS 0x0000000809800000| PB 0x0000000809800000| Updating 
|  37|0x0000000809800000, 0x0000000809c00000, 0x0000000809c00000|100%| O|  |TAMS 0x0000000809c00000| PB 0x0000000809c00000| Untracked 
|  38|0x0000000809c00000, 0x000000080a000000, 0x000000080a000000|100%| O|  |TAMS 0x000000080a000000| PB 0x000000080a000000| Updating 
|  39|0x000000080a000000, 0x000000080a400000, 0x000000080a400000|100%| O|  |TAMS 0x000000080a000000| PB 0x000000080a000000| Untracked 
|  40|0x000000080a400000, 0x000000080a800000, 0x000000080a800000|100%| O|  |TAMS 0x000000080a800000| PB 0x000000080a800000| Updating 
|  41|0x000000080a800000, 0x000000080ac00000, 0x000000080ac00000|100%| O|  |TAMS 0x000000080ac00000| PB 0x000000080ac00000| Untracked 
|  42|0x000000080ac00000, 0x000000080b000000, 0x000000080b000000|100%| O|  |TAMS 0x000000080b000000| PB 0x000000080b000000| Untracked 
|  43|0x000000080b000000, 0x000000080b400000, 0x000000080b400000|100%| O|  |TAMS 0x000000080b400000| PB 0x000000080b400000| Untracked 
|  44|0x000000080b400000, 0x000000080b800000, 0x000000080b800000|100%| O|  |TAMS 0x000000080b800000| PB 0x000000080b800000| Untracked 
|  45|0x000000080b800000, 0x000000080bc00000, 0x000000080bc00000|100%| O|  |TAMS 0x000000080bc00000| PB 0x000000080bc00000| Updating 
|  46|0x000000080bc00000, 0x000000080c000000, 0x000000080c000000|100%| O|  |TAMS 0x000000080c000000| PB 0x000000080c000000| Updating 
|  47|0x000000080c000000, 0x000000080c400000, 0x000000080c400000|100%| O|  |TAMS 0x000000080c400000| PB 0x000000080c400000| Untracked 
|  48|0x000000080c400000, 0x000000080c800000, 0x000000080c800000|100%| O|  |TAMS 0x000000080c800000| PB 0x000000080c800000| Untracked 
|  49|0x000000080c800000, 0x000000080cc00000, 0x000000080cc00000|100%| O|  |TAMS 0x000000080cc00000| PB 0x000000080cc00000| Untracked 
|  50|0x000000080cc00000, 0x000000080d000000, 0x000000080d000000|100%| O|  |TAMS 0x000000080d000000| PB 0x000000080d000000| Untracked 
|  51|0x000000080d000000, 0x000000080d400000, 0x000000080d400000|100%| O|  |TAMS 0x000000080d400000| PB 0x000000080d400000| Untracked 
|  52|0x000000080d400000, 0x000000080d800000, 0x000000080d800000|100%| O|  |TAMS 0x000000080d800000| PB 0x000000080d800000| Untracked 
|  53|0x000000080d800000, 0x000000080dc00000, 0x000000080dc00000|100%| O|  |TAMS 0x000000080dc00000| PB 0x000000080dc00000| Untracked 
|  54|0x000000080dc00000, 0x000000080e000000, 0x000000080e000000|100%| O|  |TAMS 0x000000080e000000| PB 0x000000080e000000| Untracked 
|  55|0x000000080e000000, 0x000000080e400000, 0x000000080e400000|100%| O|  |TAMS 0x000000080e400000| PB 0x000000080e400000| Untracked 
|  56|0x000000080e400000, 0x000000080e800000, 0x000000080e800000|100%| O|  |TAMS 0x000000080e800000| PB 0x000000080e800000| Updating 
|  57|0x000000080e800000, 0x000000080ec00000, 0x000000080ec00000|100%| O|  |TAMS 0x000000080ec00000| PB 0x000000080ec00000| Updating 
|  58|0x000000080ec00000, 0x000000080f000000, 0x000000080f000000|100%| O|  |TAMS 0x000000080f000000| PB 0x000000080f000000| Untracked 
|  59|0x000000080f000000, 0x000000080f400000, 0x000000080f400000|100%| O|  |TAMS 0x000000080f400000| PB 0x000000080f400000| Untracked 
|  60|0x000000080f400000, 0x000000080f800000, 0x000000080f800000|100%| O|  |TAMS 0x000000080f800000| PB 0x000000080f800000| Untracked 
|  61|0x000000080f800000, 0x000000080fc00000, 0x000000080fc00000|100%| O|  |TAMS 0x000000080fc00000| PB 0x000000080fc00000| Updating 
|  62|0x000000080fc00000, 0x0000000810000000, 0x0000000810000000|100%| O|  |TAMS 0x0000000810000000| PB 0x0000000810000000| Untracked 
|  63|0x0000000810000000, 0x0000000810400000, 0x0000000810400000|100%| O|  |TAMS 0x0000000810400000| PB 0x0000000810400000| Updating 
|  64|0x0000000810400000, 0x0000000810800000, 0x0000000810800000|100%| O|  |TAMS 0x0000000810800000| PB 0x0000000810800000| Untracked 
|  65|0x0000000810800000, 0x0000000810c00000, 0x0000000810c00000|100%| O|  |TAMS 0x0000000810c00000| PB 0x0000000810c00000| Untracked 
|  66|0x0000000810c00000, 0x0000000811000000, 0x0000000811000000|100%| O|  |TAMS 0x0000000811000000| PB 0x0000000811000000| Untracked 
|  67|0x0000000811000000, 0x0000000811400000, 0x0000000811400000|100%| O|  |TAMS 0x0000000811400000| PB 0x0000000811400000| Untracked 
|  68|0x0000000811400000, 0x0000000811800000, 0x0000000811800000|100%| O|  |TAMS 0x0000000811800000| PB 0x0000000811800000| Untracked 
|  69|0x0000000811800000, 0x0000000811c00000, 0x0000000811c00000|100%| O|  |TAMS 0x0000000811c00000| PB 0x0000000811c00000| Untracked 
|  70|0x0000000811c00000, 0x0000000812000000, 0x0000000812000000|100%| O|  |TAMS 0x0000000811c00000| PB 0x0000000811c00000| Untracked 
|  71|0x0000000812000000, 0x0000000812400000, 0x0000000812400000|100%| O|  |TAMS 0x0000000812400000| PB 0x0000000812400000| Untracked 
|  72|0x0000000812400000, 0x0000000812800000, 0x0000000812800000|100%| O|  |TAMS 0x0000000812800000| PB 0x0000000812800000| Untracked 
|  73|0x0000000812800000, 0x0000000812c00000, 0x0000000812c00000|100%| O|  |TAMS 0x0000000812c00000| PB 0x0000000812c00000| Untracked 
|  74|0x0000000812c00000, 0x0000000813000000, 0x0000000813000000|100%| O|  |TAMS 0x0000000813000000| PB 0x0000000813000000| Untracked 
|  75|0x0000000813000000, 0x0000000813400000, 0x0000000813400000|100%| O|  |TAMS 0x0000000813400000| PB 0x0000000813400000| Untracked 
|  76|0x0000000813400000, 0x0000000813800000, 0x0000000813800000|100%| O|  |TAMS 0x0000000813800000| PB 0x0000000813800000| Untracked 
|  77|0x0000000813800000, 0x0000000813c00000, 0x0000000813c00000|100%| O|  |TAMS 0x0000000813c00000| PB 0x0000000813c00000| Untracked 
|  78|0x0000000813c00000, 0x0000000814000000, 0x0000000814000000|100%| O|  |TAMS 0x0000000813c00000| PB 0x0000000813c00000| Untracked 
|  79|0x0000000814000000, 0x0000000814400000, 0x0000000814400000|100%| O|  |TAMS 0x0000000814400000| PB 0x0000000814400000| Updating 
|  80|0x0000000814400000, 0x0000000814800000, 0x0000000814800000|100%| O|  |TAMS 0x0000000814800000| PB 0x0000000814800000| Untracked 
|  81|0x0000000814800000, 0x0000000814c00000, 0x0000000814c00000|100%| O|  |TAMS 0x0000000814c00000| PB 0x0000000814c00000| Untracked 
|  82|0x0000000814c00000, 0x0000000815000000, 0x0000000815000000|100%| O|  |TAMS 0x0000000815000000| PB 0x0000000815000000| Untracked 
|  83|0x0000000815000000, 0x0000000815400000, 0x0000000815400000|100%| O|  |TAMS 0x0000000815400000| PB 0x0000000815400000| Untracked 
|  84|0x0000000815400000, 0x0000000815800000, 0x0000000815800000|100%| O|  |TAMS 0x0000000815800000| PB 0x0000000815800000| Untracked 
|  85|0x0000000815800000, 0x0000000815c00000, 0x0000000815c00000|100%| O|  |TAMS 0x0000000815c00000| PB 0x0000000815c00000| Untracked 
|  86|0x0000000815c00000, 0x0000000816000000, 0x0000000816000000|100%| O|  |TAMS 0x0000000815c00000| PB 0x0000000815c00000| Untracked 
|  87|0x0000000816000000, 0x0000000816400000, 0x0000000816400000|100%| O|  |TAMS 0x0000000816000000| PB 0x0000000816000000| Untracked 
|  88|0x0000000816400000, 0x0000000816800000, 0x0000000816800000|100%| O|  |TAMS 0x0000000816400000| PB 0x0000000816400000| Untracked 
|  89|0x0000000816800000, 0x0000000816c00000, 0x0000000816c00000|100%| O|  |TAMS 0x0000000816800000| PB 0x0000000816800000| Untracked 
|  90|0x0000000816c00000, 0x0000000817000000, 0x0000000817000000|100%| O|  |TAMS 0x0000000816c00000| PB 0x0000000816c00000| Untracked 
|  91|0x0000000817000000, 0x00000008170e5670, 0x0000000817400000| 22%| O|  |TAMS 0x0000000817000000| PB 0x0000000817000000| Updating 
|  92|0x0000000817400000, 0x0000000817800000, 0x0000000817800000|100%| S|CS|TAMS 0x0000000817400000| PB 0x0000000817400000| Complete 
|  93|0x0000000817800000, 0x0000000817c00000, 0x0000000817c00000|100%| O|  |TAMS 0x0000000817c00000| PB 0x0000000817c00000| Untracked 
|  94|0x0000000817c00000, 0x0000000818000000, 0x0000000818000000|100%| O|  |TAMS 0x0000000818000000| PB 0x0000000818000000| Updating 
|  95|0x0000000818000000, 0x0000000818400000, 0x0000000818400000|100%| O|  |TAMS 0x00000008180f8000| PB 0x00000008180f8000| Untracked 
|  96|0x0000000818400000, 0x0000000818400000, 0x0000000818800000|  0%| F|  |TAMS 0x0000000818400000| PB 0x0000000818400000| Untracked 
|  97|0x0000000818800000, 0x0000000818800000, 0x0000000818c00000|  0%| F|  |TAMS 0x0000000818800000| PB 0x0000000818800000| Untracked 
|  98|0x0000000818c00000, 0x0000000818c00000, 0x0000000819000000|  0%| F|  |TAMS 0x0000000818c00000| PB 0x0000000818c00000| Untracked 
|  99|0x0000000819000000, 0x0000000819000000, 0x0000000819400000|  0%| F|  |TAMS 0x0000000819000000| PB 0x0000000819000000| Untracked 
| 100|0x0000000819400000, 0x0000000819400000, 0x0000000819800000|  0%| F|  |TAMS 0x0000000819400000| PB 0x0000000819400000| Untracked 
| 101|0x0000000819800000, 0x0000000819800000, 0x0000000819c00000|  0%| F|  |TAMS 0x0000000819800000| PB 0x0000000819800000| Untracked 
| 102|0x0000000819c00000, 0x0000000819c00000, 0x000000081a000000|  0%| F|  |TAMS 0x0000000819c00000| PB 0x0000000819c00000| Untracked 
| 103|0x000000081a000000, 0x000000081a400000, 0x000000081a400000|100%| S|CS|TAMS 0x000000081a000000| PB 0x000000081a000000| Complete 
| 104|0x000000081a400000, 0x000000081a800000, 0x000000081a800000|100%| S|CS|TAMS 0x000000081a400000| PB 0x000000081a400000| Complete 
| 105|0x000000081a800000, 0x000000081ac00000, 0x000000081ac00000|100%| S|CS|TAMS 0x000000081a800000| PB 0x000000081a800000| Complete 
| 106|0x000000081ac00000, 0x000000081b000000, 0x000000081b000000|100%| S|CS|TAMS 0x000000081ac00000| PB 0x000000081ac00000| Complete 
| 107|0x000000081b000000, 0x000000081b400000, 0x000000081b400000|100%| S|CS|TAMS 0x000000081b000000| PB 0x000000081b000000| Complete 
| 108|0x000000081b400000, 0x000000081b800000, 0x000000081b800000|100%| S|CS|TAMS 0x000000081b400000| PB 0x000000081b400000| Complete 
| 109|0x000000081b800000, 0x000000081b800000, 0x000000081bc00000|  0%| F|  |TAMS 0x000000081b800000| PB 0x000000081b800000| Untracked 
| 110|0x000000081bc00000, 0x000000081bc00000, 0x000000081c000000|  0%| F|  |TAMS 0x000000081bc00000| PB 0x000000081bc00000| Untracked 
| 111|0x000000081c000000, 0x000000081c000000, 0x000000081c400000|  0%| F|  |TAMS 0x000000081c000000| PB 0x000000081c000000| Untracked 
| 112|0x000000081c400000, 0x000000081c400000, 0x000000081c800000|  0%| F|  |TAMS 0x000000081c400000| PB 0x000000081c400000| Untracked 
| 113|0x000000081c800000, 0x000000081c800000, 0x000000081cc00000|  0%| F|  |TAMS 0x000000081c800000| PB 0x000000081c800000| Untracked 
| 114|0x000000081cc00000, 0x000000081cc00000, 0x000000081d000000|  0%| F|  |TAMS 0x000000081cc00000| PB 0x000000081cc00000| Untracked 
| 115|0x000000081d000000, 0x000000081d000000, 0x000000081d400000|  0%| F|  |TAMS 0x000000081d000000| PB 0x000000081d000000| Untracked 
| 116|0x000000081d400000, 0x000000081d400000, 0x000000081d800000|  0%| F|  |TAMS 0x000000081d400000| PB 0x000000081d400000| Untracked 
| 117|0x000000081d800000, 0x000000081d800000, 0x000000081dc00000|  0%| F|  |TAMS 0x000000081d800000| PB 0x000000081d800000| Untracked 
| 118|0x000000081dc00000, 0x000000081dc00000, 0x000000081e000000|  0%| F|  |TAMS 0x000000081dc00000| PB 0x000000081dc00000| Untracked 
| 119|0x000000081e000000, 0x000000081e000000, 0x000000081e400000|  0%| F|  |TAMS 0x000000081e000000| PB 0x000000081e000000| Untracked 
| 120|0x000000081e400000, 0x000000081e400000, 0x000000081e800000|  0%| F|  |TAMS 0x000000081e400000| PB 0x000000081e400000| Untracked 
| 121|0x000000081e800000, 0x000000081e800000, 0x000000081ec00000|  0%| F|  |TAMS 0x000000081e800000| PB 0x000000081e800000| Untracked 
| 122|0x000000081ec00000, 0x000000081ec00000, 0x000000081f000000|  0%| F|  |TAMS 0x000000081ec00000| PB 0x000000081ec00000| Untracked 
| 123|0x000000081f000000, 0x000000081f000000, 0x000000081f400000|  0%| F|  |TAMS 0x000000081f000000| PB 0x000000081f000000| Untracked 
| 124|0x000000081f400000, 0x000000081f400000, 0x000000081f800000|  0%| F|  |TAMS 0x000000081f400000| PB 0x000000081f400000| Untracked 
| 125|0x000000081f800000, 0x000000081f800000, 0x000000081fc00000|  0%| F|  |TAMS 0x000000081f800000| PB 0x000000081f800000| Untracked 
| 126|0x000000081fc00000, 0x000000081fc00000, 0x0000000820000000|  0%| F|  |TAMS 0x000000081fc00000| PB 0x000000081fc00000| Untracked 
| 127|0x0000000820000000, 0x0000000820000000, 0x0000000820400000|  0%| F|  |TAMS 0x0000000820000000| PB 0x0000000820000000| Untracked 
| 128|0x0000000820400000, 0x0000000820400000, 0x0000000820800000|  0%| F|  |TAMS 0x0000000820400000| PB 0x0000000820400000| Untracked 
| 129|0x0000000820800000, 0x0000000820800000, 0x0000000820c00000|  0%| F|  |TAMS 0x0000000820800000| PB 0x0000000820800000| Untracked 
| 130|0x0000000820c00000, 0x0000000820c00000, 0x0000000821000000|  0%| F|  |TAMS 0x0000000820c00000| PB 0x0000000820c00000| Untracked 
| 131|0x0000000821000000, 0x0000000821000000, 0x0000000821400000|  0%| F|  |TAMS 0x0000000821000000| PB 0x0000000821000000| Untracked 
| 132|0x0000000821400000, 0x0000000821400000, 0x0000000821800000|  0%| F|  |TAMS 0x0000000821400000| PB 0x0000000821400000| Untracked 
| 133|0x0000000821800000, 0x0000000821800000, 0x0000000821c00000|  0%| F|  |TAMS 0x0000000821800000| PB 0x0000000821800000| Untracked 
| 134|0x0000000821c00000, 0x0000000821c00000, 0x0000000822000000|  0%| F|  |TAMS 0x0000000821c00000| PB 0x0000000821c00000| Untracked 
| 135|0x0000000822000000, 0x0000000822000000, 0x0000000822400000|  0%| F|  |TAMS 0x0000000822000000| PB 0x0000000822000000| Untracked 
| 136|0x0000000822400000, 0x0000000822400000, 0x0000000822800000|  0%| F|  |TAMS 0x0000000822400000| PB 0x0000000822400000| Untracked 
| 137|0x0000000822800000, 0x0000000822800000, 0x0000000822c00000|  0%| F|  |TAMS 0x0000000822800000| PB 0x0000000822800000| Untracked 
| 138|0x0000000822c00000, 0x0000000822c00000, 0x0000000823000000|  0%| F|  |TAMS 0x0000000822c00000| PB 0x0000000822c00000| Untracked 
| 139|0x0000000823000000, 0x00000008230968b0, 0x0000000823400000| 14%| E|  |TAMS 0x0000000823000000| PB 0x0000000823000000| Complete 
| 140|0x0000000823400000, 0x0000000823800000, 0x0000000823800000|100%| E|CS|TAMS 0x0000000823400000| PB 0x0000000823400000| Complete 
| 141|0x0000000823800000, 0x0000000823c00000, 0x0000000823c00000|100%| E|CS|TAMS 0x0000000823800000| PB 0x0000000823800000| Complete 
| 142|0x0000000823c00000, 0x0000000824000000, 0x0000000824000000|100%| E|CS|TAMS 0x0000000823c00000| PB 0x0000000823c00000| Complete 
| 143|0x0000000824000000, 0x0000000824400000, 0x0000000824400000|100%| E|CS|TAMS 0x0000000824000000| PB 0x0000000824000000| Complete 
| 144|0x0000000824400000, 0x0000000824800000, 0x0000000824800000|100%| E|CS|TAMS 0x0000000824400000| PB 0x0000000824400000| Complete 
| 145|0x0000000824800000, 0x0000000824c00000, 0x0000000824c00000|100%| E|CS|TAMS 0x0000000824800000| PB 0x0000000824800000| Complete 
| 146|0x0000000824c00000, 0x0000000825000000, 0x0000000825000000|100%| E|CS|TAMS 0x0000000824c00000| PB 0x0000000824c00000| Complete 
| 147|0x0000000825000000, 0x0000000825400000, 0x0000000825400000|100%| E|CS|TAMS 0x0000000825000000| PB 0x0000000825000000| Complete 
| 148|0x0000000825400000, 0x0000000825800000, 0x0000000825800000|100%| E|CS|TAMS 0x0000000825400000| PB 0x0000000825400000| Complete 
| 149|0x0000000825800000, 0x0000000825c00000, 0x0000000825c00000|100%| E|CS|TAMS 0x0000000825800000| PB 0x0000000825800000| Complete 
| 150|0x0000000825c00000, 0x0000000826000000, 0x0000000826000000|100%| E|CS|TAMS 0x0000000825c00000| PB 0x0000000825c00000| Complete 
| 151|0x0000000826000000, 0x0000000826400000, 0x0000000826400000|100%| E|CS|TAMS 0x0000000826000000| PB 0x0000000826000000| Complete 
|1534|0x000000097fc00000, 0x0000000980000000, 0x0000000980000000|100%| O|  |TAMS 0x0000000980000000| PB 0x0000000980000000| Updating 
|1535|0x0000000980000000, 0x0000000980400000, 0x0000000980400000|100%| O|  |TAMS 0x0000000980400000| PB 0x0000000980400000| Untracked 

Card table byte_map: [0x0000029af6fa0000,0x0000029af7ba0000] _byte_map_base: 0x0000029af2f9e000

Marking Bits: (CMBitMap*) 0x0000029aed6c5d30
 Bits: [0x0000029af7ba0000, 0x0000029afdba0000)

Polling page: 0x0000029aeb4e0000

Metaspace:

Usage:
  Non-class:    134.16 MB used.
      Class:     21.06 MB used.
       Both:    155.22 MB used.

Virtual space:
  Non-class space:      192.00 MB reserved,     135.69 MB ( 71%) committed,  3 nodes.
      Class space:        1.00 GB reserved,      22.50 MB (  2%) committed,  1 nodes.
             Both:        1.19 GB reserved,     158.19 MB ( 13%) committed. 

Chunk freelists:
   Non-Class:  8.34 MB
       Class:  9.54 MB
        Both:  17.87 MB

MaxMetaspaceSize: unlimited
CompressedClassSpaceSize: 1.00 GB
Initial GC threshold: 21.00 MB
Current GC threshold: 248.06 MB
CDS: on
 - commit_granule_bytes: 65536.
 - commit_granule_words: 8192.
 - virtual_space_node_default_size: 8388608.
 - enlarge_chunks_in_place: 1.
 - use_allocation_guard: 0.


Internal statistics:

num_allocs_failed_limit: 9.
num_arena_births: 5128.
num_arena_deaths: 2.
num_vsnodes_births: 4.
num_vsnodes_deaths: 0.
num_space_committed: 2532.
num_space_uncommitted: 1.
num_chunks_returned_to_freelist: 25.
num_chunks_taken_from_freelist: 12638.
num_chunk_merges: 13.
num_chunk_splits: 8260.
num_chunks_enlarged: 5213.
num_inconsistent_stats: 0.

CodeHeap 'non-profiled nmethods': size=120000Kb used=15033Kb max_used=17185Kb free=104966Kb
 bounds [0x0000029a87ad0000, 0x0000029a88ba0000, 0x0000029a8f000000]
CodeHeap 'profiled nmethods': size=120000Kb used=32858Kb max_used=37388Kb free=87141Kb
 bounds [0x0000029a80000000, 0x0000029a82490000, 0x0000029a87530000]
CodeHeap 'non-nmethods': size=5760Kb used=3381Kb max_used=3449Kb free=2378Kb
 bounds [0x0000029a87530000, 0x0000029a878a0000, 0x0000029a87ad0000]
 total_blobs=17916 nmethods=16801 adapters=1018
 compilation: enabled
              stopped_count=0, restarted_count=0
 full_count=0

Compilation events (20 events):
Event: 27.728 Thread 0x0000029a8f758010 nmethod 25196 0x0000029a88b95d10 code [0x0000029a88b95ea0, 0x0000029a88b95f70]
Event: 27.728 Thread 0x0000029a8f758010 25198       3       com.android.tools.r8.graph.u1::a (18 bytes)
Event: 27.728 Thread 0x0000029a8f758010 nmethod 25198 0x0000029a82481690 code [0x0000029a824818c0, 0x0000029a82482220]
Event: 27.729 Thread 0x0000029ae240ae60 nmethod 25197 0x0000029a88b96310 code [0x0000029a88b964a0, 0x0000029a88b96618]
Event: 27.729 Thread 0x0000029ae240d070 25200       4       com.android.tools.r8.internal.r50::d (14 bytes)
Event: 27.730 Thread 0x0000029ae240ae60 25201       4       java.lang.invoke.MemberName::<init> (139 bytes)
Event: 27.732 Thread 0x0000029a8f754670 nmethod 25194 0x0000029a88b96690 code [0x0000029a88b96860, 0x0000029a88b96dc0]
Event: 27.732 Thread 0x0000029a8f754670 25202       4       java.lang.System$2::defineClass (21 bytes)
Event: 27.733 Thread 0x0000029a8f754670 nmethod 25202 0x0000029a88b97010 code [0x0000029a88b971a0, 0x0000029a88b972b0]
Event: 27.733 Thread 0x0000029a8f754670 25203   !   4       java.lang.invoke.MethodHandles$Lookup$ClassDefiner::defineClass (213 bytes)
Event: 27.734 Thread 0x0000029ae240d070 nmethod 25200 0x0000029a88b97390 code [0x0000029a88b97560, 0x0000029a88b97790]
Event: 27.734 Thread 0x0000029ae240d070 25204       4       java.lang.invoke.MemberName::asSpecial (89 bytes)
Event: 27.734 Thread 0x0000029ae240d070 nmethod 25204 0x0000029a88b97a90 code [0x0000029a88b97c20, 0x0000029a88b97d40]
Event: 27.735 Thread 0x0000029ae240ae60 nmethod 25201 0x0000029a88b97e10 code [0x0000029a88b97fe0, 0x0000029a88b98530]
Event: 27.736 Thread 0x0000029a8f758010 25205       3       com.android.tools.r8.internal.z5::<init> (10 bytes)
Event: 27.736 Thread 0x0000029ae240ae60 25207       4       java.util.HashSet::toArray (16 bytes)
Event: 27.736 Thread 0x0000029a8f758010 nmethod 25205 0x0000029a82482590 code [0x0000029a82482740, 0x0000029a82482918]
Event: 27.737 Thread 0x0000029a8f758010 25206       3       com.android.tools.r8.internal.B5::a (41 bytes)
Event: 27.737 Thread 0x0000029a8f758010 nmethod 25206 0x0000029a82482a10 code [0x0000029a82482be0, 0x0000029a82482f58]
Event: 27.738 Thread 0x0000029ae240d070 25208   !   4       com.android.tools.r8.graph.B2::<init> (70 bytes)

GC Heap History (20 events):
Event: 15.893 GC heap before
{Heap before GC invocations=60 (full 0):
 garbage-first heap   total 520192K, used 464385K [0x0000000800400000, 0x0000000980400000)
  region size 4096K, 51 young (208896K), 4 survivors (16384K)
 Metaspace       used 135515K, committed 138176K, reserved 1179648K
  class space    used 18492K, committed 19840K, reserved 1048576K
}
Event: 15.897 GC heap after
{Heap after GC invocations=61 (full 0):
 garbage-first heap   total 520192K, used 281991K [0x0000000800400000, 0x0000000980400000)
  region size 4096K, 6 young (24576K), 6 survivors (24576K)
 Metaspace       used 135515K, committed 138176K, reserved 1179648K
  class space    used 18492K, committed 19840K, reserved 1048576K
}
Event: 17.305 GC heap before
{Heap before GC invocations=62 (full 0):
 garbage-first heap   total 520192K, used 458119K [0x0000000800400000, 0x0000000980400000)
  region size 4096K, 50 young (204800K), 6 survivors (24576K)
 Metaspace       used 137698K, committed 140352K, reserved 1179648K
  class space    used 18746K, committed 20096K, reserved 1048576K
}
Event: 17.312 GC heap after
{Heap after GC invocations=63 (full 0):
 garbage-first heap   total 520192K, used 294388K [0x0000000800400000, 0x0000000980400000)
  region size 4096K, 6 young (24576K), 6 survivors (24576K)
 Metaspace       used 137698K, committed 140352K, reserved 1179648K
  class space    used 18746K, committed 20096K, reserved 1048576K
}
Event: 17.580 GC heap before
{Heap before GC invocations=63 (full 0):
 garbage-first heap   total 520192K, used 462324K [0x0000000800400000, 0x0000000980400000)
  region size 4096K, 48 young (196608K), 6 survivors (24576K)
 Metaspace       used 139219K, committed 142016K, reserved 1179648K
  class space    used 18952K, committed 20416K, reserved 1048576K
}
Event: 17.588 GC heap after
{Heap after GC invocations=64 (full 0):
 garbage-first heap   total 520192K, used 296670K [0x0000000800400000, 0x0000000980400000)
  region size 4096K, 3 young (12288K), 3 survivors (12288K)
 Metaspace       used 139219K, committed 142016K, reserved 1179648K
  class space    used 18952K, committed 20416K, reserved 1048576K
}
Event: 17.939 GC heap before
{Heap before GC invocations=64 (full 0):
 garbage-first heap   total 520192K, used 472798K [0x0000000800400000, 0x0000000980400000)
  region size 4096K, 47 young (192512K), 3 survivors (12288K)
 Metaspace       used 139229K, committed 142016K, reserved 1179648K
  class space    used 18954K, committed 20416K, reserved 1048576K
}
Event: 17.944 GC heap after
{Heap after GC invocations=65 (full 0):
 garbage-first heap   total 626688K, used 300963K [0x0000000800400000, 0x0000000980400000)
  region size 4096K, 4 young (16384K), 4 survivors (16384K)
 Metaspace       used 139229K, committed 142016K, reserved 1179648K
  class space    used 18954K, committed 20416K, reserved 1048576K
}
Event: 24.424 GC heap before
{Heap before GC invocations=66 (full 0):
 garbage-first heap   total 626688K, used 559011K [0x0000000800400000, 0x0000000980400000)
  region size 4096K, 67 young (274432K), 4 survivors (16384K)
 Metaspace       used 140138K, committed 142912K, reserved 1179648K
  class space    used 19062K, committed 20480K, reserved 1048576K
}
Event: 24.433 GC heap after
{Heap after GC invocations=67 (full 0):
 garbage-first heap   total 626688K, used 321573K [0x0000000800400000, 0x0000000980400000)
  region size 4096K, 9 young (36864K), 9 survivors (36864K)
 Metaspace       used 140138K, committed 142912K, reserved 1179648K
  class space    used 19062K, committed 20480K, reserved 1048576K
}
Event: 26.170 GC heap before
{Heap before GC invocations=67 (full 0):
 garbage-first heap   total 626688K, used 546853K [0x0000000800400000, 0x0000000980400000)
  region size 4096K, 65 young (266240K), 9 survivors (36864K)
 Metaspace       used 148583K, committed 151424K, reserved 1179648K
  class space    used 20060K, committed 21504K, reserved 1048576K
}
Event: 26.185 GC heap after
{Heap after GC invocations=68 (full 0):
 garbage-first heap   total 630784K, used 346688K [0x0000000800400000, 0x0000000980400000)
  region size 4096K, 8 young (32768K), 8 survivors (32768K)
 Metaspace       used 148583K, committed 151424K, reserved 1179648K
  class space    used 20060K, committed 21504K, reserved 1048576K
}
Event: 26.259 GC heap before
{Heap before GC invocations=68 (full 0):
 garbage-first heap   total 630784K, used 367168K [0x0000000800400000, 0x0000000980400000)
  region size 4096K, 15 young (61440K), 8 survivors (32768K)
 Metaspace       used 148737K, committed 151552K, reserved 1179648K
  class space    used 20075K, committed 21504K, reserved 1048576K
}
Event: 26.263 GC heap after
{Heap after GC invocations=69 (full 0):
 garbage-first heap   total 630784K, used 338907K [0x0000000800400000, 0x0000000980400000)
  region size 4096K, 2 young (8192K), 2 survivors (8192K)
 Metaspace       used 148737K, committed 151552K, reserved 1179648K
  class space    used 20075K, committed 21504K, reserved 1048576K
}
Event: 26.580 GC heap before
{Heap before GC invocations=70 (full 0):
 garbage-first heap   total 630784K, used 588763K [0x0000000800400000, 0x0000000980400000)
  region size 4096K, 59 young (241664K), 2 survivors (8192K)
 Metaspace       used 149723K, committed 152576K, reserved 1179648K
  class space    used 20223K, committed 21696K, reserved 1048576K
}
Event: 26.583 GC heap after
{Heap after GC invocations=71 (full 0):
 garbage-first heap   total 630784K, used 360645K [0x0000000800400000, 0x0000000980400000)
  region size 4096K, 7 young (28672K), 7 survivors (28672K)
 Metaspace       used 149723K, committed 152576K, reserved 1179648K
  class space    used 20223K, committed 21696K, reserved 1048576K
}
Event: 27.277 GC heap before
{Heap before GC invocations=71 (full 0):
 garbage-first heap   total 630784K, used 561349K [0x0000000800400000, 0x0000000980400000)
  region size 4096K, 56 young (229376K), 7 survivors (28672K)
 Metaspace       used 155518K, committed 158336K, reserved 1245184K
  class space    used 21060K, committed 22528K, reserved 1048576K
}
Event: 27.289 GC heap after
{Heap after GC invocations=72 (full 0):
 garbage-first heap   total 630784K, used 385600K [0x0000000800400000, 0x0000000980400000)
  region size 4096K, 7 young (28672K), 7 survivors (28672K)
 Metaspace       used 155518K, committed 158336K, reserved 1245184K
  class space    used 21060K, committed 22528K, reserved 1048576K
}
Event: 27.580 GC heap before
{Heap before GC invocations=72 (full 0):
 garbage-first heap   total 630784K, used 561728K [0x0000000800400000, 0x0000000980400000)
  region size 4096K, 50 young (204800K), 7 survivors (28672K)
 Metaspace       used 157068K, committed 160000K, reserved 1245184K
  class space    used 21297K, committed 22784K, reserved 1048576K
}
Event: 27.595 GC heap after
{Heap after GC invocations=73 (full 0):
 garbage-first heap   total 630784K, used 422389K [0x0000000800400000, 0x0000000980400000)
  region size 4096K, 7 young (28672K), 7 survivors (28672K)
 Metaspace       used 157068K, committed 160000K, reserved 1245184K
  class space    used 21297K, committed 22784K, reserved 1048576K
}

Dll operation events (16 events):
Event: 0.005 Loaded shared library C:\Program Files\Zulu\zulu-21\bin\java.dll
Event: 0.019 Loaded shared library C:\Program Files\Zulu\zulu-21\bin\jsvml.dll
Event: 0.037 Loaded shared library C:\Program Files\Zulu\zulu-21\bin\zip.dll
Event: 0.039 Loaded shared library C:\Program Files\Zulu\zulu-21\bin\instrument.dll
Event: 0.041 Loaded shared library C:\Program Files\Zulu\zulu-21\bin\net.dll
Event: 0.042 Loaded shared library C:\Program Files\Zulu\zulu-21\bin\nio.dll
Event: 0.044 Loaded shared library C:\Program Files\Zulu\zulu-21\bin\zip.dll
Event: 0.195 Loaded shared library C:\Program Files\Zulu\zulu-21\bin\jimage.dll
Event: 0.270 Loaded shared library C:\Program Files\Zulu\zulu-21\bin\verify.dll
Event: 0.307 Loaded shared library C:\Users\Administrator\.gradle\native\1def1411415f61bf3af743bc5b6707747c0891f09f0c88961ee8f79bc544acac\windows-amd64\native-platform.dll
Event: 0.312 Loaded shared library C:\Users\Administrator\.gradle\native\0.2.7\x86_64-windows-gnu\gradle-fileevents.dll
Event: 0.835 Loaded shared library C:\Program Files\Zulu\zulu-21\bin\management.dll
Event: 0.836 Loaded shared library C:\Program Files\Zulu\zulu-21\bin\management_ext.dll
Event: 0.888 Loaded shared library C:\Program Files\Zulu\zulu-21\bin\extnet.dll
Event: 0.971 Loaded shared library C:\Program Files\Zulu\zulu-21\bin\sunmscapi.dll
Event: 17.373 Loaded shared library C:\Program Files\Zulu\zulu-21\bin\rmi.dll

Deoptimization events (20 events):
Event: 27.556 Thread 0x0000029ae115fce0 DEOPT PACKING pc=0x0000029a823d6c93 sp=0x000000a93b1fc8b0
Event: 27.556 Thread 0x0000029ae115fce0 DEOPT UNPACKING pc=0x0000029a875888e2 sp=0x000000a93b1fbdd0 mode 0
Event: 27.557 Thread 0x0000029ae115fce0 DEOPT PACKING pc=0x0000029a823d6c93 sp=0x000000a93b1fc8b0
Event: 27.557 Thread 0x0000029ae115fce0 DEOPT UNPACKING pc=0x0000029a875888e2 sp=0x000000a93b1fbdd0 mode 0
Event: 27.557 Thread 0x0000029ae115e930 DEOPT PACKING pc=0x0000029a823d6c93 sp=0x000000a93b3fc3f0
Event: 27.557 Thread 0x0000029ae115e930 DEOPT UNPACKING pc=0x0000029a875888e2 sp=0x000000a93b3fb910 mode 0
Event: 27.558 Thread 0x0000029ae115fce0 DEOPT PACKING pc=0x0000029a823d6c93 sp=0x000000a93b1fc630
Event: 27.558 Thread 0x0000029ae115fce0 DEOPT UNPACKING pc=0x0000029a875888e2 sp=0x000000a93b1fbb50 mode 0
Event: 27.559 Thread 0x0000029ae1abe7e0 DEOPT PACKING pc=0x0000029a823d6c93 sp=0x000000a934ffcc40
Event: 27.559 Thread 0x0000029ae1abe7e0 DEOPT UNPACKING pc=0x0000029a875888e2 sp=0x000000a934ffc160 mode 0
Event: 27.560 Thread 0x0000029ae115e930 DEOPT PACKING pc=0x0000029a823d6c93 sp=0x000000a93b3fc500
Event: 27.560 Thread 0x0000029ae115e930 DEOPT UNPACKING pc=0x0000029a875888e2 sp=0x000000a93b3fba20 mode 0
Event: 27.560 Thread 0x0000029ae115e930 DEOPT PACKING pc=0x0000029a823d6c93 sp=0x000000a93b3fc500
Event: 27.560 Thread 0x0000029ae115e930 DEOPT UNPACKING pc=0x0000029a875888e2 sp=0x000000a93b3fba20 mode 0
Event: 27.561 Thread 0x0000029ae1abe7e0 DEOPT PACKING pc=0x0000029a823d6c93 sp=0x000000a934ffd000
Event: 27.561 Thread 0x0000029ae1abe7e0 DEOPT UNPACKING pc=0x0000029a875888e2 sp=0x000000a934ffc520 mode 0
Event: 27.597 Thread 0x0000029ae115e930 Uncommon trap: trap_request=0xffffff45 fr.pc=0x0000029a88b783e0 relative=0x00000000000025a0
Event: 27.597 Thread 0x0000029ae115e930 Uncommon trap: reason=unstable_if action=reinterpret pc=0x0000029a88b783e0 method=com.android.tools.r8.graph.w4.b(Ljava/lang/Object;)Lcom/android/tools/r8/graph/M2; @ 82 c2
Event: 27.597 Thread 0x0000029ae115e930 DEOPT PACKING pc=0x0000029a88b783e0 sp=0x000000a93b3fc750
Event: 27.597 Thread 0x0000029ae115e930 DEOPT UNPACKING pc=0x0000029a87587da2 sp=0x000000a93b3fc650 mode 2

Classes loaded (20 events):
Event: 26.291 Loading class java/util/zip/ZipOutputStream
Event: 26.291 Loading class java/util/zip/ZipOutputStream done
Event: 26.355 Loading class sun/nio/fs/Globs
Event: 26.355 Loading class sun/nio/fs/Globs done
Event: 26.355 Loading class java/util/regex/Pattern$SliceU
Event: 26.355 Loading class java/util/regex/Pattern$SliceU done
Event: 26.355 Loading class sun/nio/fs/WindowsFileSystem$2
Event: 26.355 Loading class sun/nio/fs/WindowsFileSystem$2 done
Event: 26.357 Loading class java/nio/file/FileTreeIterator
Event: 26.357 Loading class java/nio/file/FileTreeIterator done
Event: 26.389 Loading class java/util/zip/ZipInputStream
Event: 26.389 Loading class java/util/zip/ZipInputStream done
Event: 26.766 Loading class java/util/concurrent/RejectedExecutionException
Event: 26.766 Loading class java/util/concurrent/RejectedExecutionException done
Event: 27.729 Loading class java/util/IdentityHashMap$EntrySet
Event: 27.729 Loading class java/util/IdentityHashMap$EntrySet done
Event: 27.729 Loading class java/util/IdentityHashMap$EntryIterator
Event: 27.729 Loading class java/util/IdentityHashMap$EntryIterator done
Event: 27.729 Loading class java/util/IdentityHashMap$EntryIterator$Entry
Event: 27.729 Loading class java/util/IdentityHashMap$EntryIterator$Entry done

Classes unloaded (20 events):
Event: 27.743 Thread 0x0000029a8f721040 Unloading class 0x0000029a924cadd0 'jdk/internal/jimage/ImageHeader'
Event: 27.743 Thread 0x0000029a8f721040 Unloading class 0x0000029a924caba8 'jdk/internal/jimage/BasicImageReader$2'
Event: 27.743 Thread 0x0000029a8f721040 Unloading class 0x0000029a924ca980 'jdk/internal/jimage/BasicImageReader$1'
Event: 27.743 Thread 0x0000029a8f721040 Unloading class 0x0000029a924ca720 'jdk/internal/jimage/ImageReader$Resource'
Event: 27.743 Thread 0x0000029a8f721040 Unloading class 0x0000029a924ca4c0 'jdk/internal/jimage/ImageReader$LinkNode'
Event: 27.743 Thread 0x0000029a8f721040 Unloading class 0x0000029a924ca260 'jdk/internal/jimage/ImageReader$Directory'
Event: 27.743 Thread 0x0000029a8f721040 Unloading class 0x0000029a924ca000 'jdk/internal/jimage/ImageReader$Node'
Event: 27.743 Thread 0x0000029a8f721040 Unloading class 0x0000029a924c9de0 'jdk/internal/jimage/ImageStrings'
Event: 27.743 Thread 0x0000029a8f721040 Unloading class 0x0000029a924c9b28 'jdk/internal/jimage/ImageReader$SharedImageReader'
Event: 27.743 Thread 0x0000029a8f721040 Unloading class 0x0000029a924c9870 'jdk/internal/jimage/BasicImageReader'
Event: 27.743 Thread 0x0000029a8f721040 Unloading class 0x0000029a924c9658 'jdk/internal/jimage/ImageReader'
Event: 27.743 Thread 0x0000029a8f721040 Unloading class 0x0000029a924c9438 'jdk/internal/jrtfs/SystemImage$2'
Event: 27.743 Thread 0x0000029a8f721040 Unloading class 0x0000029a924c9228 'jdk/internal/jrtfs/SystemImage$$Lambda+0x0000029a924c9228'
Event: 27.743 Thread 0x0000029a8f721040 Unloading class 0x0000029a924c9000 'jdk/internal/jrtfs/ExplodedImage'
Event: 27.743 Thread 0x0000029a8f721040 Unloading class 0x0000029a924c8db0 'jdk/internal/jrtfs/SystemImage$1'
Event: 27.743 Thread 0x0000029a8f721040 Unloading class 0x0000029a924c8ba0 'jdk/internal/jrtfs/SystemImage'
Event: 27.743 Thread 0x0000029a8f721040 Unloading class 0x0000029a924c8948 'jdk/internal/jrtfs/JrtFileStore'
Event: 27.743 Thread 0x0000029a8f721040 Unloading class 0x0000029a924c85d8 'jdk/internal/jrtfs/JrtPath'
Event: 27.743 Thread 0x0000029a8f721040 Unloading class 0x0000029a924c82e8 'jdk/internal/jrtfs/JrtFileSystem'
Event: 27.743 Thread 0x0000029a8f721040 Unloading class 0x0000029a924c8000 'jdk/internal/jrtfs/JrtFileSystemProvider'

Classes redefined (0 events):
No events

Internal exceptions (20 events):
Event: 27.427 Thread 0x0000029ae115fce0 Exception <a 'java/lang/IncompatibleClassChangeError'{0x0000000824d491e0}: Found class java.lang.Object, but interface was expected> (0x0000000824d491e0) 
thrown [s\src\hotspot\share\interpreter\linkResolver.cpp, line 840]
Event: 27.427 Thread 0x0000029ae115e930 Exception <a 'java/lang/IncompatibleClassChangeError'{0x0000000825364b20}: Found class java.lang.Object, but interface was expected> (0x0000000825364b20) 
thrown [s\src\hotspot\share\interpreter\linkResolver.cpp, line 840]
Event: 27.427 Thread 0x0000029ae115efc0 Exception <a 'java/lang/IncompatibleClassChangeError'{0x00000008251bc7d0}: Found class java.lang.Object, but interface was expected> (0x00000008251bc7d0) 
thrown [s\src\hotspot\share\interpreter\linkResolver.cpp, line 840]
Event: 27.428 Thread 0x0000029ae1abe7e0 Exception <a 'java/lang/NoSuchMethodError'{0x00000008252db2f8}: 'void java.lang.invoke.DirectMethodHandle$Holder.invokeInterface(java.lang.Object, java.lang.Object, java.lang.Object, int)'> (0x00000008252db2f8) 
thrown [s\src\hotspot\share\interpreter\linkResolver.cpp, line 773]
Event: 27.428 Thread 0x0000029ae115fce0 Exception <a 'java/lang/NoSuchMethodError'{0x0000000824d4c830}: 'void java.lang.invoke.DirectMethodHandle$Holder.invokeInterface(java.lang.Object, java.lang.Object, java.lang.Object, int)'> (0x0000000824d4c830) 
thrown [s\src\hotspot\share\interpreter\linkResolver.cpp, line 773]
Event: 27.428 Thread 0x0000029ae115e930 Exception <a 'java/lang/NoSuchMethodError'{0x0000000825368170}: 'void java.lang.invoke.DirectMethodHandle$Holder.invokeInterface(java.lang.Object, java.lang.Object, java.lang.Object, int)'> (0x0000000825368170) 
thrown [s\src\hotspot\share\interpreter\linkResolver.cpp, line 773]
Event: 27.428 Thread 0x0000029ae115efc0 Exception <a 'java/lang/NoSuchMethodError'{0x00000008251bfe20}: 'void java.lang.invoke.DirectMethodHandle$Holder.invokeInterface(java.lang.Object, java.lang.Object, java.lang.Object, int)'> (0x00000008251bfe20) 
thrown [s\src\hotspot\share\interpreter\linkResolver.cpp, line 773]
Event: 27.437 Thread 0x0000029ae1abe7e0 Implicit null exception at 0x0000029a88b0e4af to 0x0000029a88b10380
Event: 27.437 Thread 0x0000029ae115fce0 Implicit null exception at 0x0000029a88b0e4af to 0x0000029a88b10380
Event: 27.437 Thread 0x0000029ae115e930 Implicit null exception at 0x0000029a88b0e4af to 0x0000029a88b10380
Event: 27.437 Thread 0x0000029ae115efc0 Implicit null exception at 0x0000029a88b0e4af to 0x0000029a88b10380
Event: 27.437 Thread 0x0000029ae115efc0 Implicit null exception at 0x0000029a88b0e4af to 0x0000029a88b10380
Event: 27.437 Thread 0x0000029ae115fce0 Implicit null exception at 0x0000029a88b0e4af to 0x0000029a88b10380
Event: 27.727 Thread 0x0000029ae1abe7e0 Exception <a 'java/lang/NoSuchMethodError'{0x0000000823b80030}: 'java.lang.Object java.lang.invoke.DirectMethodHandle$Holder.invokeStatic(java.lang.Object, int, java.lang.Object, java.lang.Object)'> (0x0000000823b80030) 
thrown [s\src\hotspot\share\interpreter\linkResolver.cpp, line 773]
Event: 27.727 Thread 0x0000029ae115efc0 Exception <a 'java/lang/NoSuchMethodError'{0x00000008235e7958}: 'java.lang.Object java.lang.invoke.DirectMethodHandle$Holder.invokeStatic(java.lang.Object, int, java.lang.Object, java.lang.Object)'> (0x00000008235e7958) 
thrown [s\src\hotspot\share\interpreter\linkResolver.cpp, line 773]
Event: 27.727 Thread 0x0000029ae115fce0 Exception <a 'java/lang/NoSuchMethodError'{0x00000008234bf5d0}: 'java.lang.Object java.lang.invoke.DirectMethodHandle$Holder.invokeStatic(java.lang.Object, int, java.lang.Object, java.lang.Object)'> (0x00000008234bf5d0) 
thrown [s\src\hotspot\share\interpreter\linkResolver.cpp, line 773]
Event: 27.727 Thread 0x0000029ae115e930 Exception <a 'java/lang/NoSuchMethodError'{0x00000008240a6690}: 'java.lang.Object java.lang.invoke.DirectMethodHandle$Holder.invokeStatic(java.lang.Object, int, java.lang.Object, java.lang.Object)'> (0x00000008240a6690) 
thrown [s\src\hotspot\share\interpreter\linkResolver.cpp, line 773]
Event: 27.728 Thread 0x0000029ae115fce0 Exception <a 'java/lang/NoSuchMethodError'{0x00000008234d0568}: 'java.lang.Object java.lang.invoke.DirectMethodHandle$Holder.invokeStatic(java.lang.Object, java.lang.Object, int, java.lang.Object, java.lang.Object)'> (0x00000008234d0568) 
thrown [s\src\hotspot\share\interpreter\linkResolver.cpp, line 773]
Event: 27.728 Thread 0x0000029ae1abe7e0 Exception <a 'java/lang/NoSuchMethodError'{0x0000000823b90988}: 'java.lang.Object java.lang.invoke.DirectMethodHandle$Holder.invokeStatic(java.lang.Object, java.lang.Object, int, java.lang.Object, java.lang.Object)'> (0x0000000823b90988) 
thrown [s\src\hotspot\share\interpreter\linkResolver.cpp, line 773]
Event: 27.728 Thread 0x0000029ae115efc0 Exception <a 'java/lang/NoSuchMethodError'{0x000000082366cba0}: 'java.lang.Object java.lang.invoke.DirectMethodHandle$Holder.invokeStatic(java.lang.Object, java.lang.Object, int, java.lang.Object, java.lang.Object)'> (0x000000082366cba0) 
thrown [s\src\hotspot\share\interpreter\linkResolver.cpp, line 773]

ZGC Phase Switch (0 events):
No events

VM Operations (20 events):
Event: 27.405 Executing VM operation: HandshakeAllThreads (Deoptimize) done
Event: 27.437 Executing VM operation: HandshakeAllThreads (Deoptimize)
Event: 27.437 Executing VM operation: HandshakeAllThreads (Deoptimize) done
Event: 27.458 Executing VM operation: HandshakeAllThreads (Deoptimize)
Event: 27.458 Executing VM operation: HandshakeAllThreads (Deoptimize) done
Event: 27.473 Executing VM operation: HandshakeAllThreads (Deoptimize)
Event: 27.473 Executing VM operation: HandshakeAllThreads (Deoptimize) done
Event: 27.474 Executing VM operation: HandshakeAllThreads (Deoptimize)
Event: 27.474 Executing VM operation: HandshakeAllThreads (Deoptimize) done
Event: 27.506 Executing VM operation: HandshakeAllThreads (Deoptimize)
Event: 27.506 Executing VM operation: HandshakeAllThreads (Deoptimize) done
Event: 27.580 Executing VM operation: G1CollectForAllocation (G1 Evacuation Pause)
Event: 27.580 Executing VM operation: G1CollectForAllocation (G1 Evacuation Pause) done
Event: 27.580 Executing VM operation: G1CollectForAllocation (GCLocker Initiated GC)
Event: 27.595 Executing VM operation: G1CollectForAllocation (GCLocker Initiated GC) done
Event: 27.644 Executing VM operation: HandshakeAllThreads (Deoptimize)
Event: 27.644 Executing VM operation: HandshakeAllThreads (Deoptimize) done
Event: 27.655 Executing VM operation: HandshakeAllThreads (Deoptimize)
Event: 27.655 Executing VM operation: HandshakeAllThreads (Deoptimize) done
Event: 27.743 Executing VM operation: G1PauseRemark

Memory protections (0 events):
No events

Nmethod flushes (20 events):
Event: 27.755 Thread 0x0000029a8f721040 flushing  nmethod 0x0000029a815f8490
Event: 27.755 Thread 0x0000029a8f721040 flushing  nmethod 0x0000029a815f8890
Event: 27.755 Thread 0x0000029a8f721040 flushing  nmethod 0x0000029a815f9590
Event: 27.755 Thread 0x0000029a8f721040 flushing  nmethod 0x0000029a815f9a90
Event: 27.755 Thread 0x0000029a8f721040 flushing  nmethod 0x0000029a815fa410
Event: 27.755 Thread 0x0000029a8f721040 flushing  nmethod 0x0000029a81604b10
Event: 27.755 Thread 0x0000029a8f721040 flushing  nmethod 0x0000029a81605590
Event: 27.755 Thread 0x0000029a8f721040 flushing osr nmethod 0x0000029a81606e10
Event: 27.755 Thread 0x0000029a8f721040 flushing  nmethod 0x0000029a8160ac10
Event: 27.755 Thread 0x0000029a8f721040 flushing  nmethod 0x0000029a8163d510
Event: 27.755 Thread 0x0000029a8f721040 flushing  nmethod 0x0000029a8163da90
Event: 27.755 Thread 0x0000029a8f721040 flushing  nmethod 0x0000029a81645010
Event: 27.755 Thread 0x0000029a8f721040 flushing  nmethod 0x0000029a81646210
Event: 27.755 Thread 0x0000029a8f721040 flushing  nmethod 0x0000029a8166f690
Event: 27.755 Thread 0x0000029a8f721040 flushing  nmethod 0x0000029a819aa210
Event: 27.755 Thread 0x0000029a8f721040 flushing  nmethod 0x0000029a821c6890
Event: 27.755 Thread 0x0000029a8f721040 flushing  nmethod 0x0000029a82201910
Event: 27.755 Thread 0x0000029a8f721040 flushing  nmethod 0x0000029a82201f10
Event: 27.755 Thread 0x0000029a8f721040 flushing  nmethod 0x0000029a82202590
Event: 27.755 Thread 0x0000029a8f721040 flushing  nmethod 0x0000029a822afc90

Events (20 events):
Event: 24.256 Thread 0x0000029ad8906500 Thread added: 0x0000029ad8909980
Event: 24.256 Thread 0x0000029ad8906500 Thread added: 0x0000029ae115f650
Event: 24.266 Thread 0x0000029ae240c2d0 Thread added: 0x0000029ae240ae60
Event: 24.434 Thread 0x0000029ae1abee70 Thread exited: 0x0000029ae1abee70
Event: 24.783 Thread 0x0000029ae240ae60 Thread exited: 0x0000029ae240ae60
Event: 24.783 Thread 0x0000029ae240c2d0 Thread exited: 0x0000029ae240c2d0
Event: 24.804 Thread 0x0000029a8f758010 Thread added: 0x0000029ae240ae60
Event: 24.805 Thread 0x0000029a8f758010 Thread added: 0x0000029ae240f950
Event: 25.733 Thread 0x0000029ae240f950 Thread exited: 0x0000029ae240f950
Event: 25.768 Thread 0x0000029ae240ae60 Thread exited: 0x0000029ae240ae60
Event: 25.805 Thread 0x0000029a8f758010 Thread added: 0x0000029ae240d070
Event: 26.326 Thread 0x0000029a8f758010 Thread added: 0x0000029ae240ae60
Event: 26.343 Thread 0x0000029ad8906500 Thread added: 0x0000029ae115fce0
Event: 26.344 Thread 0x0000029ad8906500 Thread added: 0x0000029ae115efc0
Event: 26.345 Thread 0x0000029ad8906500 Thread added: 0x0000029ae115e930
Event: 26.355 Thread 0x0000029ad8906500 Thread added: 0x0000029ae1160370
Event: 27.294 Thread 0x0000029ae240ae60 Thread exited: 0x0000029ae240ae60
Event: 27.294 Thread 0x0000029ae240d070 Thread exited: 0x0000029ae240d070
Event: 27.407 Thread 0x0000029a8f758010 Thread added: 0x0000029ae240d070
Event: 27.407 Thread 0x0000029a8f758010 Thread added: 0x0000029ae240ae60


Dynamic libraries:
0x00007ff645b60000 - 0x00007ff645b6e000 	C:\Program Files\Zulu\zulu-21\bin\java.exe
0x00007ff9c6f20000 - 0x00007ff9c7186000 	C:\WINDOWS\SYSTEM32\ntdll.dll
0x00007ff9c5d80000 - 0x00007ff9c5e47000 	C:\WINDOWS\System32\KERNEL32.DLL
0x00007ff9c44f0000 - 0x00007ff9c48bb000 	C:\WINDOWS\System32\KERNELBASE.dll
0x00007ff9c4220000 - 0x00007ff9c436b000 	C:\WINDOWS\System32\ucrtbase.dll
0x00007ff9b56f0000 - 0x00007ff9b570e000 	C:\Program Files\Zulu\zulu-21\bin\VCRUNTIME140.dll
0x00007ff9b5710000 - 0x00007ff9b5729000 	C:\Program Files\Zulu\zulu-21\bin\jli.dll
0x00007ff9c4d00000 - 0x00007ff9c4ecc000 	C:\WINDOWS\System32\USER32.dll
0x00007ff9c4c10000 - 0x00007ff9c4c37000 	C:\WINDOWS\System32\win32u.dll
0x00007ff9c60f0000 - 0x00007ff9c611b000 	C:\WINDOWS\System32\GDI32.dll
0x00007ff9ac360000 - 0x00007ff9ac5f7000 	C:\WINDOWS\WinSxS\amd64_microsoft.windows.common-controls_6595b64144ccf1df_6.0.26100.5516_none_3e073f78e335730c\COMCTL32.dll
0x00007ff9c48c0000 - 0x00007ff9c49f1000 	C:\WINDOWS\System32\gdi32full.dll
0x00007ff9c52d0000 - 0x00007ff9c5379000 	C:\WINDOWS\System32\msvcrt.dll
0x00007ff9c4170000 - 0x00007ff9c4213000 	C:\WINDOWS\System32\msvcp_win.dll
0x00007ff9c5e50000 - 0x00007ff9c5e7f000 	C:\WINDOWS\System32\IMM32.DLL
0x00007ff9b5bc0000 - 0x00007ff9b5bcc000 	C:\Program Files\Zulu\zulu-21\bin\vcruntime140_1.dll
0x00007ff999150000 - 0x00007ff9991dd000 	C:\Program Files\Zulu\zulu-21\bin\msvcp140.dll
0x00007ff929340000 - 0x00007ff92a11d000 	C:\Program Files\Zulu\zulu-21\bin\server\jvm.dll
0x00007ff9c54a0000 - 0x00007ff9c5552000 	C:\WINDOWS\System32\ADVAPI32.dll
0x00007ff9c56e0000 - 0x00007ff9c5786000 	C:\WINDOWS\System32\sechost.dll
0x00007ff9c5380000 - 0x00007ff9c5495000 	C:\WINDOWS\System32\RPCRT4.dll
0x00007ff9c6070000 - 0x00007ff9c60e4000 	C:\WINDOWS\System32\WS2_32.dll
0x00007ff9c3db0000 - 0x00007ff9c3e0e000 	C:\WINDOWS\SYSTEM32\POWRPROF.dll
0x00007ff9b96f0000 - 0x00007ff9b9726000 	C:\WINDOWS\SYSTEM32\WINMM.dll
0x00007ff9b70c0000 - 0x00007ff9b70cb000 	C:\WINDOWS\SYSTEM32\VERSION.dll
0x00007ff9c3d90000 - 0x00007ff9c3da4000 	C:\WINDOWS\SYSTEM32\UMPDC.dll
0x00007ff9c2ed0000 - 0x00007ff9c2eea000 	C:\WINDOWS\SYSTEM32\kernel.appcore.dll
0x00007ff9b57c0000 - 0x00007ff9b57ca000 	C:\Program Files\Zulu\zulu-21\bin\jimage.dll
0x00007ff9b7270000 - 0x00007ff9b74b1000 	C:\WINDOWS\SYSTEM32\DBGHELP.DLL
0x00007ff9c6250000 - 0x00007ff9c65d3000 	C:\WINDOWS\System32\combase.dll
0x00007ff9c5170000 - 0x00007ff9c5246000 	C:\WINDOWS\System32\OLEAUT32.dll
0x00007ff9ab5f0000 - 0x00007ff9ab629000 	C:\WINDOWS\SYSTEM32\dbgcore.DLL
0x00007ff9c40d0000 - 0x00007ff9c4169000 	C:\WINDOWS\System32\bcryptPrimitives.dll
0x00007ff9be1f0000 - 0x00007ff9be200000 	C:\Program Files\Zulu\zulu-21\bin\instrument.dll
0x00007ff99ba50000 - 0x00007ff99ba72000 	C:\Program Files\Zulu\zulu-21\bin\java.dll
0x00007ff9c6670000 - 0x00007ff9c6d9a000 	C:\WINDOWS\System32\SHELL32.dll
0x00007ff9c4a90000 - 0x00007ff9c4c04000 	C:\WINDOWS\System32\wintypes.dll
0x00007ff9c1d90000 - 0x00007ff9c25e2000 	C:\WINDOWS\SYSTEM32\windows.storage.dll
0x00007ff9c5c80000 - 0x00007ff9c5d6e000 	C:\WINDOWS\System32\SHCORE.dll
0x00007ff9c6da0000 - 0x00007ff9c6e06000 	C:\WINDOWS\System32\shlwapi.dll
0x00007ff9c3fe0000 - 0x00007ff9c400f000 	C:\WINDOWS\SYSTEM32\profapi.dll
0x00007ff944f80000 - 0x00007ff945057000 	C:\Program Files\Zulu\zulu-21\bin\jsvml.dll
0x00007ff9ab300000 - 0x00007ff9ab318000 	C:\Program Files\Zulu\zulu-21\bin\zip.dll
0x00007ff9b0df0000 - 0x00007ff9b0e02000 	C:\Program Files\Zulu\zulu-21\bin\net.dll
0x00007ff9bcf50000 - 0x00007ff9bd06e000 	C:\WINDOWS\SYSTEM32\WINHTTP.dll
0x00007ff9c33d0000 - 0x00007ff9c343a000 	C:\WINDOWS\system32\mswsock.dll
0x00007ff9b0590000 - 0x00007ff9b05a6000 	C:\Program Files\Zulu\zulu-21\bin\nio.dll
0x00007ff9b5740000 - 0x00007ff9b5750000 	C:\Program Files\Zulu\zulu-21\bin\verify.dll
0x00007ff9abd00000 - 0x00007ff9abd27000 	C:\Users\Administrator\.gradle\native\1def1411415f61bf3af743bc5b6707747c0891f09f0c88961ee8f79bc544acac\windows-amd64\native-platform.dll
0x00007ff9a3d40000 - 0x00007ff9a3db8000 	C:\Users\Administrator\.gradle\native\0.2.7\x86_64-windows-gnu\gradle-fileevents.dll
0x00007ff9b56e0000 - 0x00007ff9b56ea000 	C:\Program Files\Zulu\zulu-21\bin\management.dll
0x00007ff9b56b0000 - 0x00007ff9b56bc000 	C:\Program Files\Zulu\zulu-21\bin\management_ext.dll
0x00007ff9c56d0000 - 0x00007ff9c56d8000 	C:\WINDOWS\System32\PSAPI.DLL
0x00007ff9c28e0000 - 0x00007ff9c2913000 	C:\WINDOWS\SYSTEM32\IPHLPAPI.DLL
0x00007ff9c6e70000 - 0x00007ff9c6e7a000 	C:\WINDOWS\System32\NSI.dll
0x00007ff9b5360000 - 0x00007ff9b5369000 	C:\Program Files\Zulu\zulu-21\bin\extnet.dll
0x00007ff9c3780000 - 0x00007ff9c379a000 	C:\WINDOWS\SYSTEM32\CRYPTSP.dll
0x00007ff9c2e30000 - 0x00007ff9c2e6a000 	C:\WINDOWS\system32\rsaenh.dll
0x00007ff9c3470000 - 0x00007ff9c349b000 	C:\WINDOWS\SYSTEM32\USERENV.dll
0x00007ff9c3910000 - 0x00007ff9c3936000 	C:\WINDOWS\SYSTEM32\bcrypt.dll
0x00007ff9c3600000 - 0x00007ff9c360c000 	C:\WINDOWS\SYSTEM32\CRYPTBASE.dll
0x00007ff9b8c90000 - 0x00007ff9b8c9e000 	C:\Program Files\Zulu\zulu-21\bin\sunmscapi.dll
0x00007ff9c4370000 - 0x00007ff9c44e7000 	C:\WINDOWS\System32\CRYPT32.dll
0x00007ff9c38d0000 - 0x00007ff9c3900000 	C:\WINDOWS\SYSTEM32\ncrypt.dll
0x00007ff9c3880000 - 0x00007ff9c38bf000 	C:\WINDOWS\SYSTEM32\NTASN1.dll
0x00007ff99fc70000 - 0x00007ff99fc78000 	C:\WINDOWS\system32\wshunix.dll
0x00007ff9a5be0000 - 0x00007ff9a5bf8000 	C:\WINDOWS\system32\napinsp.dll
0x00007ff9c2920000 - 0x00007ff9c2a45000 	C:\WINDOWS\SYSTEM32\DNSAPI.dll
0x00007ff9a3c40000 - 0x00007ff9a3c52000 	C:\WINDOWS\System32\winrnr.dll
0x00007ff9a35c0000 - 0x00007ff9a35f0000 	C:\WINDOWS\system32\nlansp_c.dll
0x00007ff9bcf30000 - 0x00007ff9bcf46000 	C:\WINDOWS\system32\wshbth.dll
0x00007ff9bd130000 - 0x00007ff9bd13b000 	C:\Windows\System32\rasadhlp.dll
0x00007ff9b9660000 - 0x00007ff9b96e6000 	C:\WINDOWS\System32\fwpuclnt.dll
0x00007ff9a9710000 - 0x00007ff9a9717000 	C:\Program Files\Zulu\zulu-21\bin\rmi.dll

dbghelp: loaded successfully - version: 4.0.5 - missing functions: none
symbol engine: initialized successfully - sym options: 0x614 - pdb path: .;C:\Program Files\Zulu\zulu-21\bin;C:\WINDOWS\SYSTEM32;C:\WINDOWS\WinSxS\amd64_microsoft.windows.common-controls_6595b64144ccf1df_6.0.26100.5516_none_3e073f78e335730c;C:\Program Files\Zulu\zulu-21\bin\server;C:\Users\Administrator\.gradle\native\1def1411415f61bf3af743bc5b6707747c0891f09f0c88961ee8f79bc544acac\windows-amd64;C:\Users\Administrator\.gradle\native\0.2.7\x86_64-windows-gnu

VM Arguments:
jvm_args: --add-opens=java.base/java.lang=ALL-UNNAMED --add-opens=java.base/java.lang.invoke=ALL-UNNAMED --add-opens=java.base/java.util=ALL-UNNAMED --add-opens=java.prefs/java.util.prefs=ALL-UNNAMED --add-exports=jdk.compiler/com.sun.tools.javac.api=ALL-UNNAMED --add-exports=jdk.compiler/com.sun.tools.javac.util=ALL-UNNAMED --add-opens=java.base/java.util=ALL-UNNAMED --add-opens=java.prefs/java.util.prefs=ALL-UNNAMED --add-opens=java.base/java.nio.charset=ALL-UNNAMED --add-opens=java.base/java.net=ALL-UNNAMED --add-opens=java.base/java.util.concurrent.atomic=ALL-UNNAMED --add-opens=java.xml/javax.xml.namespace=ALL-UNNAMED -XX:HeapBaseMinAddress=0x800000000 -XX:+UseG1GC -Xmx6g -Dfile.encoding=UTF-8 -Duser.country=GB -Duser.language=en -Duser.variant -javaagent:C:\Users\Administrator\.gradle\wrapper\dists\gradle-8.14.3-bin\cv11ve7ro1n3o1j4so8xd9n66\gradle-8.14.3\lib\agents\gradle-instrumentation-agent-8.14.3.jar 
java_command: org.gradle.launcher.daemon.bootstrap.GradleDaemon 8.14.3
java_class_path (initial): C:\Users\Administrator\.gradle\wrapper\dists\gradle-8.14.3-bin\cv11ve7ro1n3o1j4so8xd9n66\gradle-8.14.3\lib\gradle-daemon-main-8.14.3.jar
Launcher Type: SUN_STANDARD

[Global flags]
     intx CICompilerCount                          = 4                                         {product} {ergonomic}
     uint ConcGCThreads                            = 3                                         {product} {ergonomic}
     uint G1ConcRefinementThreads                  = 10                                        {product} {ergonomic}
   size_t G1HeapRegionSize                         = 4194304                                   {product} {ergonomic}
    uintx GCDrainStackTargetSize                   = 64                                        {product} {ergonomic}
   size_t HeapBaseMinAddress                       = 34359738368                            {pd product} {command line}
   size_t InitialHeapSize                          = 524288000                                 {product} {ergonomic}
   size_t MarkStackSize                            = 4194304                                   {product} {ergonomic}
   size_t MaxHeapSize                              = 6442450944                                {product} {command line}
   size_t MaxNewSize                               = 3862953984                                {product} {ergonomic}
   size_t MinHeapDeltaBytes                        = 4194304                                   {product} {ergonomic}
   size_t MinHeapSize                              = 8388608                                   {product} {ergonomic}
    uintx NonNMethodCodeHeapSize                   = 5839372                                {pd product} {ergonomic}
    uintx NonProfiledCodeHeapSize                  = 122909434                              {pd product} {ergonomic}
    uintx ProfiledCodeHeapSize                     = 122909434                              {pd product} {ergonomic}
    uintx ReservedCodeCacheSize                    = 251658240                              {pd product} {ergonomic}
     bool SegmentedCodeCache                       = true                                      {product} {ergonomic}
   size_t SoftMaxHeapSize                          = 6442450944                             {manageable} {ergonomic}
     bool UseCompressedOops                        = true                           {product lp64_product} {ergonomic}
     bool UseG1GC                                  = true                                      {product} {command line}
     bool UseLargePagesIndividualAllocation        = false                                  {pd product} {ergonomic}

Logging:
Log output configuration:
 #0: stdout all=warning uptime,level,tags foldmultilines=false
 #1: stderr all=off uptime,level,tags foldmultilines=false

Environment Variables:
PATH=C:\Program Files\PowerShell\7;C:\Program Files\Zulu\zulu-21\bin\;C:\Program Files (x86)\Common Files\Oracle\Java\java8path;C:\Program Files (x86)\Common Files\Oracle\Java\javapath;C:\Program Files (x86)\Razer Chroma SDK\bin;C:\Program Files\Razer Chroma SDK\bin;C:\Program Files (x86)\Razer\ChromaBroadcast\bin;C:\Program Files\Razer\ChromaBroadcast\bin;C:\Program Files (x86)\Common Files\Intel\Shared Libraries\redist\intel64\compiler;C:\WINDOWS\system32;C:\WINDOWS;C:\WINDOWS\System32\Wbem;C:\WINDOWS\System32\WindowsPowerShell\v1.0\;C:\WINDOWS\System32\OpenSSH\;C:\Program Files\dotnet\;C:\WINDOWS\system32\config\systemprofile\AppData\Local\Microsoft\WindowsApps;C:\Users\Administrator\AppData\Local\Programs\Python\Launcher\;C:\Users\Administrator\AppData\Local\Microsoft\WindowsApps;C:\Users\Administrator\AppData\Roaming\npm;C:\Users\Administrator\AppData\Local\Programs\Microsoft VS Code\bin;C:\WINDOWS\system32;C:\WINDOWS;C:\WINDOWS\System32\Wbem;C:\WINDOWS\System32\WindowsPowerShell\v1.0\;C:\WINDOWS\System32\OpenSSH\;C:\Program Files\Calibre2\;C:\Program Files\Git\cmd;C:\Program Files\PowerShell\7\;C:\Program Files\ffmpeg-8.0.1-essentials_build\ffmpeg-8.0.1-essentials_build\bin;C:\Program Files\nodejs\;C:\ProgramData\chocolatey\bin;C:\Users\Administrator\.local\bin;C:\Users\Administrator\AppData\Local\Programs\Python\Python313\Scripts\;C:\Users\Administrator\AppData\Local\Programs\Python\Python313\;C:\Users\Administrator\AppData\Local\Microsoft\WindowsApps;C:\Users\Administrator\AppData\Local\Programs\Microsoft VS Code\bin;C:\Users\Administrator\AppData\Local\Muse Hub\lib;C:\Users\Administrator\.lmstudio\bin;C:\Users\Administrator\AppData\Local\spicetify;C:\Users\Administrator\AppData\Roaming\npm;C:\Users\Administrator\AppData\Local\Programs\Antigravity\bin;C:\Users\Administrator\AppData\Local\GitHubDesktop\bin
USERNAME=Administrator
LANG=en_US.UTF-8
OS=Windows_NT
PROCESSOR_IDENTIFIER=AMD64 Family 25 Model 97 Stepping 2, AuthenticAMD
TMP=C:\Users\ADMINI~1\AppData\Local\Temp
TEMP=C:\Users\ADMINI~1\AppData\Local\Temp




Periodic native trim disabled

---------------  S Y S T E M  ---------------

OS:
 Windows 11 , 64 bit Build 26100 (10.0.26100.5514)
OS uptime: 0 days 2:42 hours
Hyper-V role detected

CPU: total 12 (initial active 12) (12 cores per cpu, 2 threads per core) family 25 model 97 stepping 2 microcode 0xa60120c, cx8, cmov, fxsr, ht, mmx, 3dnowpref, sse, sse2, sse3, ssse3, sse4a, sse4.1, sse4.2, popcnt, lzcnt, tsc, tscinvbit, avx, avx2, aes, erms, clmul, bmi1, bmi2, adx, avx512f, avx512dq, avx512cd, avx512bw, avx512vl, sha, fma, vzeroupper, avx512_vpopcntdq, avx512_vpclmulqdq, avx512_vaes, avx512_vnni, clflush, clflushopt, avx512_vbmi2, avx512_vbmi, hv, rdtscp, rdpid, fsrm, gfni, avx512_bitalg, f16c, cet_ss, avx512_ifma
Processor Information for the first 12 processors :
  Max Mhz: 4701, Current Mhz: 4701, Mhz Limit: 4701

Memory: 4k page, system-wide physical 31913M (4775M free)
TotalPageFile size 31913M (AvailPageFile size 57M)
current process WorkingSet (physical memory assigned to process): 1056M, peak: 1057M
current process commit charge ("private bytes"): 1098M, peak: 1178M

vm_info: OpenJDK 64-Bit Server VM (21.0.7+6-LTS) for windows-amd64 JRE (21.0.7+6-LTS) (Zulu21.42+19-CA), built on 2025-04-07T10:58:52Z by "zulu_re" with MS VC++ 17.1 (VS2022)

END.
