#
# There is insufficient memory for the Java Runtime Environment to continue.
# Native memory allocation (malloc) failed to allocate 1635936 bytes. Error detail: Chunk::new
# Possible reasons:
#   The system is out of physical RAM or swap space
#   This process is running with CompressedOops enabled, and the Java Heap may be blocking the growth of the native heap
# Possible solutions:
#   Reduce memory load on the system
#   Increase physical memory or swap space
#   Check if swap backing store is full
#   Decrease Java heap size (-Xmx/-Xms)
#   Decrease number of Java threads
#   Decrease Java thread stack sizes (-Xss)
#   Set larger code cache with -XX:ReservedCodeCacheSize=
#   JVM is running with Zero Based Compressed Oops mode in which the Java heap is
#     placed in the first 32GB address space. The Java Heap base address is the
#     maximum limit for the native heap growth. Please use -XX:HeapBaseMinAddress
#     to set the Java Heap base and to place the Java Heap above 32GB virtual address.
# This output file may be truncated or incomplete.
#
#  Out of Memory Error (arena.cpp:168), pid=22268, tid=15620
#
# JRE version: OpenJDK Runtime Environment (21.0.8) (build 21.0.8+-14196175-b1038.72)
# Java VM: OpenJDK 64-Bit Server VM (21.0.8+-14196175-b1038.72, mixed mode, tiered, compressed oops, compressed class ptrs, g1 gc, windows-amd64)
# No core dump will be written. Minidumps are not enabled by default on client versions of Windows
#

---------------  S U M M A R Y ------------

Command Line: org.jetbrains.kotlin.cli.jvm.K2JVMCompiler @C:\Users\Administrator\Desktop\Android Studio\Antigravity\Anikku\anikku\app\build\20260225_4571541921110164582.compiler.options

Host: AMD Ryzen 5 7600X 6-Core Processor             , 12 cores, 31G,  Windows 11 , 64 bit Build 26100 (10.0.26100.5514)
Time: Wed Feb 25 18:49:47 2026 GMT Standard Time elapsed time: 23.488176 seconds (0d 0h 0m 23s)

---------------  T H R E A D  ---------------

Current thread (0x00000247992f1110):  JavaThread "C2 CompilerThread0" daemon [_thread_in_native, id=15620, stack(0x000000e382800000,0x000000e382900000) (1024K)]


Current CompileTask:
C2:23488 25589       4       org.jetbrains.kotlin.fir.backend.Fir2IrTypeConverter::toIrType (1744 bytes)

Stack: [0x000000e382800000,0x000000e382900000]
Native frames: (J=compiled Java code, j=interpreted, Vv=VM code, C=native code)
V  [jvm.dll+0x6d68d9]
V  [jvm.dll+0x866693]
V  [jvm.dll+0x868c4e]
V  [jvm.dll+0x869333]
V  [jvm.dll+0x280566]
V  [jvm.dll+0xc07cd]
V  [jvm.dll+0xc0d03]
V  [jvm.dll+0x3b961b]
V  [jvm.dll+0x385507]
V  [jvm.dll+0x38497a]
V  [jvm.dll+0x249252]
V  [jvm.dll+0x248821]
V  [jvm.dll+0x1c73a4]
V  [jvm.dll+0x257f9e]
V  [jvm.dll+0x2564e6]
V  [jvm.dll+0x3f4696]
V  [jvm.dll+0x80eac8]
V  [jvm.dll+0x6d512d]
C  [ucrtbase.dll+0x37b0]
C  [KERNEL32.DLL+0x2e8d7]
C  [ntdll.dll+0x9c5dc]


---------------  P R O C E S S  ---------------

Threads class SMR info:
_java_thread_list=0x0000024799a57600, length=13, elements={
0x00000247f7de9b80, 0x00000247992d7210, 0x00000247992d8ee0, 0x00000247992da420,
0x000002479930a890, 0x0000024799308220, 0x0000024799308c80, 0x00000247993096e0,
0x00000247992f1110, 0x00000247992f6cd0, 0x00000247994d7bb0, 0x0000024799550ff0,
0x00000247a2ff5770
}

Java Threads: ( => current thread )
  0x00000247f7de9b80 JavaThread "main"                              [_thread_in_vm, id=4312, stack(0x000000e381900000,0x000000e381a00000) (1024K)]
  0x00000247992d7210 JavaThread "Common-Cleaner"             daemon [_thread_blocked, id=11148, stack(0x000000e382100000,0x000000e382200000) (1024K)]
  0x00000247992d8ee0 JavaThread "Reference Handler"          daemon [_thread_blocked, id=1468, stack(0x000000e382200000,0x000000e382300000) (1024K)]
  0x00000247992da420 JavaThread "Finalizer"                  daemon [_thread_blocked, id=24864, stack(0x000000e382300000,0x000000e382400000) (1024K)]
  0x000002479930a890 JavaThread "Signal Dispatcher"          daemon [_thread_blocked, id=16216, stack(0x000000e382400000,0x000000e382500000) (1024K)]
  0x0000024799308220 JavaThread "Attach Listener"            daemon [_thread_blocked, id=23008, stack(0x000000e382500000,0x000000e382600000) (1024K)]
  0x0000024799308c80 JavaThread "Service Thread"             daemon [_thread_blocked, id=5264, stack(0x000000e382600000,0x000000e382700000) (1024K)]
  0x00000247993096e0 JavaThread "Monitor Deflation Thread"   daemon [_thread_blocked, id=22252, stack(0x000000e382700000,0x000000e382800000) (1024K)]
=>0x00000247992f1110 JavaThread "C2 CompilerThread0"         daemon [_thread_in_native, id=15620, stack(0x000000e382800000,0x000000e382900000) (1024K)]
  0x00000247992f6cd0 JavaThread "C1 CompilerThread0"         daemon [_thread_blocked, id=23664, stack(0x000000e382900000,0x000000e382a00000) (1024K)]
  0x00000247994d7bb0 JavaThread "Notification Thread"        daemon [_thread_blocked, id=12456, stack(0x000000e382a00000,0x000000e382b00000) (1024K)]
  0x0000024799550ff0 JavaThread "C2 CompilerThread1"         daemon [_thread_in_native, id=10548, stack(0x000000e382b00000,0x000000e382c00000) (1024K)]
  0x00000247a2ff5770 JavaThread "C2 CompilerThread2"         daemon [_thread_in_native, id=21488, stack(0x000000e382c00000,0x000000e382d00000) (1024K)]
Total: 13

Other Threads:
  0x00000247992898e0 VMThread "VM Thread"                           [id=24204, stack(0x000000e382000000,0x000000e382100000) (1024K)]
  0x00000247ffb43e70 WatcherThread "VM Periodic Task Thread"        [id=15464, stack(0x000000e381f00000,0x000000e382000000) (1024K)]
  0x00000247fa210350 WorkerThread "GC Thread#0"                     [id=12936, stack(0x000000e381a00000,0x000000e381b00000) (1024K)]
  0x0000024799d4c240 WorkerThread "GC Thread#1"                     [id=24748, stack(0x000000e382d00000,0x000000e382e00000) (1024K)]
  0x0000024799cf9cd0 WorkerThread "GC Thread#2"                     [id=11372, stack(0x000000e382e00000,0x000000e382f00000) (1024K)]
  0x0000024799cfa070 WorkerThread "GC Thread#3"                     [id=10360, stack(0x000000e382f00000,0x000000e383000000) (1024K)]
  0x0000024799cfa410 WorkerThread "GC Thread#4"                     [id=3532, stack(0x000000e383000000,0x000000e383100000) (1024K)]
  0x0000024799cfa7b0 WorkerThread "GC Thread#5"                     [id=14172, stack(0x000000e383100000,0x000000e383200000) (1024K)]
  0x0000024799d2e3a0 WorkerThread "GC Thread#6"                     [id=21096, stack(0x000000e383200000,0x000000e383300000) (1024K)]
  0x0000024799d2e740 WorkerThread "GC Thread#7"                     [id=11684, stack(0x000000e383300000,0x000000e383400000) (1024K)]
  0x0000024799d75a60 WorkerThread "GC Thread#8"                     [id=13112, stack(0x000000e383400000,0x000000e383500000) (1024K)]
  0x0000024799d773c0 WorkerThread "GC Thread#9"                     [id=24752, stack(0x000000e383500000,0x000000e383600000) (1024K)]
  0x00000247fa220c80 ConcurrentGCThread "G1 Main Marker"            [id=24416, stack(0x000000e381b00000,0x000000e381c00000) (1024K)]
  0x00000247fa224080 WorkerThread "G1 Conc#0"                       [id=24888, stack(0x000000e381c00000,0x000000e381d00000) (1024K)]
  0x0000024799d75e00 WorkerThread "G1 Conc#1"                       [id=22464, stack(0x000000e383600000,0x000000e383700000) (1024K)]
  0x0000024799d768e0 WorkerThread "G1 Conc#2"                       [id=24780, stack(0x000000e383700000,0x000000e383800000) (1024K)]
  0x00000247ffa0e960 ConcurrentGCThread "G1 Refine#0"               [id=12036, stack(0x000000e381d00000,0x000000e381e00000) (1024K)]
  0x00000247ffa0f280 ConcurrentGCThread "G1 Service"                [id=11580, stack(0x000000e381e00000,0x000000e381f00000) (1024K)]
Total: 18

Threads with active compile tasks:
C2 CompilerThread0  23505 25589       4       org.jetbrains.kotlin.fir.backend.Fir2IrTypeConverter::toIrType (1744 bytes)
C2 CompilerThread1  23505 25571   !   4       org.jetbrains.kotlin.fir.backend.generators.Fir2IrCallableDeclarationsGenerator::createIrParameter$fir2ir (848 bytes)
C2 CompilerThread2  23505 25494       4       org.jetbrains.kotlin.cli.jvm.index.JvmDependenciesIndexImpl::searchClasses (516 bytes)
Total: 3

VM state: not at safepoint (normal execution)

VM Mutex/Monitor currently owned by a thread: None

Heap address: 0x000000060d400000, size: 7980 MB, Compressed Oops mode: Zero based, Oop shift amount: 3

CDS archive(s) not mapped
Compressed class space mapped at: 0x0000000800000000-0x0000000840000000, reserved size: 1073741824
Narrow klass base: 0x0000000800000000, Narrow klass shift: 0, Narrow klass range: 0x40000000

GC Precious Log:
 CardTable entry size: 512
 Card Set container configuration: InlinePtr #cards 4 size 8 Array Of Cards #cards 32 size 80 Howl #buckets 8 coarsen threshold 7372 Howl Bitmap #cards 1024 size 144 coarsen threshold 921 Card regions per heap region 1 cards per card region 8192
 CPUs: 12 total, 12 available
 Memory: 31913M
 Large Page Support: Disabled
 NUMA Support: Disabled
 Compressed Oops: Enabled (Zero based)
 Heap Region Size: 4M
 Heap Min Capacity: 8M
 Heap Initial Capacity: 500M
 Heap Max Capacity: 7980M
 Pre-touch: Disabled
 Parallel Workers: 10
 Concurrent Workers: 3
 Concurrent Refinement Workers: 10
 Periodic GC: Disabled

Heap:
 garbage-first heap   total 1028096K, used 678557K [0x000000060d400000, 0x0000000800000000)
  region size 4096K, 31 young (126976K), 13 survivors (53248K)
 Metaspace       used 85928K, committed 86272K, reserved 1179648K
  class space    used 8902K, committed 9024K, reserved 1048576K

Heap Regions: E=young(eden), S=young(survivor), O=old, HS=humongous(starts), HC=humongous(continues), CS=collection set, F=free, TAMS=top-at-mark-start, PB=parsable bottom
|   0|0x000000060d400000, 0x000000060d800000, 0x000000060d800000|100%|HS|  |TAMS 0x000000060d400000| PB 0x000000060d400000| Complete 
|   1|0x000000060d800000, 0x000000060dc00000, 0x000000060dc00000|100%| O|  |TAMS 0x000000060d800000| PB 0x000000060d800000| Untracked 
|   2|0x000000060dc00000, 0x000000060e000000, 0x000000060e000000|100%| O|  |TAMS 0x000000060dc00000| PB 0x000000060dc00000| Untracked 
|   3|0x000000060e000000, 0x000000060e400000, 0x000000060e400000|100%| O|  |TAMS 0x000000060e000000| PB 0x000000060e000000| Untracked 
|   4|0x000000060e400000, 0x000000060e800000, 0x000000060e800000|100%| O|  |TAMS 0x000000060e400000| PB 0x000000060e400000| Untracked 
|   5|0x000000060e800000, 0x000000060ec00000, 0x000000060ec00000|100%| O|  |TAMS 0x000000060e800000| PB 0x000000060e800000| Untracked 
|   6|0x000000060ec00000, 0x000000060f000000, 0x000000060f000000|100%| O|  |TAMS 0x000000060ec00000| PB 0x000000060ec00000| Untracked 
|   7|0x000000060f000000, 0x000000060f400000, 0x000000060f400000|100%| O|  |TAMS 0x000000060f000000| PB 0x000000060f000000| Untracked 
|   8|0x000000060f400000, 0x000000060f800000, 0x000000060f800000|100%| O|  |TAMS 0x000000060f400000| PB 0x000000060f400000| Untracked 
|   9|0x000000060f800000, 0x000000060fc00000, 0x000000060fc00000|100%| O|  |TAMS 0x000000060f800000| PB 0x000000060f800000| Untracked 
|  10|0x000000060fc00000, 0x0000000610000000, 0x0000000610000000|100%| O|  |TAMS 0x000000060fc00000| PB 0x000000060fc00000| Untracked 
|  11|0x0000000610000000, 0x0000000610400000, 0x0000000610400000|100%| O|  |TAMS 0x0000000610000000| PB 0x0000000610000000| Untracked 
|  12|0x0000000610400000, 0x0000000610800000, 0x0000000610800000|100%| O|  |TAMS 0x0000000610400000| PB 0x0000000610400000| Untracked 
|  13|0x0000000610800000, 0x0000000610c00000, 0x0000000610c00000|100%| O|  |TAMS 0x0000000610800000| PB 0x0000000610800000| Untracked 
|  14|0x0000000610c00000, 0x0000000611000000, 0x0000000611000000|100%| O|  |TAMS 0x0000000610c00000| PB 0x0000000610c00000| Untracked 
|  15|0x0000000611000000, 0x0000000611400000, 0x0000000611400000|100%| O|  |TAMS 0x0000000611000000| PB 0x0000000611000000| Untracked 
|  16|0x0000000611400000, 0x0000000611800000, 0x0000000611800000|100%| O|  |TAMS 0x0000000611400000| PB 0x0000000611400000| Untracked 
|  17|0x0000000611800000, 0x0000000611c00000, 0x0000000611c00000|100%| O|  |TAMS 0x0000000611800000| PB 0x0000000611800000| Untracked 
|  18|0x0000000611c00000, 0x0000000612000000, 0x0000000612000000|100%| O|  |TAMS 0x0000000611c00000| PB 0x0000000611c00000| Untracked 
|  19|0x0000000612000000, 0x0000000612400000, 0x0000000612400000|100%| O|  |TAMS 0x0000000612000000| PB 0x0000000612000000| Untracked 
|  20|0x0000000612400000, 0x0000000612800000, 0x0000000612800000|100%| O|  |TAMS 0x0000000612400000| PB 0x0000000612400000| Untracked 
|  21|0x0000000612800000, 0x0000000612c00000, 0x0000000612c00000|100%| O|  |TAMS 0x0000000612800000| PB 0x0000000612800000| Untracked 
|  22|0x0000000612c00000, 0x0000000613000000, 0x0000000613000000|100%| O|  |TAMS 0x0000000612c00000| PB 0x0000000612c00000| Untracked 
|  23|0x0000000613000000, 0x0000000613400000, 0x0000000613400000|100%| O|  |TAMS 0x0000000613000000| PB 0x0000000613000000| Untracked 
|  24|0x0000000613400000, 0x0000000613800000, 0x0000000613800000|100%| O|  |TAMS 0x0000000613400000| PB 0x0000000613400000| Untracked 
|  25|0x0000000613800000, 0x0000000613c00000, 0x0000000613c00000|100%| O|  |TAMS 0x0000000613800000| PB 0x0000000613800000| Untracked 
|  26|0x0000000613c00000, 0x0000000614000000, 0x0000000614000000|100%| O|  |TAMS 0x0000000613c00000| PB 0x0000000613c00000| Untracked 
|  27|0x0000000614000000, 0x0000000614400000, 0x0000000614400000|100%| O|  |TAMS 0x0000000614000000| PB 0x0000000614000000| Untracked 
|  28|0x0000000614400000, 0x0000000614800000, 0x0000000614800000|100%| O|  |TAMS 0x0000000614400000| PB 0x0000000614400000| Untracked 
|  29|0x0000000614800000, 0x0000000614c00000, 0x0000000614c00000|100%| O|  |TAMS 0x0000000614800000| PB 0x0000000614800000| Untracked 
|  30|0x0000000614c00000, 0x0000000615000000, 0x0000000615000000|100%| O|  |TAMS 0x0000000614c00000| PB 0x0000000614c00000| Untracked 
|  31|0x0000000615000000, 0x0000000615400000, 0x0000000615400000|100%| O|  |TAMS 0x0000000615000000| PB 0x0000000615000000| Untracked 
|  32|0x0000000615400000, 0x0000000615800000, 0x0000000615800000|100%| O|  |TAMS 0x0000000615400000| PB 0x0000000615400000| Untracked 
|  33|0x0000000615800000, 0x0000000615c00000, 0x0000000615c00000|100%| O|  |TAMS 0x0000000615800000| PB 0x0000000615800000| Untracked 
|  34|0x0000000615c00000, 0x0000000616000000, 0x0000000616000000|100%| O|  |TAMS 0x0000000615c00000| PB 0x0000000615c00000| Untracked 
|  35|0x0000000616000000, 0x0000000616400000, 0x0000000616400000|100%| O|  |TAMS 0x0000000616000000| PB 0x0000000616000000| Untracked 
|  36|0x0000000616400000, 0x0000000616800000, 0x0000000616800000|100%| O|  |TAMS 0x0000000616400000| PB 0x0000000616400000| Untracked 
|  37|0x0000000616800000, 0x0000000616c00000, 0x0000000616c00000|100%| O|  |TAMS 0x0000000616800000| PB 0x0000000616800000| Untracked 
|  38|0x0000000616c00000, 0x0000000617000000, 0x0000000617000000|100%| O|  |TAMS 0x0000000616c00000| PB 0x0000000616c00000| Untracked 
|  39|0x0000000617000000, 0x0000000617400000, 0x0000000617400000|100%| O|  |TAMS 0x0000000617000000| PB 0x0000000617000000| Untracked 
|  40|0x0000000617400000, 0x0000000617800000, 0x0000000617800000|100%| O|  |TAMS 0x0000000617400000| PB 0x0000000617400000| Untracked 
|  41|0x0000000617800000, 0x0000000617c00000, 0x0000000617c00000|100%| O|  |TAMS 0x0000000617800000| PB 0x0000000617800000| Untracked 
|  42|0x0000000617c00000, 0x0000000618000000, 0x0000000618000000|100%| O|  |TAMS 0x0000000617c00000| PB 0x0000000617c00000| Untracked 
|  43|0x0000000618000000, 0x0000000618400000, 0x0000000618400000|100%| O|  |TAMS 0x0000000618000000| PB 0x0000000618000000| Untracked 
|  44|0x0000000618400000, 0x0000000618800000, 0x0000000618800000|100%| O|  |TAMS 0x0000000618400000| PB 0x0000000618400000| Untracked 
|  45|0x0000000618800000, 0x0000000618c00000, 0x0000000618c00000|100%| O|  |TAMS 0x0000000618800000| PB 0x0000000618800000| Untracked 
|  46|0x0000000618c00000, 0x0000000619000000, 0x0000000619000000|100%| O|  |TAMS 0x0000000618c00000| PB 0x0000000618c00000| Untracked 
|  47|0x0000000619000000, 0x0000000619400000, 0x0000000619400000|100%| O|  |TAMS 0x0000000619000000| PB 0x0000000619000000| Untracked 
|  48|0x0000000619400000, 0x0000000619800000, 0x0000000619800000|100%| O|  |TAMS 0x0000000619400000| PB 0x0000000619400000| Untracked 
|  49|0x0000000619800000, 0x0000000619c00000, 0x0000000619c00000|100%| O|  |TAMS 0x0000000619800000| PB 0x0000000619800000| Untracked 
|  50|0x0000000619c00000, 0x000000061a000000, 0x000000061a000000|100%| O|  |TAMS 0x0000000619c00000| PB 0x0000000619c00000| Untracked 
|  51|0x000000061a000000, 0x000000061a400000, 0x000000061a400000|100%| O|  |TAMS 0x000000061a000000| PB 0x000000061a000000| Untracked 
|  52|0x000000061a400000, 0x000000061a800000, 0x000000061a800000|100%| O|  |TAMS 0x000000061a400000| PB 0x000000061a400000| Untracked 
|  53|0x000000061a800000, 0x000000061ac00000, 0x000000061ac00000|100%| O|  |TAMS 0x000000061a800000| PB 0x000000061a800000| Untracked 
|  54|0x000000061ac00000, 0x000000061b000000, 0x000000061b000000|100%| O|  |TAMS 0x000000061ac00000| PB 0x000000061ac00000| Untracked 
|  55|0x000000061b000000, 0x000000061b400000, 0x000000061b400000|100%| O|  |TAMS 0x000000061b000000| PB 0x000000061b000000| Untracked 
|  56|0x000000061b400000, 0x000000061b800000, 0x000000061b800000|100%| O|  |TAMS 0x000000061b400000| PB 0x000000061b400000| Untracked 
|  57|0x000000061b800000, 0x000000061bc00000, 0x000000061bc00000|100%| O|  |TAMS 0x000000061b800000| PB 0x000000061b800000| Untracked 
|  58|0x000000061bc00000, 0x000000061c000000, 0x000000061c000000|100%| O|  |TAMS 0x000000061bc00000| PB 0x000000061bc00000| Untracked 
|  59|0x000000061c000000, 0x000000061c400000, 0x000000061c400000|100%| O|  |TAMS 0x000000061c000000| PB 0x000000061c000000| Untracked 
|  60|0x000000061c400000, 0x000000061c800000, 0x000000061c800000|100%| O|  |TAMS 0x000000061c400000| PB 0x000000061c400000| Untracked 
|  61|0x000000061c800000, 0x000000061cc00000, 0x000000061cc00000|100%| O|  |TAMS 0x000000061c800000| PB 0x000000061c800000| Untracked 
|  62|0x000000061cc00000, 0x000000061d000000, 0x000000061d000000|100%| O|  |TAMS 0x000000061cc00000| PB 0x000000061cc00000| Untracked 
|  63|0x000000061d000000, 0x000000061d400000, 0x000000061d400000|100%| O|  |TAMS 0x000000061d000000| PB 0x000000061d000000| Untracked 
|  64|0x000000061d400000, 0x000000061d800000, 0x000000061d800000|100%| O|  |TAMS 0x000000061d400000| PB 0x000000061d400000| Untracked 
|  65|0x000000061d800000, 0x000000061dc00000, 0x000000061dc00000|100%| O|  |TAMS 0x000000061d800000| PB 0x000000061d800000| Untracked 
|  66|0x000000061dc00000, 0x000000061e000000, 0x000000061e000000|100%| O|  |TAMS 0x000000061dc00000| PB 0x000000061dc00000| Untracked 
|  67|0x000000061e000000, 0x000000061e400000, 0x000000061e400000|100%| O|  |TAMS 0x000000061e000000| PB 0x000000061e000000| Untracked 
|  68|0x000000061e400000, 0x000000061e800000, 0x000000061e800000|100%| O|  |TAMS 0x000000061e400000| PB 0x000000061e400000| Untracked 
|  69|0x000000061e800000, 0x000000061ec00000, 0x000000061ec00000|100%| O|  |TAMS 0x000000061e800000| PB 0x000000061e800000| Untracked 
|  70|0x000000061ec00000, 0x000000061f000000, 0x000000061f000000|100%| O|  |TAMS 0x000000061ec00000| PB 0x000000061ec00000| Untracked 
|  71|0x000000061f000000, 0x000000061f400000, 0x000000061f400000|100%| O|  |TAMS 0x000000061f000000| PB 0x000000061f000000| Untracked 
|  72|0x000000061f400000, 0x000000061f800000, 0x000000061f800000|100%| O|  |TAMS 0x000000061f400000| PB 0x000000061f400000| Untracked 
|  73|0x000000061f800000, 0x000000061fc00000, 0x000000061fc00000|100%| O|  |TAMS 0x000000061f800000| PB 0x000000061f800000| Untracked 
|  74|0x000000061fc00000, 0x0000000620000000, 0x0000000620000000|100%| O|  |TAMS 0x000000061fc00000| PB 0x000000061fc00000| Untracked 
|  75|0x0000000620000000, 0x0000000620400000, 0x0000000620400000|100%| O|  |TAMS 0x0000000620000000| PB 0x0000000620000000| Untracked 
|  76|0x0000000620400000, 0x0000000620800000, 0x0000000620800000|100%| O|  |TAMS 0x0000000620400000| PB 0x0000000620400000| Untracked 
|  77|0x0000000620800000, 0x0000000620c00000, 0x0000000620c00000|100%| O|  |TAMS 0x0000000620800000| PB 0x0000000620800000| Untracked 
|  78|0x0000000620c00000, 0x0000000621000000, 0x0000000621000000|100%| O|  |TAMS 0x0000000620c00000| PB 0x0000000620c00000| Untracked 
|  79|0x0000000621000000, 0x0000000621400000, 0x0000000621400000|100%| O|Cm|TAMS 0x0000000621000000| PB 0x0000000621000000| Complete 
|  80|0x0000000621400000, 0x0000000621800000, 0x0000000621800000|100%| O|  |TAMS 0x0000000621400000| PB 0x0000000621400000| Untracked 
|  81|0x0000000621800000, 0x0000000621c00000, 0x0000000621c00000|100%| O|  |TAMS 0x0000000621800000| PB 0x0000000621800000| Untracked 
|  82|0x0000000621c00000, 0x0000000622000000, 0x0000000622000000|100%| O|  |TAMS 0x0000000621c00000| PB 0x0000000621c00000| Untracked 
|  83|0x0000000622000000, 0x0000000622400000, 0x0000000622400000|100%| O|  |TAMS 0x0000000622000000| PB 0x0000000622000000| Untracked 
|  84|0x0000000622400000, 0x0000000622800000, 0x0000000622800000|100%| O|  |TAMS 0x0000000622400000| PB 0x0000000622400000| Untracked 
|  85|0x0000000622800000, 0x0000000622c00000, 0x0000000622c00000|100%| O|  |TAMS 0x0000000622800000| PB 0x0000000622800000| Untracked 
|  86|0x0000000622c00000, 0x0000000623000000, 0x0000000623000000|100%| O|  |TAMS 0x0000000622c00000| PB 0x0000000622c00000| Untracked 
|  87|0x0000000623000000, 0x0000000623400000, 0x0000000623400000|100%| O|  |TAMS 0x0000000623000000| PB 0x0000000623000000| Untracked 
|  88|0x0000000623400000, 0x0000000623800000, 0x0000000623800000|100%| O|  |TAMS 0x0000000623400000| PB 0x0000000623400000| Untracked 
|  89|0x0000000623800000, 0x0000000623c00000, 0x0000000623c00000|100%| O|  |TAMS 0x0000000623800000| PB 0x0000000623800000| Untracked 
|  90|0x0000000623c00000, 0x0000000624000000, 0x0000000624000000|100%| O|  |TAMS 0x0000000623c00000| PB 0x0000000623c00000| Untracked 
|  91|0x0000000624000000, 0x0000000624400000, 0x0000000624400000|100%| O|  |TAMS 0x0000000624000000| PB 0x0000000624000000| Untracked 
|  92|0x0000000624400000, 0x0000000624800000, 0x0000000624800000|100%| O|  |TAMS 0x0000000624400000| PB 0x0000000624400000| Untracked 
|  93|0x0000000624800000, 0x0000000624c00000, 0x0000000624c00000|100%| O|  |TAMS 0x0000000624800000| PB 0x0000000624800000| Untracked 
|  94|0x0000000624c00000, 0x0000000625000000, 0x0000000625000000|100%| O|Cm|TAMS 0x0000000624c00000| PB 0x0000000624c00000| Complete 
|  95|0x0000000625000000, 0x0000000625400000, 0x0000000625400000|100%| O|  |TAMS 0x0000000625000000| PB 0x0000000625000000| Untracked 
|  96|0x0000000625400000, 0x0000000625800000, 0x0000000625800000|100%| O|  |TAMS 0x0000000625400000| PB 0x0000000625400000| Untracked 
|  97|0x0000000625800000, 0x0000000625c00000, 0x0000000625c00000|100%| O|  |TAMS 0x0000000625800000| PB 0x0000000625800000| Untracked 
|  98|0x0000000625c00000, 0x0000000626000000, 0x0000000626000000|100%| O|  |TAMS 0x0000000625c00000| PB 0x0000000625c00000| Untracked 
|  99|0x0000000626000000, 0x0000000626400000, 0x0000000626400000|100%| O|  |TAMS 0x0000000626000000| PB 0x0000000626000000| Untracked 
| 100|0x0000000626400000, 0x0000000626800000, 0x0000000626800000|100%| O|  |TAMS 0x0000000626400000| PB 0x0000000626400000| Untracked 
| 101|0x0000000626800000, 0x0000000626c00000, 0x0000000626c00000|100%| O|  |TAMS 0x0000000626800000| PB 0x0000000626800000| Untracked 
| 102|0x0000000626c00000, 0x0000000627000000, 0x0000000627000000|100%| O|  |TAMS 0x0000000626c00000| PB 0x0000000626c00000| Untracked 
| 103|0x0000000627000000, 0x0000000627400000, 0x0000000627400000|100%| O|  |TAMS 0x0000000627000000| PB 0x0000000627000000| Untracked 
| 104|0x0000000627400000, 0x0000000627800000, 0x0000000627800000|100%| O|Cm|TAMS 0x0000000627400000| PB 0x0000000627400000| Complete 
| 105|0x0000000627800000, 0x0000000627c00000, 0x0000000627c00000|100%| O|  |TAMS 0x0000000627800000| PB 0x0000000627800000| Untracked 
| 106|0x0000000627c00000, 0x0000000628000000, 0x0000000628000000|100%| O|  |TAMS 0x0000000627c00000| PB 0x0000000627c00000| Untracked 
| 107|0x0000000628000000, 0x0000000628400000, 0x0000000628400000|100%| O|  |TAMS 0x0000000628000000| PB 0x0000000628000000| Untracked 
| 108|0x0000000628400000, 0x0000000628800000, 0x0000000628800000|100%| O|  |TAMS 0x0000000628400000| PB 0x0000000628400000| Untracked 
| 109|0x0000000628800000, 0x0000000628c00000, 0x0000000628c00000|100%| O|  |TAMS 0x0000000628800000| PB 0x0000000628800000| Untracked 
| 110|0x0000000628c00000, 0x0000000629000000, 0x0000000629000000|100%| O|  |TAMS 0x0000000628c00000| PB 0x0000000628c00000| Untracked 
| 111|0x0000000629000000, 0x0000000629400000, 0x0000000629400000|100%| O|  |TAMS 0x0000000629000000| PB 0x0000000629000000| Untracked 
| 112|0x0000000629400000, 0x0000000629800000, 0x0000000629800000|100%| O|  |TAMS 0x0000000629400000| PB 0x0000000629400000| Untracked 
| 113|0x0000000629800000, 0x0000000629c00000, 0x0000000629c00000|100%| O|  |TAMS 0x0000000629800000| PB 0x0000000629800000| Untracked 
| 114|0x0000000629c00000, 0x000000062a000000, 0x000000062a000000|100%| O|  |TAMS 0x0000000629c00000| PB 0x0000000629c00000| Untracked 
| 115|0x000000062a000000, 0x000000062a400000, 0x000000062a400000|100%| O|  |TAMS 0x000000062a000000| PB 0x000000062a000000| Untracked 
| 116|0x000000062a400000, 0x000000062a800000, 0x000000062a800000|100%| O|  |TAMS 0x000000062a400000| PB 0x000000062a400000| Untracked 
| 117|0x000000062a800000, 0x000000062ac00000, 0x000000062ac00000|100%| O|  |TAMS 0x000000062a800000| PB 0x000000062a800000| Untracked 
| 118|0x000000062ac00000, 0x000000062b000000, 0x000000062b000000|100%| O|  |TAMS 0x000000062ac00000| PB 0x000000062ac00000| Untracked 
| 119|0x000000062b000000, 0x000000062b400000, 0x000000062b400000|100%| O|  |TAMS 0x000000062b000000| PB 0x000000062b000000| Untracked 
| 120|0x000000062b400000, 0x000000062b800000, 0x000000062b800000|100%| O|  |TAMS 0x000000062b400000| PB 0x000000062b400000| Untracked 
| 121|0x000000062b800000, 0x000000062bc00000, 0x000000062bc00000|100%| O|  |TAMS 0x000000062b800000| PB 0x000000062b800000| Untracked 
| 122|0x000000062bc00000, 0x000000062c000000, 0x000000062c000000|100%| O|  |TAMS 0x000000062bc00000| PB 0x000000062bc00000| Untracked 
| 123|0x000000062c000000, 0x000000062c400000, 0x000000062c400000|100%| O|  |TAMS 0x000000062c000000| PB 0x000000062c000000| Untracked 
| 124|0x000000062c400000, 0x000000062c800000, 0x000000062c800000|100%| O|  |TAMS 0x000000062c400000| PB 0x000000062c400000| Untracked 
| 125|0x000000062c800000, 0x000000062cc00000, 0x000000062cc00000|100%| O|  |TAMS 0x000000062c800000| PB 0x000000062c800000| Untracked 
| 126|0x000000062cc00000, 0x000000062d000000, 0x000000062d000000|100%| O|Cm|TAMS 0x000000062cc00000| PB 0x000000062cc00000| Complete 
| 127|0x000000062d000000, 0x000000062d400000, 0x000000062d400000|100%| O|  |TAMS 0x000000062d000000| PB 0x000000062d000000| Untracked 
| 128|0x000000062d400000, 0x000000062d800000, 0x000000062d800000|100%| O|  |TAMS 0x000000062d400000| PB 0x000000062d400000| Untracked 
| 129|0x000000062d800000, 0x000000062dc00000, 0x000000062dc00000|100%| O|  |TAMS 0x000000062d800000| PB 0x000000062d800000| Untracked 
| 130|0x000000062dc00000, 0x000000062e000000, 0x000000062e000000|100%| O|  |TAMS 0x000000062dc00000| PB 0x000000062dc00000| Untracked 
| 131|0x000000062e000000, 0x000000062e400000, 0x000000062e400000|100%| O|  |TAMS 0x000000062e000000| PB 0x000000062e000000| Untracked 
| 132|0x000000062e400000, 0x000000062e800000, 0x000000062e800000|100%| O|  |TAMS 0x000000062e400000| PB 0x000000062e400000| Untracked 
| 133|0x000000062e800000, 0x000000062ec00000, 0x000000062ec00000|100%| O|  |TAMS 0x000000062e800000| PB 0x000000062e800000| Untracked 
| 134|0x000000062ec00000, 0x000000062eea76a0, 0x000000062f000000| 66%| O|  |TAMS 0x000000062ec00000| PB 0x000000062ec00000| Untracked 
| 135|0x000000062f000000, 0x000000062f000000, 0x000000062f400000|  0%| F|  |TAMS 0x000000062f000000| PB 0x000000062f000000| Untracked 
| 136|0x000000062f400000, 0x000000062f400000, 0x000000062f800000|  0%| F|  |TAMS 0x000000062f400000| PB 0x000000062f400000| Untracked 
| 137|0x000000062f800000, 0x000000062f800000, 0x000000062fc00000|  0%| F|  |TAMS 0x000000062f800000| PB 0x000000062f800000| Untracked 
| 138|0x000000062fc00000, 0x000000062fc00000, 0x0000000630000000|  0%| F|  |TAMS 0x000000062fc00000| PB 0x000000062fc00000| Untracked 
| 139|0x0000000630000000, 0x0000000630000000, 0x0000000630400000|  0%| F|  |TAMS 0x0000000630000000| PB 0x0000000630000000| Untracked 
| 140|0x0000000630400000, 0x0000000630400000, 0x0000000630800000|  0%| F|  |TAMS 0x0000000630400000| PB 0x0000000630400000| Untracked 
| 141|0x0000000630800000, 0x0000000630800000, 0x0000000630c00000|  0%| F|  |TAMS 0x0000000630800000| PB 0x0000000630800000| Untracked 
| 142|0x0000000630c00000, 0x0000000630c00000, 0x0000000631000000|  0%| F|  |TAMS 0x0000000630c00000| PB 0x0000000630c00000| Untracked 
| 143|0x0000000631000000, 0x0000000631000000, 0x0000000631400000|  0%| F|  |TAMS 0x0000000631000000| PB 0x0000000631000000| Untracked 
| 144|0x0000000631400000, 0x0000000631400000, 0x0000000631800000|  0%| F|  |TAMS 0x0000000631400000| PB 0x0000000631400000| Untracked 
| 145|0x0000000631800000, 0x0000000631800000, 0x0000000631c00000|  0%| F|  |TAMS 0x0000000631800000| PB 0x0000000631800000| Untracked 
| 146|0x0000000631c00000, 0x0000000631c00000, 0x0000000632000000|  0%| F|  |TAMS 0x0000000631c00000| PB 0x0000000631c00000| Untracked 
| 147|0x0000000632000000, 0x0000000632000000, 0x0000000632400000|  0%| F|  |TAMS 0x0000000632000000| PB 0x0000000632000000| Untracked 
| 148|0x0000000632400000, 0x0000000632400000, 0x0000000632800000|  0%| F|  |TAMS 0x0000000632400000| PB 0x0000000632400000| Untracked 
| 149|0x0000000632800000, 0x0000000632c00000, 0x0000000632c00000|100%| S|CS|TAMS 0x0000000632800000| PB 0x0000000632800000| Complete 
| 150|0x0000000632c00000, 0x0000000633000000, 0x0000000633000000|100%| S|CS|TAMS 0x0000000632c00000| PB 0x0000000632c00000| Complete 
| 151|0x0000000633000000, 0x0000000633000000, 0x0000000633400000|  0%| F|  |TAMS 0x0000000633000000| PB 0x0000000633000000| Untracked 
| 152|0x0000000633400000, 0x0000000633400000, 0x0000000633800000|  0%| F|  |TAMS 0x0000000633400000| PB 0x0000000633400000| Untracked 
| 153|0x0000000633800000, 0x0000000633800000, 0x0000000633c00000|  0%| F|  |TAMS 0x0000000633800000| PB 0x0000000633800000| Untracked 
| 154|0x0000000633c00000, 0x0000000633c00000, 0x0000000634000000|  0%| F|  |TAMS 0x0000000633c00000| PB 0x0000000633c00000| Untracked 
| 155|0x0000000634000000, 0x0000000634000000, 0x0000000634400000|  0%| F|  |TAMS 0x0000000634000000| PB 0x0000000634000000| Untracked 
| 156|0x0000000634400000, 0x0000000634400000, 0x0000000634800000|  0%| F|  |TAMS 0x0000000634400000| PB 0x0000000634400000| Untracked 
| 157|0x0000000634800000, 0x0000000634800000, 0x0000000634c00000|  0%| F|  |TAMS 0x0000000634800000| PB 0x0000000634800000| Untracked 
| 158|0x0000000634c00000, 0x0000000635000000, 0x0000000635000000|100%| S|CS|TAMS 0x0000000634c00000| PB 0x0000000634c00000| Complete 
| 159|0x0000000635000000, 0x0000000635400000, 0x0000000635400000|100%| S|CS|TAMS 0x0000000635000000| PB 0x0000000635000000| Complete 
| 160|0x0000000635400000, 0x0000000635800000, 0x0000000635800000|100%| S|CS|TAMS 0x0000000635400000| PB 0x0000000635400000| Complete 
| 161|0x0000000635800000, 0x0000000635c00000, 0x0000000635c00000|100%| S|CS|TAMS 0x0000000635800000| PB 0x0000000635800000| Complete 
| 162|0x0000000635c00000, 0x0000000636000000, 0x0000000636000000|100%| S|CS|TAMS 0x0000000635c00000| PB 0x0000000635c00000| Complete 
| 163|0x0000000636000000, 0x0000000636400000, 0x0000000636400000|100%| S|CS|TAMS 0x0000000636000000| PB 0x0000000636000000| Complete 
| 164|0x0000000636400000, 0x0000000636800000, 0x0000000636800000|100%| S|CS|TAMS 0x0000000636400000| PB 0x0000000636400000| Complete 
| 165|0x0000000636800000, 0x0000000636c00000, 0x0000000636c00000|100%| S|CS|TAMS 0x0000000636800000| PB 0x0000000636800000| Complete 
| 166|0x0000000636c00000, 0x0000000637000000, 0x0000000637000000|100%| S|CS|TAMS 0x0000000636c00000| PB 0x0000000636c00000| Complete 
| 167|0x0000000637000000, 0x0000000637400000, 0x0000000637400000|100%| S|CS|TAMS 0x0000000637000000| PB 0x0000000637000000| Complete 
| 168|0x0000000637400000, 0x0000000637800000, 0x0000000637800000|100%| S|CS|TAMS 0x0000000637400000| PB 0x0000000637400000| Complete 
| 169|0x0000000637800000, 0x0000000637800000, 0x0000000637c00000|  0%| F|  |TAMS 0x0000000637800000| PB 0x0000000637800000| Untracked 
| 170|0x0000000637c00000, 0x0000000637c00000, 0x0000000638000000|  0%| F|  |TAMS 0x0000000637c00000| PB 0x0000000637c00000| Untracked 
| 171|0x0000000638000000, 0x0000000638000000, 0x0000000638400000|  0%| F|  |TAMS 0x0000000638000000| PB 0x0000000638000000| Untracked 
| 172|0x0000000638400000, 0x0000000638400000, 0x0000000638800000|  0%| F|  |TAMS 0x0000000638400000| PB 0x0000000638400000| Untracked 
| 173|0x0000000638800000, 0x0000000638800000, 0x0000000638c00000|  0%| F|  |TAMS 0x0000000638800000| PB 0x0000000638800000| Untracked 
| 174|0x0000000638c00000, 0x0000000638c00000, 0x0000000639000000|  0%| F|  |TAMS 0x0000000638c00000| PB 0x0000000638c00000| Untracked 
| 175|0x0000000639000000, 0x0000000639000000, 0x0000000639400000|  0%| F|  |TAMS 0x0000000639000000| PB 0x0000000639000000| Untracked 
| 176|0x0000000639400000, 0x0000000639400000, 0x0000000639800000|  0%| F|  |TAMS 0x0000000639400000| PB 0x0000000639400000| Untracked 
| 177|0x0000000639800000, 0x0000000639800000, 0x0000000639c00000|  0%| F|  |TAMS 0x0000000639800000| PB 0x0000000639800000| Untracked 
| 178|0x0000000639c00000, 0x0000000639c00000, 0x000000063a000000|  0%| F|  |TAMS 0x0000000639c00000| PB 0x0000000639c00000| Untracked 
| 179|0x000000063a000000, 0x000000063a000000, 0x000000063a400000|  0%| F|  |TAMS 0x000000063a000000| PB 0x000000063a000000| Untracked 
| 180|0x000000063a400000, 0x000000063a400000, 0x000000063a800000|  0%| F|  |TAMS 0x000000063a400000| PB 0x000000063a400000| Untracked 
| 181|0x000000063a800000, 0x000000063a800000, 0x000000063ac00000|  0%| F|  |TAMS 0x000000063a800000| PB 0x000000063a800000| Untracked 
| 182|0x000000063ac00000, 0x000000063ac00000, 0x000000063b000000|  0%| F|  |TAMS 0x000000063ac00000| PB 0x000000063ac00000| Untracked 
| 183|0x000000063b000000, 0x000000063b000000, 0x000000063b400000|  0%| F|  |TAMS 0x000000063b000000| PB 0x000000063b000000| Untracked 
| 184|0x000000063b400000, 0x000000063b400000, 0x000000063b800000|  0%| F|  |TAMS 0x000000063b400000| PB 0x000000063b400000| Untracked 
| 185|0x000000063b800000, 0x000000063b800000, 0x000000063bc00000|  0%| F|  |TAMS 0x000000063b800000| PB 0x000000063b800000| Untracked 
| 186|0x000000063bc00000, 0x000000063bc00000, 0x000000063c000000|  0%| F|  |TAMS 0x000000063bc00000| PB 0x000000063bc00000| Untracked 
| 187|0x000000063c000000, 0x000000063c000000, 0x000000063c400000|  0%| F|  |TAMS 0x000000063c000000| PB 0x000000063c000000| Untracked 
| 188|0x000000063c400000, 0x000000063c400000, 0x000000063c800000|  0%| F|  |TAMS 0x000000063c400000| PB 0x000000063c400000| Untracked 
| 189|0x000000063c800000, 0x000000063c800000, 0x000000063cc00000|  0%| F|  |TAMS 0x000000063c800000| PB 0x000000063c800000| Untracked 
| 190|0x000000063cc00000, 0x000000063cc00000, 0x000000063d000000|  0%| F|  |TAMS 0x000000063cc00000| PB 0x000000063cc00000| Untracked 
| 191|0x000000063d000000, 0x000000063d000000, 0x000000063d400000|  0%| F|  |TAMS 0x000000063d000000| PB 0x000000063d000000| Untracked 
| 192|0x000000063d400000, 0x000000063d400000, 0x000000063d800000|  0%| F|  |TAMS 0x000000063d400000| PB 0x000000063d400000| Untracked 
| 193|0x000000063d800000, 0x000000063d800000, 0x000000063dc00000|  0%| F|  |TAMS 0x000000063d800000| PB 0x000000063d800000| Untracked 
| 194|0x000000063dc00000, 0x000000063dc00000, 0x000000063e000000|  0%| F|  |TAMS 0x000000063dc00000| PB 0x000000063dc00000| Untracked 
| 195|0x000000063e000000, 0x000000063e000000, 0x000000063e400000|  0%| F|  |TAMS 0x000000063e000000| PB 0x000000063e000000| Untracked 
| 196|0x000000063e400000, 0x000000063e400000, 0x000000063e800000|  0%| F|  |TAMS 0x000000063e400000| PB 0x000000063e400000| Untracked 
| 197|0x000000063e800000, 0x000000063e800000, 0x000000063ec00000|  0%| F|  |TAMS 0x000000063e800000| PB 0x000000063e800000| Untracked 
| 198|0x000000063ec00000, 0x000000063ec00000, 0x000000063f000000|  0%| F|  |TAMS 0x000000063ec00000| PB 0x000000063ec00000| Untracked 
| 199|0x000000063f000000, 0x000000063f000000, 0x000000063f400000|  0%| F|  |TAMS 0x000000063f000000| PB 0x000000063f000000| Untracked 
| 200|0x000000063f400000, 0x000000063f400000, 0x000000063f800000|  0%| F|  |TAMS 0x000000063f400000| PB 0x000000063f400000| Untracked 
| 201|0x000000063f800000, 0x000000063f800000, 0x000000063fc00000|  0%| F|  |TAMS 0x000000063f800000| PB 0x000000063f800000| Untracked 
| 202|0x000000063fc00000, 0x000000063fc00000, 0x0000000640000000|  0%| F|  |TAMS 0x000000063fc00000| PB 0x000000063fc00000| Untracked 
| 203|0x0000000640000000, 0x0000000640000000, 0x0000000640400000|  0%| F|  |TAMS 0x0000000640000000| PB 0x0000000640000000| Untracked 
| 204|0x0000000640400000, 0x0000000640400000, 0x0000000640800000|  0%| F|  |TAMS 0x0000000640400000| PB 0x0000000640400000| Untracked 
| 205|0x0000000640800000, 0x0000000640800000, 0x0000000640c00000|  0%| F|  |TAMS 0x0000000640800000| PB 0x0000000640800000| Untracked 
| 206|0x0000000640c00000, 0x0000000640c00000, 0x0000000641000000|  0%| F|  |TAMS 0x0000000640c00000| PB 0x0000000640c00000| Untracked 
| 207|0x0000000641000000, 0x0000000641000000, 0x0000000641400000|  0%| F|  |TAMS 0x0000000641000000| PB 0x0000000641000000| Untracked 
| 208|0x0000000641400000, 0x0000000641400000, 0x0000000641800000|  0%| F|  |TAMS 0x0000000641400000| PB 0x0000000641400000| Untracked 
| 209|0x0000000641800000, 0x0000000641800000, 0x0000000641c00000|  0%| F|  |TAMS 0x0000000641800000| PB 0x0000000641800000| Untracked 
| 210|0x0000000641c00000, 0x0000000641c00000, 0x0000000642000000|  0%| F|  |TAMS 0x0000000641c00000| PB 0x0000000641c00000| Untracked 
| 211|0x0000000642000000, 0x0000000642000000, 0x0000000642400000|  0%| F|  |TAMS 0x0000000642000000| PB 0x0000000642000000| Untracked 
| 212|0x0000000642400000, 0x0000000642400000, 0x0000000642800000|  0%| F|  |TAMS 0x0000000642400000| PB 0x0000000642400000| Untracked 
| 213|0x0000000642800000, 0x0000000642800000, 0x0000000642c00000|  0%| F|  |TAMS 0x0000000642800000| PB 0x0000000642800000| Untracked 
| 214|0x0000000642c00000, 0x0000000642c00000, 0x0000000643000000|  0%| F|  |TAMS 0x0000000642c00000| PB 0x0000000642c00000| Untracked 
| 215|0x0000000643000000, 0x0000000643000000, 0x0000000643400000|  0%| F|  |TAMS 0x0000000643000000| PB 0x0000000643000000| Untracked 
| 216|0x0000000643400000, 0x0000000643400000, 0x0000000643800000|  0%| F|  |TAMS 0x0000000643400000| PB 0x0000000643400000| Untracked 
| 217|0x0000000643800000, 0x0000000643800000, 0x0000000643c00000|  0%| F|  |TAMS 0x0000000643800000| PB 0x0000000643800000| Untracked 
| 218|0x0000000643c00000, 0x0000000643c00000, 0x0000000644000000|  0%| F|  |TAMS 0x0000000643c00000| PB 0x0000000643c00000| Untracked 
| 219|0x0000000644000000, 0x0000000644000000, 0x0000000644400000|  0%| F|  |TAMS 0x0000000644000000| PB 0x0000000644000000| Untracked 
| 220|0x0000000644400000, 0x0000000644400000, 0x0000000644800000|  0%| F|  |TAMS 0x0000000644400000| PB 0x0000000644400000| Untracked 
| 221|0x0000000644800000, 0x0000000644800000, 0x0000000644c00000|  0%| F|  |TAMS 0x0000000644800000| PB 0x0000000644800000| Untracked 
| 222|0x0000000644c00000, 0x0000000644c00000, 0x0000000645000000|  0%| F|  |TAMS 0x0000000644c00000| PB 0x0000000644c00000| Untracked 
| 223|0x0000000645000000, 0x0000000645000000, 0x0000000645400000|  0%| F|  |TAMS 0x0000000645000000| PB 0x0000000645000000| Untracked 
| 224|0x0000000645400000, 0x0000000645400000, 0x0000000645800000|  0%| F|  |TAMS 0x0000000645400000| PB 0x0000000645400000| Untracked 
| 225|0x0000000645800000, 0x0000000645800000, 0x0000000645c00000|  0%| F|  |TAMS 0x0000000645800000| PB 0x0000000645800000| Untracked 
| 226|0x0000000645c00000, 0x0000000645c00000, 0x0000000646000000|  0%| F|  |TAMS 0x0000000645c00000| PB 0x0000000645c00000| Untracked 
| 227|0x0000000646000000, 0x0000000646000000, 0x0000000646400000|  0%| F|  |TAMS 0x0000000646000000| PB 0x0000000646000000| Untracked 
| 228|0x0000000646400000, 0x0000000646400000, 0x0000000646800000|  0%| F|  |TAMS 0x0000000646400000| PB 0x0000000646400000| Untracked 
| 229|0x0000000646800000, 0x0000000646800000, 0x0000000646c00000|  0%| F|  |TAMS 0x0000000646800000| PB 0x0000000646800000| Untracked 
| 230|0x0000000646c00000, 0x0000000646c00000, 0x0000000647000000|  0%| F|  |TAMS 0x0000000646c00000| PB 0x0000000646c00000| Untracked 
| 231|0x0000000647000000, 0x0000000647000000, 0x0000000647400000|  0%| F|  |TAMS 0x0000000647000000| PB 0x0000000647000000| Untracked 
| 232|0x0000000647400000, 0x0000000647800000, 0x0000000647800000|100%| E|  |TAMS 0x0000000647400000| PB 0x0000000647400000| Complete 
| 233|0x0000000647800000, 0x0000000647c00000, 0x0000000647c00000|100%| E|CS|TAMS 0x0000000647800000| PB 0x0000000647800000| Complete 
| 234|0x0000000647c00000, 0x0000000648000000, 0x0000000648000000|100%| E|CS|TAMS 0x0000000647c00000| PB 0x0000000647c00000| Complete 
| 235|0x0000000648000000, 0x0000000648400000, 0x0000000648400000|100%| E|CS|TAMS 0x0000000648000000| PB 0x0000000648000000| Complete 
| 236|0x0000000648400000, 0x0000000648800000, 0x0000000648800000|100%| E|CS|TAMS 0x0000000648400000| PB 0x0000000648400000| Complete 
| 237|0x0000000648800000, 0x0000000648c00000, 0x0000000648c00000|100%| E|CS|TAMS 0x0000000648800000| PB 0x0000000648800000| Complete 
| 238|0x0000000648c00000, 0x0000000649000000, 0x0000000649000000|100%| E|CS|TAMS 0x0000000648c00000| PB 0x0000000648c00000| Complete 
| 239|0x0000000649000000, 0x0000000649400000, 0x0000000649400000|100%| E|CS|TAMS 0x0000000649000000| PB 0x0000000649000000| Complete 
| 240|0x0000000649400000, 0x0000000649800000, 0x0000000649800000|100%| E|CS|TAMS 0x0000000649400000| PB 0x0000000649400000| Complete 
| 241|0x0000000649800000, 0x0000000649c00000, 0x0000000649c00000|100%| E|CS|TAMS 0x0000000649800000| PB 0x0000000649800000| Complete 
| 242|0x0000000649c00000, 0x000000064a000000, 0x000000064a000000|100%| E|CS|TAMS 0x0000000649c00000| PB 0x0000000649c00000| Complete 
| 243|0x000000064a000000, 0x000000064a400000, 0x000000064a400000|100%| E|CS|TAMS 0x000000064a000000| PB 0x000000064a000000| Complete 
| 244|0x000000064a400000, 0x000000064a800000, 0x000000064a800000|100%| E|CS|TAMS 0x000000064a400000| PB 0x000000064a400000| Complete 
| 245|0x000000064a800000, 0x000000064ac00000, 0x000000064ac00000|100%| E|CS|TAMS 0x000000064a800000| PB 0x000000064a800000| Complete 
| 246|0x000000064ac00000, 0x000000064b000000, 0x000000064b000000|100%| E|CS|TAMS 0x000000064ac00000| PB 0x000000064ac00000| Complete 
| 247|0x000000064b000000, 0x000000064b400000, 0x000000064b400000|100%| E|CS|TAMS 0x000000064b000000| PB 0x000000064b000000| Complete 
| 248|0x000000064b400000, 0x000000064b800000, 0x000000064b800000|100%| E|CS|TAMS 0x000000064b400000| PB 0x000000064b400000| Complete 
| 249|0x000000064b800000, 0x000000064bc00000, 0x000000064bc00000|100%| E|CS|TAMS 0x000000064b800000| PB 0x000000064b800000| Complete 
|1994|0x00000007ffc00000, 0x0000000800000000, 0x0000000800000000|100%| O|  |TAMS 0x00000007ffc00000| PB 0x00000007ffc00000| Untracked 

Card table byte_map: [0x00000247fe7b0000,0x00000247ff750000] _byte_map_base: 0x00000247fb746000

Marking Bits: (CMBitMap*) 0x00000247fa210a50
 Bits: [0x000002478f000000, 0x0000024796cb0000)

Polling page: 0x00000247f7f60000

Metaspace:

Usage:
  Non-class:     75.23 MB used.
      Class:      8.69 MB used.
       Both:     83.92 MB used.

Virtual space:
  Non-class space:      128.00 MB reserved,      75.44 MB ( 59%) committed,  2 nodes.
      Class space:        1.00 GB reserved,       8.81 MB ( <1%) committed,  1 nodes.
             Both:        1.12 GB reserved,      84.25 MB (  7%) committed. 

Chunk freelists:
   Non-Class:  4.55 MB
       Class:  7.20 MB
        Both:  11.75 MB

MaxMetaspaceSize: unlimited
CompressedClassSpaceSize: 1.00 GB
Initial GC threshold: 21.00 MB
Current GC threshold: 139.38 MB
CDS: off
 - commit_granule_bytes: 65536.
 - commit_granule_words: 8192.
 - virtual_space_node_default_size: 8388608.
 - enlarge_chunks_in_place: 1.
 - use_allocation_guard: 0.


Internal statistics:

num_allocs_failed_limit: 6.
num_arena_births: 388.
num_arena_deaths: 0.
num_vsnodes_births: 3.
num_vsnodes_deaths: 0.
num_space_committed: 1346.
num_space_uncommitted: 0.
num_chunks_returned_to_freelist: 6.
num_chunks_taken_from_freelist: 3122.
num_chunk_merges: 6.
num_chunk_splits: 2579.
num_chunks_enlarged: 2317.
num_inconsistent_stats: 0.

CodeHeap 'non-profiled nmethods': size=120000Kb used=21249Kb max_used=23964Kb free=98750Kb
 bounds [0x0000024787ad0000, 0x0000024789240000, 0x000002478f000000]
CodeHeap 'profiled nmethods': size=120000Kb used=57131Kb max_used=64811Kb free=62868Kb
 bounds [0x0000024780000000, 0x0000024783fb0000, 0x0000024787530000]
CodeHeap 'non-nmethods': size=5760Kb used=2061Kb max_used=2131Kb free=3698Kb
 bounds [0x0000024787530000, 0x00000247877a0000, 0x0000024787ad0000]
CodeCache: size=245760Kb, used=80441Kb, max_used=90906Kb, free=165316Kb
 total_blobs=15675, nmethods=14851, adapters=723, full_count=0
Compilation: enabled, stopped_count=0, restarted_count=0

Compilation events (20 events):
Event: 23.461 Thread 0x00000247992f6cd0 25654       2       org.jetbrains.kotlin.ir.expressions.impl.IrConstImpl$Companion::constTrue (15 bytes)
Event: 23.461 Thread 0x00000247992f6cd0 nmethod 25654 0x000002478010c510 code [0x000002478010c700, 0x000002478010ca18]
Event: 23.461 Thread 0x00000247992f6cd0 25655       1       org.jetbrains.kotlin.ir.expressions.impl.IrConstructorCallImpl::getStartOffset (5 bytes)
Event: 23.461 Thread 0x00000247992f6cd0 nmethod 25655 0x0000024787dc5c10 code [0x0000024787dc5da0, 0x0000024787dc5e68]
Event: 23.461 Thread 0x00000247992f6cd0 25656       1       org.jetbrains.kotlin.ir.declarations.impl.IrFieldImpl::getOrigin (5 bytes)
Event: 23.462 Thread 0x00000247992f6cd0 nmethod 25656 0x0000024787dd7610 code [0x0000024787dd77a0, 0x0000024787dd7870]
Event: 23.462 Thread 0x00000247992f6cd0 25657       2       org.jetbrains.kotlin.fir.declarations.comparators.FirMemberDeclarationComparator$TypeAndNameComparator::getPriority (123 bytes)
Event: 23.462 Thread 0x00000247992f6cd0 nmethod 25657 0x000002478033d510 code [0x000002478033d720, 0x000002478033dd58]
Event: 23.465 Thread 0x00000247992f6cd0 25658       2       org.jetbrains.kotlin.ir.expressions.impl.BuildersKt::IrDelegatingConstructorCallImplWithShape$default (32 bytes)
Event: 23.465 Thread 0x00000247992f6cd0 nmethod 25658 0x0000024780279590 code [0x0000024780279740, 0x0000024780279890]
Event: 23.466 Thread 0x00000247992f6cd0 25659       2       org.jetbrains.kotlin.fir.declarations.comparators.FirMemberDeclarationComparator$TypeAndNameComparator::compare (116 bytes)
Event: 23.466 Thread 0x00000247992f6cd0 nmethod 25659 0x000002478103ad10 code [0x000002478103b020, 0x000002478103b958]
Event: 23.468 Thread 0x00000247992f6cd0 25660   !   2       org.jetbrains.kotlin.fir.backend.Fir2IrVisitor::visitRegularClass (663 bytes)
Event: 23.469 Thread 0x00000247992f6cd0 nmethod 25660 0x0000024781060710 code [0x0000024781060dc0, 0x0000024781062ec8]
Event: 23.469 Thread 0x00000247992f6cd0 25661       3       org.jetbrains.kotlin.fir.backend.Fir2IrDeclarationStorage::getIrFunctionSymbol$default (26 bytes)
Event: 23.469 Thread 0x00000247992f6cd0 nmethod 25661 0x00000247802b8790 code [0x00000247802b8940, 0x00000247802b8ad8]
Event: 23.484 Thread 0x00000247992f6cd0 25665       2       org.jetbrains.kotlin.fir.backend.Fir2IrBuiltinSymbolsContainer::getNothingNType (15 bytes)
Event: 23.484 Thread 0x00000247992f6cd0 nmethod 25665 0x00000247802ebe10 code [0x00000247802ebfc0, 0x00000247802ec130]
Event: 23.484 Thread 0x00000247992f6cd0 25666       2       org.jetbrains.kotlin.ir.expressions.impl.IrConstImpl$Companion::constNull (20 bytes)
Event: 23.484 Thread 0x00000247992f6cd0 nmethod 25666 0x000002478033b010 code [0x000002478033b200, 0x000002478033b510]

GC Heap History (20 events):
Event: 12.384 GC heap before
{Heap before GC invocations=29 (full 0):
 garbage-first heap   total 724992K, used 638232K [0x000000060d400000, 0x0000000800000000)
  region size 4096K, 60 young (245760K), 8 survivors (32768K)
 Metaspace       used 71400K, committed 71680K, reserved 1114112K
  class space    used 7817K, committed 7936K, reserved 1048576K
}
Event: 12.399 GC heap after
{Heap after GC invocations=30 (full 0):
 garbage-first heap   total 724992K, used 448711K [0x000000060d400000, 0x0000000800000000)
  region size 4096K, 7 young (28672K), 7 survivors (28672K)
 Metaspace       used 71400K, committed 71680K, reserved 1114112K
  class space    used 7817K, committed 7936K, reserved 1048576K
}
Event: 13.371 GC heap before
{Heap before GC invocations=30 (full 0):
 garbage-first heap   total 724992K, used 645319K [0x000000060d400000, 0x0000000800000000)
  region size 4096K, 55 young (225280K), 7 survivors (28672K)
 Metaspace       used 71653K, committed 72000K, reserved 1114112K
  class space    used 7825K, committed 8000K, reserved 1048576K
}
Event: 13.380 GC heap after
{Heap after GC invocations=31 (full 0):
 garbage-first heap   total 724992K, used 465088K [0x000000060d400000, 0x0000000800000000)
  region size 4096K, 4 young (16384K), 4 survivors (16384K)
 Metaspace       used 71653K, committed 72000K, reserved 1114112K
  class space    used 7825K, committed 8000K, reserved 1048576K
}
Event: 14.126 GC heap before
{Heap before GC invocations=32 (full 0):
 garbage-first heap   total 778240K, used 657600K [0x000000060d400000, 0x0000000800000000)
  region size 4096K, 51 young (208896K), 4 survivors (16384K)
 Metaspace       used 71793K, committed 72128K, reserved 1114112K
  class space    used 7830K, committed 8000K, reserved 1048576K
}
Event: 14.132 GC heap after
{Heap after GC invocations=33 (full 0):
 garbage-first heap   total 778240K, used 476572K [0x000000060d400000, 0x0000000800000000)
  region size 4096K, 7 young (28672K), 7 survivors (28672K)
 Metaspace       used 71793K, committed 72128K, reserved 1114112K
  class space    used 7830K, committed 8000K, reserved 1048576K
}
Event: 14.900 GC heap before
{Heap before GC invocations=33 (full 0):
 garbage-first heap   total 778240K, used 705948K [0x000000060d400000, 0x0000000800000000)
  region size 4096K, 63 young (258048K), 7 survivors (28672K)
 Metaspace       used 72089K, committed 72384K, reserved 1114112K
  class space    used 7837K, committed 8000K, reserved 1048576K
}
Event: 14.913 GC heap after
{Heap after GC invocations=34 (full 0):
 garbage-first heap   total 778240K, used 490879K [0x000000060d400000, 0x0000000800000000)
  region size 4096K, 8 young (32768K), 8 survivors (32768K)
 Metaspace       used 72089K, committed 72384K, reserved 1114112K
  class space    used 7837K, committed 8000K, reserved 1048576K
}
Event: 15.487 GC heap before
{Heap before GC invocations=34 (full 0):
 garbage-first heap   total 778240K, used 703871K [0x000000060d400000, 0x0000000800000000)
  region size 4096K, 60 young (245760K), 8 survivors (32768K)
 Metaspace       used 72346K, committed 72640K, reserved 1114112K
  class space    used 7841K, committed 8000K, reserved 1048576K
}
Event: 15.499 GC heap after
{Heap after GC invocations=35 (full 0):
 garbage-first heap   total 778240K, used 510945K [0x000000060d400000, 0x0000000800000000)
  region size 4096K, 5 young (20480K), 5 survivors (20480K)
 Metaspace       used 72346K, committed 72640K, reserved 1114112K
  class space    used 7841K, committed 8000K, reserved 1048576K
}
Event: 16.222 GC heap before
{Heap before GC invocations=36 (full 0):
 garbage-first heap   total 856064K, used 711649K [0x000000060d400000, 0x0000000800000000)
  region size 4096K, 54 young (221184K), 5 survivors (20480K)
 Metaspace       used 72434K, committed 72704K, reserved 1114112K
  class space    used 7842K, committed 8000K, reserved 1048576K
}
Event: 16.231 GC heap after
{Heap after GC invocations=37 (full 0):
 garbage-first heap   total 856064K, used 523200K [0x000000060d400000, 0x0000000800000000)
  region size 4096K, 4 young (16384K), 4 survivors (16384K)
 Metaspace       used 72434K, committed 72704K, reserved 1114112K
  class space    used 7842K, committed 8000K, reserved 1048576K
}
Event: 16.812 GC heap before
{Heap before GC invocations=37 (full 0):
 garbage-first heap   total 856064K, used 785344K [0x000000060d400000, 0x0000000800000000)
  region size 4096K, 68 young (278528K), 4 survivors (16384K)
 Metaspace       used 72501K, committed 72768K, reserved 1114112K
  class space    used 7843K, committed 8000K, reserved 1048576K
}
Event: 16.822 GC heap after
{Heap after GC invocations=38 (full 0):
 garbage-first heap   total 856064K, used 535308K [0x000000060d400000, 0x0000000800000000)
  region size 4096K, 8 young (32768K), 8 survivors (32768K)
 Metaspace       used 72501K, committed 72768K, reserved 1114112K
  class space    used 7843K, committed 8000K, reserved 1048576K
}
Event: 18.774 GC heap before
{Heap before GC invocations=38 (full 0):
 garbage-first heap   total 856064K, used 772876K [0x000000060d400000, 0x0000000800000000)
  region size 4096K, 66 young (270336K), 8 survivors (32768K)
 Metaspace       used 77362K, committed 77696K, reserved 1179648K
  class space    used 8210K, committed 8320K, reserved 1048576K
}
Event: 18.786 GC heap after
{Heap after GC invocations=39 (full 0):
 garbage-first heap   total 1028096K, used 554072K [0x000000060d400000, 0x0000000800000000)
  region size 4096K, 9 young (36864K), 9 survivors (36864K)
 Metaspace       used 77362K, committed 77696K, reserved 1179648K
  class space    used 8210K, committed 8320K, reserved 1048576K
}
Event: 21.234 GC heap before
{Heap before GC invocations=40 (full 0):
 garbage-first heap   total 1028096K, used 930904K [0x000000060d400000, 0x0000000800000000)
  region size 4096K, 101 young (413696K), 9 survivors (36864K)
 Metaspace       used 78491K, committed 78848K, reserved 1179648K
  class space    used 8277K, committed 8448K, reserved 1048576K
}
Event: 21.246 GC heap after
{Heap after GC invocations=41 (full 0):
 garbage-first heap   total 1028096K, used 561854K [0x000000060d400000, 0x0000000800000000)
  region size 4096K, 7 young (28672K), 7 survivors (28672K)
 Metaspace       used 78491K, committed 78848K, reserved 1179648K
  class space    used 8277K, committed 8448K, reserved 1048576K
}
Event: 22.782 GC heap before
{Heap before GC invocations=41 (full 0):
 garbage-first heap   total 1028096K, used 889534K [0x000000060d400000, 0x0000000800000000)
  region size 4096K, 88 young (360448K), 7 survivors (28672K)
 Metaspace       used 85117K, committed 85440K, reserved 1179648K
  class space    used 8833K, committed 8960K, reserved 1048576K
}
Event: 22.805 GC heap after
{Heap after GC invocations=42 (full 0):
 garbage-first heap   total 1028096K, used 608925K [0x000000060d400000, 0x0000000800000000)
  region size 4096K, 13 young (53248K), 13 survivors (53248K)
 Metaspace       used 85117K, committed 85440K, reserved 1179648K
  class space    used 8833K, committed 8960K, reserved 1048576K
}

Dll operation events (3 events):
Event: 0.006 Loaded shared library C:\Apps\Android Studio\jbr\bin\java.dll
Event: 0.010 Loaded shared library C:\Apps\Android Studio\jbr\bin\zip.dll
Event: 0.678 Loaded shared library C:\Apps\Android Studio\jbr\bin\verify.dll

Deoptimization events (20 events):
Event: 23.435 Thread 0x00000247f7de9b80 Uncommon trap: trap_request=0xffffffde fr.pc=0x0000024788a253d4 relative=0x0000000000004f34
Event: 23.435 Thread 0x00000247f7de9b80 Uncommon trap: reason=class_check action=maybe_recompile pc=0x0000024788a253d4 method=org.jetbrains.org.objectweb.asm.ClassReader.readMethod(Lorg/jetbrains/org/objectweb/asm/ClassVisitor;Lorg/jetbrains/org/objectweb/asm/Context;I)I @ 967 c2
Event: 23.435 Thread 0x00000247f7de9b80 DEOPT PACKING pc=0x0000024788a253d4 sp=0x000000e3819f9fa0
Event: 23.435 Thread 0x00000247f7de9b80 DEOPT UNPACKING pc=0x0000024787587da2 sp=0x000000e3819f9f40 mode 2
Event: 23.435 Thread 0x00000247f7de9b80 Uncommon trap: trap_request=0xffffffde fr.pc=0x0000024788a253d4 relative=0x0000000000004f34
Event: 23.435 Thread 0x00000247f7de9b80 Uncommon trap: reason=class_check action=maybe_recompile pc=0x0000024788a253d4 method=org.jetbrains.org.objectweb.asm.ClassReader.readMethod(Lorg/jetbrains/org/objectweb/asm/ClassVisitor;Lorg/jetbrains/org/objectweb/asm/Context;I)I @ 967 c2
Event: 23.435 Thread 0x00000247f7de9b80 DEOPT PACKING pc=0x0000024788a253d4 sp=0x000000e3819f9fa0
Event: 23.435 Thread 0x00000247f7de9b80 DEOPT UNPACKING pc=0x0000024787587da2 sp=0x000000e3819f9f40 mode 2
Event: 23.437 Thread 0x00000247f7de9b80 Uncommon trap: trap_request=0xffffff45 fr.pc=0x0000024789093788 relative=0x0000000000000068
Event: 23.437 Thread 0x00000247f7de9b80 Uncommon trap: reason=unstable_if action=reinterpret pc=0x0000024789093788 method=org.jetbrains.kotlin.fir.java.declarations.FirJavaValueParameter.getDefaultValue()Lorg/jetbrains/kotlin/fir/expressions/FirExpression; @ 5 c2
Event: 23.437 Thread 0x00000247f7de9b80 DEOPT PACKING pc=0x0000024789093788 sp=0x000000e3819fa190
Event: 23.437 Thread 0x00000247f7de9b80 DEOPT UNPACKING pc=0x0000024787587da2 sp=0x000000e3819fa120 mode 2
Event: 23.438 Thread 0x00000247f7de9b80 Uncommon trap: trap_request=0xffffffc6 fr.pc=0x0000024787adab74 relative=0x0000000000000134
Event: 23.438 Thread 0x00000247f7de9b80 Uncommon trap: reason=bimorphic_or_optimized_type_check action=maybe_recompile pc=0x0000024787adab74 method=org.jetbrains.kotlin.fir.backend.Fir2IrTypeConverterKt.toIrType(Lorg/jetbrains/kotlin/fir/types/ConeKotlinType;Lorg/jetbrains/kotlin/fir/backend/Fi
Event: 23.438 Thread 0x00000247f7de9b80 DEOPT PACKING pc=0x0000024787adab74 sp=0x000000e3819fa250
Event: 23.438 Thread 0x00000247f7de9b80 DEOPT UNPACKING pc=0x0000024787587da2 sp=0x000000e3819fa1e8 mode 2
Event: 23.438 Thread 0x00000247f7de9b80 Uncommon trap: trap_request=0xffffffc6 fr.pc=0x0000024787adab74 relative=0x0000000000000134
Event: 23.438 Thread 0x00000247f7de9b80 Uncommon trap: reason=bimorphic_or_optimized_type_check action=maybe_recompile pc=0x0000024787adab74 method=org.jetbrains.kotlin.fir.backend.Fir2IrTypeConverterKt.toIrType(Lorg/jetbrains/kotlin/fir/types/ConeKotlinType;Lorg/jetbrains/kotlin/fir/backend/Fi
Event: 23.438 Thread 0x00000247f7de9b80 DEOPT PACKING pc=0x0000024787adab74 sp=0x000000e3819fa250
Event: 23.438 Thread 0x00000247f7de9b80 DEOPT UNPACKING pc=0x0000024787587da2 sp=0x000000e3819fa1e8 mode 2

Classes loaded (20 events):
Event: 22.005 Loading class java/util/ServiceLoader$1
Event: 22.006 Loading class java/util/ServiceLoader$1 done
Event: 22.006 Loading class java/util/ServiceLoader$ProviderImpl
Event: 22.006 Loading class java/util/ServiceLoader$Provider
Event: 22.006 Loading class java/util/ServiceLoader$Provider done
Event: 22.006 Loading class java/util/ServiceLoader$ProviderImpl done
Event: 23.081 Loading class java/util/Formatter
Event: 23.082 Loading class java/util/Formatter done
Event: 23.082 Loading class java/util/Formatter$FixedString
Event: 23.082 Loading class java/util/Formatter$FormatString
Event: 23.082 Loading class java/util/Formatter$FormatString done
Event: 23.082 Loading class java/util/Formatter$FixedString done
Event: 23.082 Loading class java/util/Formatter$Conversion
Event: 23.082 Loading class java/util/Formatter$Conversion done
Event: 23.082 Loading class java/util/Formatter$FormatSpecifier
Event: 23.083 Loading class java/util/Formatter$FormatSpecifier done
Event: 23.083 Loading class java/util/Formattable
Event: 23.083 Loading class java/util/Formattable done
Event: 23.083 Loading class java/util/Formatter$Flags
Event: 23.083 Loading class java/util/Formatter$Flags done

Classes unloaded (0 events):
No events

Classes redefined (0 events):
No events

Internal exceptions (20 events):
Event: 21.170 Thread 0x00000247f7de9b80 Exception <a 'java/lang/NoSuchMethodError'{0x0000000635102ac0}: 'java.lang.Object java.lang.invoke.DirectMethodHandle$Holder.invokeSpecial(java.lang.Object, java.lang.Object, java.lang.Object, int, java.lang.Object, java.lang.Object, java.lang.Object)'> (0x0000000635102ac0) 
thrown [s\src\hotspot\share\interpreter\linkResolver.cpp, line 784]
Event: 21.170 Thread 0x00000247f7de9b80 Exception <a 'java/lang/NoSuchMethodError'{0x0000000635106138}: 'java.lang.Object java.lang.invoke.Invokers$Holder.linkToTargetMethod(java.lang.Object, int, java.lang.Object, java.lang.Object, java.lang.Object, java.lang.Object)'> (0x0000000635106138) 
thrown [s\src\hotspot\share\interpreter\linkResolver.cpp, line 784]
Event: 21.198 Thread 0x00000247f7de9b80 Exception <a 'java/lang/NoSuchMethodError'{0x00000006353171a0}: 'java.lang.Object java.lang.invoke.DirectMethodHandle$Holder.newInvokeSpecial(java.lang.Object, java.lang.Object, java.lang.Object, int, java.lang.Object, java.lang.Object)'> (0x00000006353171a0) 
thrown [s\src\hotspot\share\interpreter\linkResolver.cpp, line 784]
Event: 21.198 Thread 0x00000247f7de9b80 Exception <a 'java/lang/NoSuchMethodError'{0x000000063531b4b8}: 'java.lang.Object java.lang.invoke.DirectMethodHandle$Holder.invokeSpecial(java.lang.Object, java.lang.Object, java.lang.Object, java.lang.Object, int, java.lang.Object, java.lang.Object)'> (0x000000063531b4b8) 
thrown [s\src\hotspot\share\interpreter\linkResolver.cpp, line 784]
Event: 21.198 Thread 0x00000247f7de9b80 Exception <a 'java/lang/NoSuchMethodError'{0x000000063531ede0}: 'java.lang.Object java.lang.invoke.Invokers$Holder.linkToTargetMethod(java.lang.Object, java.lang.Object, int, java.lang.Object, java.lang.Object, java.lang.Object)'> (0x000000063531ede0) 
thrown [s\src\hotspot\share\interpreter\linkResolver.cpp, line 784]
Event: 22.047 Thread 0x00000247f7de9b80 Implicit null exception at 0x0000024787b725a2 to 0x0000024787b72a1c
Event: 22.048 Thread 0x00000247f7de9b80 Implicit null exception at 0x0000024787b28fa0 to 0x0000024787b296b0
Event: 22.502 Thread 0x00000247f7de9b80 Exception <a 'java/lang/NoSuchMethodError'{0x00000006397fcfa0}: 'java.lang.Object java.lang.invoke.DirectMethodHandle$Holder.newInvokeSpecial(java.lang.Object, java.lang.Object, java.lang.Object, java.lang.Object, java.lang.Object, java.lang.Object, java.lang.Object, java.lang.Object, int)'> (0x00000006397fcfa0) 
thrown [s\src\hotspot\share\interpreter\linkResolver.cpp, line 784]
Event: 22.502 Thread 0x00000247f7de9b80 Exception <a 'java/lang/NoSuchMethodError'{0x0000000639001f18}: 'java.lang.Object java.lang.invoke.DirectMethodHandle$Holder.invokeSpecial(java.lang.Object, java.lang.Object, java.lang.Object, java.lang.Object, java.lang.Object, java.lang.Object, java.lang.Object, java.lang.Object, java.lang.Object, int)'> (0x0000000639001f18) 
thrown [s\src\hotspot\share\interpreter\linkResolver.cpp, line 784]
Event: 22.545 Thread 0x00000247f7de9b80 Exception <a 'java/lang/NoSuchMethodError'{0x0000000638e02520}: 'java.lang.Object java.lang.invoke.DirectMethodHandle$Holder.newInvokeSpecial(java.lang.Object, java.lang.Object, java.lang.Object, java.lang.Object, java.lang.Object, java.lang.Object, java.lang.Object, int)'> (0x0000000638e02520) 
thrown [s\src\hotspot\share\interpreter\linkResolver.cpp, line 784]
Event: 22.545 Thread 0x00000247f7de9b80 Exception <a 'java/lang/NoSuchMethodError'{0x0000000638e06b70}: 'java.lang.Object java.lang.invoke.DirectMethodHandle$Holder.invokeSpecial(java.lang.Object, java.lang.Object, java.lang.Object, java.lang.Object, java.lang.Object, java.lang.Object, java.lang.Object, java.lang.Object, int)'> (0x0000000638e06b70) 
thrown [s\src\hotspot\share\interpreter\linkResolver.cpp, line 784]
Event: 22.545 Thread 0x00000247f7de9b80 Exception <a 'java/lang/NoSuchMethodError'{0x0000000638e0aa98}: 'java.lang.Object java.lang.invoke.Invokers$Holder.linkToTargetMethod(java.lang.Object, java.lang.Object, java.lang.Object, java.lang.Object, java.lang.Object, java.lang.Object, int, java.lang.Object)'> (0x0000000638e0aa98) 
thrown [s\src\hotspot\share\interpreter\linkResolver.cpp, line 784]
Event: 22.633 Thread 0x00000247f7de9b80 Exception <a 'java/lang/NoSuchMethodError'{0x000000063851d900}: 'java.lang.Object java.lang.invoke.DirectMethodHandle$Holder.invokeStatic(java.lang.Object, java.lang.Object, java.lang.Object, int, int)'> (0x000000063851d900) 
thrown [s\src\hotspot\share\interpreter\linkResolver.cpp, line 784]
Event: 22.882 Thread 0x00000247f7de9b80 Implicit null exception at 0x00000247891f06f2 to 0x00000247891f3008
Event: 22.912 Thread 0x00000247f7de9b80 Exception <a 'java/lang/NoSuchMethodError'{0x000000064b1c7568}: 'java.lang.Object java.lang.invoke.DirectMethodHandle$Holder.newInvokeSpecial(java.lang.Object, java.lang.Object, java.lang.Object, java.lang.Object, java.lang.Object, java.lang.Object, java.lang.Object, java.lang.Object)'> (0x000000064b1c7568) 
thrown [s\src\hotspot\share\interpreter\linkResolver.cpp, line 784]
Event: 22.913 Thread 0x00000247f7de9b80 Exception <a 'java/lang/NoSuchMethodError'{0x000000064b1e0ac0}: 'java.lang.Object java.lang.invoke.DirectMethodHandle$Holder.newInvokeSpecial(java.lang.Object, java.lang.Object, java.lang.Object, java.lang.Object, int, int, java.lang.Object)'> (0x000000064b1e0ac0) 
thrown [s\src\hotspot\share\interpreter\linkResolver.cpp, line 784]
Event: 22.915 Thread 0x00000247f7de9b80 Implicit null exception at 0x0000024789208a5e to 0x0000024789208f24
Event: 23.148 Thread 0x00000247f7de9b80 Implicit null exception at 0x0000024789211768 to 0x0000024789213500
Event: 23.148 Thread 0x00000247f7de9b80 Implicit null exception at 0x00000247892163a5 to 0x0000024789216476
Event: 23.242 Thread 0x00000247f7de9b80 Implicit null exception at 0x00000247891bb458 to 0x00000247891bb4cd

ZGC Phase Switch (0 events):
No events

VM Operations (20 events):
Event: 22.707 Executing VM operation: ICBufferFull
Event: 22.707 Executing VM operation: ICBufferFull done
Event: 22.719 Executing VM operation: HandshakeAllThreads (Deoptimize)
Event: 22.719 Executing VM operation: HandshakeAllThreads (Deoptimize) done
Event: 22.782 Executing VM operation: G1TryInitiateConcMark (CodeCache GC Threshold)
Event: 22.805 Executing VM operation: G1TryInitiateConcMark (CodeCache GC Threshold) done
Event: 23.000 Executing VM operation: ICBufferFull
Event: 23.000 Executing VM operation: ICBufferFull done
Event: 23.045 Executing VM operation: G1PauseRemark
Event: 23.054 Executing VM operation: G1PauseRemark done
Event: 23.074 Executing VM operation: HandshakeAllThreads (Deoptimize)
Event: 23.074 Executing VM operation: HandshakeAllThreads (Deoptimize) done
Event: 23.076 Executing VM operation: HandshakeAllThreads (Deoptimize)
Event: 23.076 Executing VM operation: HandshakeAllThreads (Deoptimize) done
Event: 23.096 Executing VM operation: HandshakeAllThreads (Deoptimize)
Event: 23.096 Executing VM operation: HandshakeAllThreads (Deoptimize) done
Event: 23.141 Executing VM operation: G1PauseCleanup
Event: 23.141 Executing VM operation: G1PauseCleanup done
Event: 23.336 Executing VM operation: ICBufferFull
Event: 23.337 Executing VM operation: ICBufferFull done

Memory protections (0 events):
No events

Nmethod flushes (20 events):
Event: 23.052 Thread 0x00000247992898e0 flushing  nmethod 0x0000024783162010
Event: 23.052 Thread 0x00000247992898e0 flushing  nmethod 0x0000024783168a10
Event: 23.052 Thread 0x00000247992898e0 flushing  nmethod 0x0000024783168e10
Event: 23.052 Thread 0x00000247992898e0 flushing  nmethod 0x000002478316bf90
Event: 23.052 Thread 0x00000247992898e0 flushing  nmethod 0x000002478316ce10
Event: 23.052 Thread 0x00000247992898e0 flushing  nmethod 0x000002478316d810
Event: 23.052 Thread 0x00000247992898e0 flushing  nmethod 0x000002478316ee10
Event: 23.052 Thread 0x00000247992898e0 flushing  nmethod 0x000002478316f510
Event: 23.052 Thread 0x00000247992898e0 flushing  nmethod 0x00000247831e7690
Event: 23.052 Thread 0x00000247992898e0 flushing  nmethod 0x00000247831f0790
Event: 23.052 Thread 0x00000247992898e0 flushing  nmethod 0x00000247832a6590
Event: 23.052 Thread 0x00000247992898e0 flushing  nmethod 0x00000247832a6a10
Event: 23.052 Thread 0x00000247992898e0 flushing  nmethod 0x00000247832a7110
Event: 23.052 Thread 0x00000247992898e0 flushing  nmethod 0x00000247832aa490
Event: 23.052 Thread 0x00000247992898e0 flushing  nmethod 0x00000247832ad990
Event: 23.052 Thread 0x00000247992898e0 flushing  nmethod 0x000002478332bd10
Event: 23.052 Thread 0x00000247992898e0 flushing  nmethod 0x000002478332c090
Event: 23.052 Thread 0x00000247992898e0 flushing  nmethod 0x000002478332cf10
Event: 23.052 Thread 0x00000247992898e0 flushing  nmethod 0x000002478332df90
Event: 23.052 Thread 0x00000247992898e0 flushing  nmethod 0x000002478332fe90

Events (19 events):
Event: 0.009 Thread 0x00000247f7de9b80 Thread added: 0x00000247f7de9b80
Event: 0.030 Thread 0x00000247f7de9b80 Thread added: 0x00000247992d7210
Event: 0.033 Thread 0x00000247f7de9b80 Thread added: 0x00000247992d8ee0
Event: 0.033 Thread 0x00000247f7de9b80 Thread added: 0x00000247992da420
Event: 0.033 Thread 0x00000247f7de9b80 Thread added: 0x000002479930a890
Event: 0.033 Thread 0x00000247f7de9b80 Thread added: 0x0000024799308220
Event: 0.033 Thread 0x00000247f7de9b80 Thread added: 0x0000024799308c80
Event: 0.033 Thread 0x00000247f7de9b80 Thread added: 0x00000247993096e0
Event: 0.033 Thread 0x00000247f7de9b80 Thread added: 0x00000247992f1110
Event: 0.033 Thread 0x00000247f7de9b80 Thread added: 0x00000247992f6cd0
Event: 0.063 Thread 0x00000247f7de9b80 Thread added: 0x00000247994d7bb0
Event: 0.071 Loaded shared library C:\Apps\Android Studio\jbr\bin\net.dll
Event: 0.073 Loaded shared library C:\Apps\Android Studio\jbr\bin\nio.dll
Event: 0.086 Thread 0x00000247992f1110 Thread added: 0x0000024799550ff0
Event: 0.086 Thread 0x00000247992f1110 Thread added: 0x00000247995516a0
Event: 0.092 Loaded shared library C:\Apps\Android Studio\jbr\bin\zip.dll
Event: 0.109 Loaded shared library C:\Apps\Android Studio\jbr\bin\jimage.dll
Event: 3.369 Thread 0x00000247995516a0 Thread exited: 0x00000247995516a0
Event: 3.438 Thread 0x00000247992f6cd0 Thread added: 0x00000247a2ff5770


Dynamic libraries:
0x00007ff6e57d0000 - 0x00007ff6e57da000 	C:\Apps\Android Studio\jbr\bin\java.exe
0x00007ff9c6f20000 - 0x00007ff9c7186000 	C:\WINDOWS\SYSTEM32\ntdll.dll
0x00007ff9c5d80000 - 0x00007ff9c5e47000 	C:\WINDOWS\System32\KERNEL32.DLL
0x00007ff9c44f0000 - 0x00007ff9c48bb000 	C:\WINDOWS\System32\KERNELBASE.dll
0x00007ff9c4220000 - 0x00007ff9c436b000 	C:\WINDOWS\System32\ucrtbase.dll
0x00007ff9a69c0000 - 0x00007ff9a69db000 	C:\Apps\Android Studio\jbr\bin\VCRUNTIME140.dll
0x00007ff9b5550000 - 0x00007ff9b5568000 	C:\Apps\Android Studio\jbr\bin\jli.dll
0x00007ff9c4d00000 - 0x00007ff9c4ecc000 	C:\WINDOWS\System32\USER32.dll
0x00007ff9c4c10000 - 0x00007ff9c4c37000 	C:\WINDOWS\System32\win32u.dll
0x00007ff9c60f0000 - 0x00007ff9c611b000 	C:\WINDOWS\System32\GDI32.dll
0x00007ff9ac360000 - 0x00007ff9ac5f7000 	C:\WINDOWS\WinSxS\amd64_microsoft.windows.common-controls_6595b64144ccf1df_6.0.26100.5516_none_3e073f78e335730c\COMCTL32.dll
0x00007ff9c48c0000 - 0x00007ff9c49f1000 	C:\WINDOWS\System32\gdi32full.dll
0x00007ff9c52d0000 - 0x00007ff9c5379000 	C:\WINDOWS\System32\msvcrt.dll
0x00007ff9c4170000 - 0x00007ff9c4213000 	C:\WINDOWS\System32\msvcp_win.dll
0x00007ff9c5e50000 - 0x00007ff9c5e7f000 	C:\WINDOWS\System32\IMM32.DLL
0x00007ff993ae0000 - 0x00007ff993aec000 	C:\Apps\Android Studio\jbr\bin\vcruntime140_1.dll
0x00007ff99b1e0000 - 0x00007ff99b26d000 	C:\Apps\Android Studio\jbr\bin\msvcp140.dll
0x00007ff936cc0000 - 0x00007ff937956000 	C:\Apps\Android Studio\jbr\bin\server\jvm.dll
0x00007ff9c54a0000 - 0x00007ff9c5552000 	C:\WINDOWS\System32\ADVAPI32.dll
0x00007ff9c56e0000 - 0x00007ff9c5786000 	C:\WINDOWS\System32\sechost.dll
0x00007ff9c5380000 - 0x00007ff9c5495000 	C:\WINDOWS\System32\RPCRT4.dll
0x00007ff9c6070000 - 0x00007ff9c60e4000 	C:\WINDOWS\System32\WS2_32.dll
0x00007ff9c3db0000 - 0x00007ff9c3e0e000 	C:\WINDOWS\SYSTEM32\POWRPROF.dll
0x00007ff9b96f0000 - 0x00007ff9b9726000 	C:\WINDOWS\SYSTEM32\WINMM.dll
0x00007ff9b70c0000 - 0x00007ff9b70cb000 	C:\WINDOWS\SYSTEM32\VERSION.dll
0x00007ff9c3d90000 - 0x00007ff9c3da4000 	C:\WINDOWS\SYSTEM32\UMPDC.dll
0x00007ff9c2ed0000 - 0x00007ff9c2eea000 	C:\WINDOWS\SYSTEM32\kernel.appcore.dll
0x00007ff977fd0000 - 0x00007ff977fda000 	C:\Apps\Android Studio\jbr\bin\jimage.dll
0x00007ff9b7270000 - 0x00007ff9b74b1000 	C:\WINDOWS\SYSTEM32\DBGHELP.DLL
0x00007ff9c6250000 - 0x00007ff9c65d3000 	C:\WINDOWS\System32\combase.dll
0x00007ff9c5170000 - 0x00007ff9c5246000 	C:\WINDOWS\System32\OLEAUT32.dll
0x00007ff9ab5f0000 - 0x00007ff9ab629000 	C:\WINDOWS\SYSTEM32\dbgcore.DLL
0x00007ff9c40d0000 - 0x00007ff9c4169000 	C:\WINDOWS\System32\bcryptPrimitives.dll
0x00007ff96ada0000 - 0x00007ff96adc0000 	C:\Apps\Android Studio\jbr\bin\java.dll
0x00007ff96ad80000 - 0x00007ff96ad98000 	C:\Apps\Android Studio\jbr\bin\zip.dll
0x00007ff9c6670000 - 0x00007ff9c6d9a000 	C:\WINDOWS\System32\SHELL32.dll
0x00007ff9c4a90000 - 0x00007ff9c4c04000 	C:\WINDOWS\System32\wintypes.dll
0x00007ff9c1d90000 - 0x00007ff9c25e2000 	C:\WINDOWS\SYSTEM32\windows.storage.dll
0x00007ff9c5c80000 - 0x00007ff9c5d6e000 	C:\WINDOWS\System32\SHCORE.dll
0x00007ff9c6da0000 - 0x00007ff9c6e06000 	C:\WINDOWS\System32\shlwapi.dll
0x00007ff9c3fe0000 - 0x00007ff9c400f000 	C:\WINDOWS\SYSTEM32\profapi.dll
0x00007ff977fc0000 - 0x00007ff977fd0000 	C:\Apps\Android Studio\jbr\bin\net.dll
0x00007ff9bcf50000 - 0x00007ff9bd06e000 	C:\WINDOWS\SYSTEM32\WINHTTP.dll
0x00007ff9c33d0000 - 0x00007ff9c343a000 	C:\WINDOWS\system32\mswsock.dll
0x00007ff96a7f0000 - 0x00007ff96a806000 	C:\Apps\Android Studio\jbr\bin\nio.dll
0x00007ff9be220000 - 0x00007ff9be230000 	C:\Apps\Android Studio\jbr\bin\verify.dll

JVMTI agents: none

dbghelp: loaded successfully - version: 4.0.5 - missing functions: none
symbol engine: initialized successfully - sym options: 0x614 - pdb path: .;C:\Apps\Android Studio\jbr\bin;C:\WINDOWS\SYSTEM32;C:\WINDOWS\WinSxS\amd64_microsoft.windows.common-controls_6595b64144ccf1df_6.0.26100.5516_none_3e073f78e335730c;C:\Apps\Android Studio\jbr\bin\server

VM Arguments:
java_command: org.jetbrains.kotlin.cli.jvm.K2JVMCompiler @C:\Users\Administrator\Desktop\Android Studio\Antigravity\Anikku\anikku\app\build\20260225_4571541921110164582.compiler.options
java_class_path (initial): C:\Users\Administrator\.gradle\caches\modules-2\files-2.1\org.jetbrains.kotlin\kotlin-compiler-embeddable\2.1.20\4ef56b3316798316bfac7a0ae443391c9e900ea1\kotlin-compiler-embeddable-2.1.20.jar;C:\Users\Administrator\.gradle\caches\modules-2\files-2.1\org.jetbrains.kotlin\kotlin-stdlib\2.1.20\aa8ca79cd50578314f6d1180c47cbe14c0fee567\kotlin-stdlib-2.1.20.jar;C:\Users\Administrator\.gradle\caches\modules-2\files-2.1\org.jetbrains.kotlin\kotlin-script-runtime\2.1.20\f7c623d7f7bdb01f5ccd6b437bc0a937fcd7c57e\kotlin-script-runtime-2.1.20.jar;C:\Users\Administrator\.gradle\caches\modules-2\files-2.1\org.jetbrains.kotlin\kotlin-reflect\1.6.10\1cbe9c92c12a94eea200d23c2bbaedaf3daf5132\kotlin-reflect-1.6.10.jar;C:\Users\Administrator\.gradle\caches\modules-2\files-2.1\org.jetbrains.kotlin\kotlin-daemon-embeddable\2.1.20\95670fce77befd02a70a0bc3abe8ee4533521334\kotlin-daemon-embeddable-2.1.20.jar;C:\Users\Administrator\.gradle\caches\modules-2\files-2.1\org.jetbrains.intellij.deps\trove4j\1.0.20200330\3afb14d5f9ceb459d724e907a21145e8ff394f02\trove4j-1.0.20200330.jar;C:\Users\Administrator\.gradle\caches\modules-2\files-2.1\org.jetbrains.kotlinx\kotlinx-coroutines-core-jvm\1.8.0\ac1dc37a30a93150b704022f8d895ee1bd3a36b3\kotlinx-coroutines-core-jvm-1.8.0.jar;C:\Users\Administrator\.gradle\caches\modules-2\files-2.1\org.jetbrains\annotations\13.0\919f0dfe192fb4e063e7dacadee7f8bb9a2672a9\annotations-13.0.jar
Launcher Type: SUN_STANDARD

[Global flags]
     intx CICompilerCount                          = 4                                         {product} {ergonomic}
     uint ConcGCThreads                            = 3                                         {product} {ergonomic}
     uint G1ConcRefinementThreads                  = 10                                        {product} {ergonomic}
   size_t G1HeapRegionSize                         = 4194304                                   {product} {ergonomic}
    uintx GCDrainStackTargetSize                   = 64                                        {product} {ergonomic}
   size_t InitialHeapSize                          = 524288000                                 {product} {ergonomic}
   size_t MarkStackSize                            = 4194304                                   {product} {ergonomic}
   size_t MaxHeapSize                              = 8367636480                                {product} {ergonomic}
   size_t MaxNewSize                               = 5020581888                                {product} {ergonomic}
   size_t MinHeapDeltaBytes                        = 4194304                                   {product} {ergonomic}
   size_t MinHeapSize                              = 8388608                                   {product} {ergonomic}
    uintx NonNMethodCodeHeapSize                   = 5839372                                {pd product} {ergonomic}
    uintx NonProfiledCodeHeapSize                  = 122909434                              {pd product} {ergonomic}
    uintx ProfiledCodeHeapSize                     = 122909434                              {pd product} {ergonomic}
    uintx ReservedCodeCacheSize                    = 251658240                              {pd product} {ergonomic}
     bool SegmentedCodeCache                       = true                                      {product} {ergonomic}
   size_t SoftMaxHeapSize                          = 8367636480                             {manageable} {ergonomic}
     bool UseCompressedOops                        = true                           {product lp64_product} {ergonomic}
     bool UseG1GC                                  = true                                      {product} {ergonomic}
     bool UseLargePagesIndividualAllocation        = false                                  {pd product} {ergonomic}

Logging:
Log output configuration:
 #0: stdout all=warning uptime,level,tags foldmultilines=false
 #1: stderr all=off uptime,level,tags foldmultilines=false

Environment Variables:
PATH=C:\Program Files\Zulu\zulu-21\bin\;C:\Program Files (x86)\Common Files\Oracle\Java\java8path;C:\Program Files (x86)\Common Files\Oracle\Java\javapath;C:\Program Files (x86)\Razer Chroma SDK\bin;C:\Program Files\Razer Chroma SDK\bin;C:\Program Files (x86)\Razer\ChromaBroadcast\bin;C:\Program Files\Razer\ChromaBroadcast\bin;C:\Program Files (x86)\Common Files\Intel\Shared Libraries\redist\intel64\compiler;C:\WINDOWS\system32;C:\WINDOWS;C:\WINDOWS\System32\Wbem;C:\WINDOWS\System32\WindowsPowerShell\v1.0\;C:\WINDOWS\System32\OpenSSH\;C:\Program Files\dotnet\;C:\WINDOWS\system32\config\systemprofile\AppData\Local\Microsoft\WindowsApps;C:\Users\Administrator\AppData\Local\Programs\Python\Launcher\;C:\Users\Administrator\AppData\Local\Microsoft\WindowsApps;C:\Users\Administrator\AppData\Roaming\npm;C:\Users\Administrator\AppData\Local\Programs\Microsoft VS Code\bin;C:\WINDOWS\system32;C:\WINDOWS;C:\WINDOWS\System32\Wbem;C:\WINDOWS\System32\WindowsPowerShell\v1.0\;C:\WINDOWS\System32\OpenSSH\;C:\Program Files\Calibre2\;C:\Program Files\Git\cmd;C:\Program Files\PowerShell\7\;C:\Program Files\ffmpeg-8.0.1-essentials_build\ffmpeg-8.0.1-essentials_build\bin;C:\Program Files\nodejs\;C:\ProgramData\chocolatey\bin;C:\Users\Administrator\.local\bin;C:\Users\Administrator\AppData\Local\Programs\Python\Python313\Scripts\;C:\Users\Administrator\AppData\Local\Programs\Python\Python313\;C:\Users\Administrator\AppData\Local\Microsoft\WindowsApps;C:\Users\Administrator\AppData\Local\Programs\Microsoft VS Code\bin;C:\Users\Administrator\AppData\Local\Muse Hub\lib;C:\Users\Administrator\.lmstudio\bin;C:\Users\Administrator\AppData\Local\spicetify;C:\Users\Administrator\AppData\Roaming\npm;C:\Users\Administrator\AppData\Local\Programs\Antigravity\bin;C:\Users\Administrator\AppData\Local\GitHubDesktop\bin
USERNAME=Administrator
OS=Windows_NT
PROCESSOR_IDENTIFIER=AMD64 Family 25 Model 97 Stepping 2, AuthenticAMD
TMP=C:\Users\ADMINI~1\AppData\Local\Temp
TEMP=C:\Users\ADMINI~1\AppData\Local\Temp




Periodic native trim disabled

JNI global refs:
JNI global refs: 14, weak refs: 21

JNI global refs memory usage: 835, weak refs: 833

Process memory usage:
Resident Set Size: 1401176K (4% of 32679296K total physical memory with 4376444K free physical memory)

OOME stack traces (most recent first):
Classloader memory used:
Loader jdk.internal.loader.ClassLoaders$AppClassLoader                                 : 73026K
Loader bootstrap                                                                       : 11752K
Loader java.net.URLClassLoader                                                         : 1156K

---------------  S Y S T E M  ---------------

OS:
 Windows 11 , 64 bit Build 26100 (10.0.26100.5514)
OS uptime: 0 days 0:50 hours
Hyper-V role detected

CPU: total 12 (initial active 12) (12 cores per cpu, 2 threads per core) family 25 model 97 stepping 2 microcode 0xa60120c, cx8, cmov, fxsr, ht, mmx, 3dnowpref, sse, sse2, sse3, ssse3, sse4a, sse4.1, sse4.2, popcnt, lzcnt, tsc, tscinvbit, avx, avx2, aes, erms, clmul, bmi1, bmi2, adx, avx512f, avx512dq, avx512cd, avx512bw, avx512vl, sha, fma, vzeroupper, avx512_vpopcntdq, avx512_vpclmulqdq, avx512_vaes, avx512_vnni, clflush, clflushopt, avx512_vbmi2, avx512_vbmi, hv, rdtscp, rdpid, fsrm, gfni, avx512_bitalg, f16c, cet_ss, avx512_ifma
Processor Information for the first 12 processors :
  Max Mhz: 4701, Current Mhz: 4701, Mhz Limit: 4701

Memory: 4k page, system-wide physical 31913M (4273M free)
TotalPageFile size 31913M (AvailPageFile size 19M)
current process WorkingSet (physical memory assigned to process): 1368M, peak: 1368M
current process commit charge ("private bytes"): 1406M, peak: 1409M

vm_info: OpenJDK 64-Bit Server VM (21.0.8+-14196175-b1038.72) for windows-amd64 JRE (21.0.8+-14196175-b1038.72), built on 2025-10-01T10:24:33Z by "builder" with MS VC++ 16.10 / 16.11 (VS2019)

END.
